Archive member included to satisfy reference by file (symbol)

lib/libbootloader.a(boot_platform_8910.c.obj)
                              (--whole-archive)
lib/libbootloader.a(boot_secure.c.obj)
                              (--whole-archive)
lib/libbootloader.a(boot_entry_v7a.S.obj)
                              (--whole-archive)
lib/libbootloader.a(boot_sffs_port.c.obj)
                              (--whole-archive)
lib/libbootloader.a(boot_stub.c.obj)
                              (--whole-archive)
lib/libbootloader.a(boot_delay.c.obj)
                              (--whole-archive)
lib/libbootloader.a(boot_mem.c.obj)
                              (--whole-archive)
lib/libbootloader.a(boot_spi_flash.c.obj)
                              (--whole-archive)
lib/libbootloader.a(boot_debuguart.c.obj)
                              (--whole-archive)
lib/libbootloader.a(boot_trace.c.obj)
                              (--whole-archive)
lib/libbootloader.a(boot_fdl.c.obj)
                              (--whole-archive)
lib/libbootloader.a(boot_fdl_dnld.c.obj)
                              (--whole-archive)
lib/libbootloader.a(boot_aes.c.obj)
                              (--whole-archive)
lib/libbootloader.a(boot_vfs.c.obj)
                              (--whole-archive)
lib/libbootloader.a(boot_irq.c.obj)
                              (--whole-archive)
lib/libbootloader.a(boot_timer.c.obj)
                              (--whole-archive)
lib/libbootloader.a(boot_uart.c.obj)
                              (--whole-archive)
lib/libbootloader.a(boot_uart_cmn.c.obj)
                              (--whole-archive)
lib/libbootloader.a(boot_mmu.c.obj)
                              (--whole-archive)
lib/libbootloader.a(boot_uimage.c.obj)
                              (--whole-archive)
lib/libbootloader.a(boot_udc.c.obj)
                              (--whole-archive)
lib/libbootloader.a(boot_usb_fdl_channel.c.obj)
                              (--whole-archive)
lib/libbootloader.a(boot_pdl.c.obj)
                              (--whole-archive)
lib/libbootloader.a(boot_pdl_uimage.c.obj)
                              (--whole-archive)
lib/libbootloader.a(quec_boot_fota.c.obj)
                              (--whole-archive)
lib/libbootloader.a(quec_boot_uart.c.obj)
                              (--whole-archive)
lib/libbootloader.a(quec_boot_pin_index.c.obj)
                              (--whole-archive)
lib/libhal.a(hal_clock_init.c.obj)
                              components/bootloader/CMakeFiles/fdl1.dir/fdl1/fdl1_main.c.obj (halClockInit)
lib/libhal.a(hal_chip_8910.c.obj)
                              lib/libbootloader.a(boot_usb_fdl_channel.c.obj) (osiDCacheClean)
lib/libhal.a(hal_pmu_8910.c.obj)
                              lib/libbootloader.a(boot_fdl_dnld.c.obj) (halPmuExtFlashPowerOn)
lib/libhal.a(hal_efuse_8910.c.obj)
                              lib/libbootloader.a(boot_secure.c.obj) (halEfuseOpen)
lib/libhal.a(hal_delay.c.obj)
                              components/bootloader/CMakeFiles/fdl1.dir/fdl1/fdl1_main.c.obj (osiDelayUS)
lib/libhal.a(hal_iomux.c.obj)
                              lib/libhal.a(hal_chip_8910.c.obj) (halIomuxSetFunction)
lib/libhal.a(hal_reg_apply.c.obj)
                              lib/libhal.a(hal_clock_init.c.obj) (halApplyRegisters)
lib/libhal.a(hal_chip.c.obj)  lib/libbootloader.a(boot_uart.c.obj) (halCalcDivider20)
lib/libhal.a(hal_adi_bus.c.obj)
                              components/bootloader/CMakeFiles/fdl1.dir/fdl1/fdl1_main.c.obj (halAdiBusInit)
lib/libhal.a(hal_hwspinlock.c.obj)
                              lib/libhal.a(hal_efuse_8910.c.obj) (halHwspinlockAcquire)
lib/libhal.a(hal_spi_flash.c.obj)
                              lib/libbootloader.a(boot_spi_flash.c.obj) (halSpiFlashPageProgram)
lib/libhal.a(hal_blue_screen.c.obj)
                              lib/libbootloader.a(boot_platform_8910.c.obj) (halBlueScreenSaveContext)
lib/libosi_lib.a(osi_log.c.obj)
                              components/bootloader/CMakeFiles/fdl1.dir/fdl1/fdl1_main.c.obj (osiTraceBasic)
lib/libosi_lib.a(osi_fifo.c.obj)
                              lib/libbootloader.a(boot_usb_fdl_channel.c.obj) (osiFifoInit)
../../components/newlib/armca5/libc.a(lib_a-impure.o)
                              components/bootloader/CMakeFiles/fdl1.dir/fdl1/fdl1_main.c.obj (_global_impure_ptr)
../../components/newlib/armca5/libc.a(lib_a-memcmp.o)
                              lib/libbootloader.a(boot_secure.c.obj) (memcmp)
../../components/newlib/armca5/libc.a(lib_a-memcpy-stub.o)
                              components/bootloader/CMakeFiles/fdl1.dir/fdl1/fdl1_main.c.obj (memcpy)
../../components/newlib/armca5/libc.a(lib_a-memset.o)
                              components/bootloader/CMakeFiles/fdl1.dir/fdl1/fdl1_main.c.obj (memset)
../../components/newlib/armca5/libc.a(lib_a-snprintf.o)
                              lib/libhal.a(hal_blue_screen.c.obj) (snprintf)
[...]
Memory Configuration

Name             Origin             Length             Attributes
sram             0x0000000000800100 0x000000000000ff00 xrw
*default*        0x0000000000000000 0xffffffffffffffff

Linker script and memory map

LOAD components/bootloader/CMakeFiles/fdl1.dir/fdl1/fdl1_main.c.obj
LOAD lib/libbootloader.a
START GROUP
LOAD lib/libhal.a
LOAD lib/libosi_lib.a
END GROUP
LOAD ../../components/newlib/armca5/libc.a
LOAD ../../prebuilts/linux/gcc-arm-none-eabi/bin/../lib/gcc/arm-none-eabi/7.2.1/thumb/v7-ar/fpv3/hard/libgcc.a
LOAD ../../components/libs/boot_encrypt/libboot_encrypt.a
LOAD lib/libcalclib.a
LOAD lib/libdriver.a

.text           0x0000000000800100     0x2ba0
                0x0000000000800100                __text_start = .
 *(BOOT_ENTRY)
 BOOT_ENTRY     0x0000000000800100      0x184 lib/libbootloader.a(boot_entry_v7a.S.obj)
                0x00000000008001b0                bootEntry
                0x000000000080021c                bootJumpImageEntry
 SORT_BY_NAME(*)(.sramboottext .sramboottext.*)
 .sramboottext  0x0000000000800284       0x64 lib/libhal.a(hal_delay.c.obj)
                0x0000000000800284                osiDelayLoops
                0x0000000000800290                osiDelayUS
                0x00000000008002b0                osiDebugEvent
                0x00000000008002dc                osiHWTick16K
 .sramboottext  0x00000000008002e8       0x56 lib/libhal.a(hal_reg_apply.c.obj)
                0x00000000008002e8                halApplyRegisters
                0x000000000080031a                halApplyRegisterList
 SORT_BY_NAME(*)(.sramtext .sramtext.*)
 .sramtext      0x000000000080033e       0x1e lib/libhal.a(hal_chip_8910.c.obj)
                0x000000000080033e                uxPortSetInterruptMaskFromISR
                0x000000000080033e                vPortDisableInterrupts
                0x000000000080033e                uxPortEnterCritical
                0x000000000080033e                osiEnterCritical
                0x000000000080033e                osiIrqSave
                0x000000000080034e                vPortExitCritical
                0x000000000080034e                osiIrqRestore
                0x000000000080034e                osiExitCritical
                0x000000000080034e                vPortClearInterruptMaskFromISR
 SORT_BY_NAME(*)(.ramtext .ramtext.*)
 .ramtext.osi_log.423
                0x000000000080035c       0xa8 lib/libosi_lib.a(osi_log.c.obj)
 .ramtext.osi_log.518
                0x0000000000800404       0x24 lib/libosi_lib.a(osi_log.c.obj)
                0x0000000000800404                osiTraceBasic
 SORT_BY_NAME(*)(.text .text.* .gnu.linkonce.t.* .rdata .rodata .rodata.* .rodata1 .gnu.linkonce.r.*)
 .rodata._global_impure_ptr
                0x0000000000800428        0x4 ../../components/newlib/armca5/libc.a(lib_a-impure.o)
                0x0000000000800428                _global_impure_ptr
 .text.memcmp   0x000000000080042c       0x5c ../../components/newlib/armca5/libc.a(lib_a-memcmp.o)
                0x000000000080042c                memcmp
 .text.memcpy   0x0000000000800488       0xc8 ../../components/newlib/armca5/libc.a(lib_a-memcpy-stub.o)
                0x0000000000800488                memcpy
 .text.memset   0x0000000000800550       0xa8 ../../components/newlib/armca5/libc.a(lib_a-memset.o)
                0x0000000000800550                memset
 *fill*         0x00000000008005f8        0x8 
 .text          0x0000000000800600       0xdc ../../components/newlib/armca5/libc.a(lib_a-strlen.o)
                0x0000000000800600                strlen
 .text          0x00000000008006dc        0x4 ../../prebuilts/linux/gcc-arm-none-eabi/bin/../lib/gcc/arm-none-eabi/7.2.1/thumb/v7-ar/fpv3/hard/libgcc.a(_dvmd_tls.o)
                0x00000000008006dc                __aeabi_ldiv0
                0x00000000008006dc                __aeabi_idiv0
 .text          0x00000000008006e0      0x278 ../../prebuilts/linux/gcc-arm-none-eabi/bin/../lib/gcc/arm-none-eabi/7.2.1/thumb/v7-ar/fpv3/hard/libgcc.a(_udivsi3.o)
                0x00000000008006e0                __udivsi3
                0x00000000008006e0                __aeabi_uidiv
                0x000000000080093c                __aeabi_uidivmod
 .text.prvProcess
                0x0000000000800958      0x1a4 components/bootloader/CMakeFiles/fdl1.dir/fdl1/fdl1_main.c.obj
 .text.bootStart
                0x0000000000800afc      0x1ec components/bootloader/CMakeFiles/fdl1.dir/fdl1/fdl1_main.c.obj
                0x0000000000800afc                bootStart
 .rodata.bootStart.str1.1
                0x0000000000800ce8       0x78 components/bootloader/CMakeFiles/fdl1.dir/fdl1/fdl1_main.c.obj
 .rodata.prvProcess.str1.1
                0x0000000000800d60       0xf0 components/bootloader/CMakeFiles/fdl1.dir/fdl1/fdl1_main.c.obj
 .text.bootDebuguartInit
                0x0000000000800e50       0x3c lib/libbootloader.a(boot_debuguart.c.obj)
                0x0000000000800e50                bootDebuguartInit
 .text.bootDebuguartWrite
                0x0000000000800e8c       0x34 lib/libbootloader.a(boot_debuguart.c.obj)
                0x0000000000800e8c                bootDebuguartWrite
 .text.bootDebuguartWriteAll
                0x0000000000800ec0       0x2e lib/libbootloader.a(boot_debuguart.c.obj)
                0x0000000000800ec0                bootDebuguartWriteAll
 .text.bootPanic
                0x0000000000800eee        0x2 lib/libbootloader.a(boot_delay.c.obj)
                0x0000000000800eee                bootPanic
                0x0000000000800eee                osiPanic
 .text.bootElapsedTimerStart
                0x0000000000800ef0       0x10 lib/libbootloader.a(boot_delay.c.obj)
                0x0000000000800ef0                bootElapsedTimerStart
                0x0000000000800ef0                osiElapsedTimerStart
 .text.bootElapsedTimeUS
                0x0000000000800f00       0x14 lib/libbootloader.a(boot_delay.c.obj)
                0x0000000000800f00                osiElapsedTimeUS
                0x0000000000800f00                bootElapsedTimeUS
 .text._fdl_read.isra.1
                0x0000000000800f14       0x2e lib/libbootloader.a(boot_fdl.c.obj)
 .text._fdl_write_all.isra.2
                0x0000000000800f42       0x1c lib/libbootloader.a(boot_fdl.c.obj)
 .text._calc_crc16_frm
                0x0000000000800f5e       0x4e lib/libbootloader.a(boot_fdl.c.obj)
                0x0000000000800f5e                _calc_crc16_frm
 .text.fdlEngineCreate
                0x0000000000800fac       0x34 lib/libbootloader.a(boot_fdl.c.obj)
                0x0000000000800fac                fdlEngineCreate
 .text.fdlEngineReadRaw
                0x0000000000800fe0        0xe lib/libbootloader.a(boot_fdl.c.obj)
                0x0000000000800fe0                fdlEngineReadRaw
 .text.fdlEngineSendPacket
                0x0000000000800fee      0x114 lib/libbootloader.a(boot_fdl.c.obj)
                0x0000000000800fee                fdlEngineSendPacket
 *fill*         0x0000000000801102        0x2 
 .text.fdlEngineSendVersion
                0x0000000000801104       0x40 lib/libbootloader.a(boot_fdl.c.obj)
                0x0000000000801104                fdlEngineSendVersion
 .text.fdlEngineSendRespNoData
                0x0000000000801144       0x1a lib/libbootloader.a(boot_fdl.c.obj)
                0x0000000000801144                fdlEngineSendRespNoData
 .text.fdlEngineSetBaud
                0x000000000080115e        0xa lib/libbootloader.a(boot_fdl.c.obj)
                0x000000000080115e                fdlEngineSetBaud
 .text.fdlEngineProcess
                0x0000000000801168      0x178 lib/libbootloader.a(boot_fdl.c.obj)
                0x0000000000801168                fdlEngineProcess
 .rodata.fdlEngineCreate.str1.1
                0x00000000008012e0       0x23 lib/libbootloader.a(boot_fdl.c.obj)
 .rodata.fdlEngineProcess.str1.1
                0x0000000000801303       0x7e lib/libbootloader.a(boot_fdl.c.obj)
 .rodata.fdlEngineSendVersion.str1.1
                0x0000000000801381       0x22 lib/libbootloader.a(boot_fdl.c.obj)
 *fill*         0x00000000008013a3        0x1 
 .text.bootIrqHandler
                0x00000000008013a4       0x1c lib/libbootloader.a(boot_irq.c.obj)
                0x00000000008013a4                bootIrqHandler
 .text._heap_malloc
                0x00000000008013c0       0x38 lib/libbootloader.a(boot_mem.c.obj)
 .text._heap_calloc
                0x00000000008013f8       0x26 lib/libbootloader.a(boot_mem.c.obj)
 .text._heap_free
                0x000000000080141e       0x76 lib/libbootloader.a(boot_mem.c.obj)
 .text.bootHeapInit
                0x0000000000801494       0x48 lib/libbootloader.a(boot_mem.c.obj)
                0x0000000000801494                bootHeapInit
 .text.bootFree
                0x00000000008014dc       0x38 lib/libbootloader.a(boot_mem.c.obj)
                0x00000000008014dc                bootFree
 .text.malloc   0x0000000000801514       0x10 lib/libbootloader.a(boot_mem.c.obj)
                0x0000000000801514                malloc
 .text.calloc   0x0000000000801524       0x10 lib/libbootloader.a(boot_mem.c.obj)
                0x0000000000801524                calloc
 .text.free     0x0000000000801534        0x4 lib/libbootloader.a(boot_mem.c.obj)
                0x0000000000801534                free
 .text.bootResetPinEnable
                0x0000000000801538       0x48 lib/libbootloader.a(boot_platform_8910.c.obj)
                0x0000000000801538                bootResetPinEnable
 .text.bootBlueScreen
                0x0000000000801580        0xc lib/libbootloader.a(boot_platform_8910.c.obj)
                0x0000000000801580                bootBlueScreen
 .text.prvRomHashInit
                0x000000000080158c       0x10 lib/libbootloader.a(boot_secure.c.obj)
 .text.prvRomHashUpdate
                0x000000000080159c        0xc lib/libbootloader.a(boot_secure.c.obj)
 .text.prvSecureInit
                0x00000000008015a8       0x8c lib/libbootloader.a(boot_secure.c.obj)
 .text.prvEmbeddedSigCheck
                0x0000000000801634      0x100 lib/libbootloader.a(boot_secure.c.obj)
 .text.bootSecureBootEnable
                0x0000000000801734       0x28 lib/libbootloader.a(boot_secure.c.obj)
                0x0000000000801734                bootSecureBootEnable
 .text.bootSecureUimageSigCheck
                0x000000000080175c       0x22 lib/libbootloader.a(boot_secure.c.obj)
                0x000000000080175c                bootSecureUimageSigCheck
 .rodata.prvEmbeddedSigCheck.str1.1
                0x000000000080177e       0x10 lib/libbootloader.a(boot_secure.c.obj)
 *fill*         0x000000000080178e        0x2 
 .text.osiPmSourceCreate
                0x0000000000801790        0x8 lib/libbootloader.a(boot_stub.c.obj)
                0x0000000000801790                osiPmSourceCreate
 .text.bootTimerISR
                0x0000000000801798       0x1c lib/libbootloader.a(boot_timer.c.obj)
                0x0000000000801798                bootTimerISR
 .text.bootTraceInit
                0x00000000008017b4       0x18 lib/libbootloader.a(boot_trace.c.obj)
                0x00000000008017b4                bootTraceInit
 .text.bootTraceBufPutMulti
                0x00000000008017cc       0x22 lib/libbootloader.a(boot_trace.c.obj)
                0x00000000008017cc                osiTraceBufPutMulti
                0x00000000008017cc                bootTraceBufPutMulti
 .text.prvUartAvail
                0x00000000008017ee        0xa lib/libbootloader.a(boot_uart.c.obj)
 .text.prvUartFlush
                0x00000000008017f8        0x2 lib/libbootloader.a(boot_uart.c.obj)
 .text.prvUartConnected
                0x00000000008017fa        0x4 lib/libbootloader.a(boot_uart.c.obj)
 .text.prvUartDestroy
                0x00000000008017fe        0x4 lib/libbootloader.a(boot_uart.c.obj)
 .text.prvUartBaudSupported
                0x0000000000801802        0x4 lib/libbootloader.a(boot_uart.c.obj)
 *fill*         0x0000000000801806        0x2 
 .text.bootUartSetBaud
                0x0000000000801808       0x18 lib/libbootloader.a(boot_uart.c.obj)
                0x0000000000801808                bootUartSetBaud
 .text.bootUartOpen
                0x0000000000801820       0x94 lib/libbootloader.a(boot_uart.c.obj)
                0x0000000000801820                bootUartOpen
 .text.prvUartSetBaud
                0x00000000008018b4        0x6 lib/libbootloader.a(boot_uart.c.obj)
 .text.bootUartRead
                0x00000000008018ba       0x24 lib/libbootloader.a(boot_uart.c.obj)
                0x00000000008018ba                bootUartRead
 .text.prvUartFlushInput
                0x00000000008018de       0x18 lib/libbootloader.a(boot_uart.c.obj)
 .text.prvUartRead
                0x00000000008018f6        0x6 lib/libbootloader.a(boot_uart.c.obj)
 .text.bootUartWrite
                0x00000000008018fc       0x2e lib/libbootloader.a(boot_uart.c.obj)
                0x00000000008018fc                bootUartWrite
 .text.prvUartWrite
                0x000000000080192a        0x6 lib/libbootloader.a(boot_uart.c.obj)
                0x000000000080192a                prvUartWrite
 .text.fdlOpenUart
                0x0000000000801930       0x70 lib/libbootloader.a(boot_uart.c.obj)
                0x0000000000801930                fdlOpenUart
 .text._giveBackComplete.isra.1
                0x00000000008019a0       0x1e lib/libbootloader.a(boot_udc.c.obj)
 *fill*         0x00000000008019be        0x2 
 .text._epXferStart
                0x00000000008019c0      0x140 lib/libbootloader.a(boot_udc.c.obj)
 .text._txFifoFlush.isra.4
                0x0000000000801b00       0x18 lib/libbootloader.a(boot_udc.c.obj)
 .text._epIsr   0x0000000000801b18      0x18c lib/libbootloader.a(boot_udc.c.obj)
 .text._initUdcCommonConfig.constprop.8
                0x0000000000801ca4       0x78 lib/libbootloader.a(boot_udc.c.obj)
 .text._setHwEpMps.isra.0.constprop.9
                0x0000000000801d1c       0x2e lib/libbootloader.a(boot_udc.c.obj)
 *fill*         0x0000000000801d4a        0x2 
 .text.bootUdcOpen
                0x0000000000801d4c       0xa0 lib/libbootloader.a(boot_udc.c.obj)
                0x0000000000801d4c                bootUdcOpen
 .text.bootUdcClose
                0x0000000000801dec        0x2 lib/libbootloader.a(boot_udc.c.obj)
                0x0000000000801dec                bootUdcClose
 .text.bootUdcConnected
                0x0000000000801dee       0x18 lib/libbootloader.a(boot_udc.c.obj)
                0x0000000000801dee                bootUdcConnected
 *fill*         0x0000000000801e06        0x2 
 .text.bootUdcIsrPoll
                0x0000000000801e08       0xd4 lib/libbootloader.a(boot_udc.c.obj)
                0x0000000000801e08                bootUdcIsrPoll
 .text.bootUdcXferEnqueue
                0x0000000000801edc       0xa0 lib/libbootloader.a(boot_udc.c.obj)
                0x0000000000801edc                bootUdcXferEnqueue
 .text.bootUdcXferAlloc
                0x0000000000801f7c       0x24 lib/libbootloader.a(boot_udc.c.obj)
                0x0000000000801f7c                bootUdcXferAlloc
 .text.bootUdcXferFree
                0x0000000000801fa0        0x6 lib/libbootloader.a(boot_udc.c.obj)
                0x0000000000801fa0                bootUdcXferFree
 .text.bootUdcRomSerialInEp
                0x0000000000801fa6        0x6 lib/libbootloader.a(boot_udc.c.obj)
                0x0000000000801fa6                bootUdcRomSerialInEp
 .text.bootUdcRomSerialOutEp
                0x0000000000801fac        0x8 lib/libbootloader.a(boot_udc.c.obj)
                0x0000000000801fac                bootUdcRomSerialOutEp
 .rodata._epIsr.str1.1
                0x0000000000801fb4       0xb7 lib/libbootloader.a(boot_udc.c.obj)
 .rodata._epXferStart.str1.1
                0x000000000080206b       0x1e lib/libbootloader.a(boot_udc.c.obj)
 .rodata.bootUdcIsrPoll.str1.1
                0x0000000000802089       0x2e lib/libbootloader.a(boot_udc.c.obj)
 .rodata.bootUdcXferAlloc.str1.1
                0x00000000008020b7       0x1c lib/libbootloader.a(boot_udc.c.obj)
 .rodata.bootUdcXferEnqueue.str1.1
                0x00000000008020d3       0x32 lib/libbootloader.a(boot_udc.c.obj)
 *fill*         0x0000000000802105        0x1 
 .text._setBaud
                0x0000000000802106        0x4 lib/libbootloader.a(boot_usb_fdl_channel.c.obj)
 .text._flush   0x000000000080210a        0x2 lib/libbootloader.a(boot_usb_fdl_channel.c.obj)
 .text._connected
                0x000000000080210c        0x6 lib/libbootloader.a(boot_usb_fdl_channel.c.obj)
 *fill*         0x0000000000802112        0x2 
 .text._txComp  0x0000000000802114       0x24 lib/libbootloader.a(boot_usb_fdl_channel.c.obj)
 .text._destroy
                0x0000000000802138       0x24 lib/libbootloader.a(boot_usb_fdl_channel.c.obj)
 .text._rxComp  0x000000000080215c       0x5c lib/libbootloader.a(boot_usb_fdl_channel.c.obj)
 .text._write   0x00000000008021b8       0xb8 lib/libbootloader.a(boot_usb_fdl_channel.c.obj)
 .text._startRx
                0x0000000000802270       0x54 lib/libbootloader.a(boot_usb_fdl_channel.c.obj)
 .text._poll    0x00000000008022c4       0x34 lib/libbootloader.a(boot_usb_fdl_channel.c.obj)
 .text._flushInput
                0x00000000008022f8       0x14 lib/libbootloader.a(boot_usb_fdl_channel.c.obj)
 .text._read    0x000000000080230c       0x1c lib/libbootloader.a(boot_usb_fdl_channel.c.obj)
 .text._avail   0x0000000000802328       0x10 lib/libbootloader.a(boot_usb_fdl_channel.c.obj)
 .text.fdlOpenUsbSerial
                0x0000000000802338      0x110 lib/libbootloader.a(boot_usb_fdl_channel.c.obj)
                0x0000000000802338                fdlOpenUsbSerial
 .rodata._poll.str1.1
                0x0000000000802448       0x15 lib/libbootloader.a(boot_usb_fdl_channel.c.obj)
 .rodata._rxComp.str1.1
                0x000000000080245d       0x43 lib/libbootloader.a(boot_usb_fdl_channel.c.obj)
 .rodata._startRx.str1.1
                0x00000000008024a0       0x16 lib/libbootloader.a(boot_usb_fdl_channel.c.obj)
 .rodata._txComp.str1.1
                0x00000000008024b6       0x19 lib/libbootloader.a(boot_usb_fdl_channel.c.obj)
 .rodata._write.str1.1
                0x00000000008024cf       0x39 lib/libbootloader.a(boot_usb_fdl_channel.c.obj)
 .text._initCfgReg
                0x0000000000802508       0x28 lib/libhal.a(hal_adi_bus.c.obj)
                0x0000000000802508                _initCfgReg
 .text._adiBusResume
                0x0000000000802530        0xa lib/libhal.a(hal_adi_bus.c.obj)
 *fill*         0x000000000080253a        0x2 
 .text.halAdiBusInit
                0x000000000080253c       0x1c lib/libhal.a(hal_adi_bus.c.obj)
                0x000000000080253c                halAdiBusInit
 .text.halAdiBusRead
                0x0000000000802558       0x3c lib/libhal.a(hal_adi_bus.c.obj)
                0x0000000000802558                halAdiBusRead
 .text.halAdiBusWrite
                0x0000000000802594       0x2c lib/libhal.a(hal_adi_bus.c.obj)
                0x0000000000802594                halAdiBusWrite
 .text.halAdiBusChange
                0x00000000008025c0       0x64 lib/libhal.a(hal_adi_bus.c.obj)
                0x00000000008025c0                halAdiBusChange
 .rodata        0x0000000000802624        0x4 lib/libhal.a(hal_adi_bus.c.obj)
 .rodata._adiBusPmOps
                0x0000000000802628       0x10 lib/libhal.a(hal_adi_bus.c.obj)
 .text.halBlueScreenSaveContext
                0x0000000000802638       0x34 lib/libhal.a(hal_blue_screen.c.obj)
                0x0000000000802638                halBlueScreenSaveContext
 .text.halCalcDivider20
                0x000000000080266c       0x88 lib/libhal.a(hal_chip.c.obj)
                0x000000000080266c                halCalcDivider20
 .text.osiDCacheClean
                0x00000000008026f4       0x1c lib/libhal.a(hal_chip_8910.c.obj)
                0x00000000008026f4                osiDCacheClean
 .text.osiDCacheInvalidate
                0x0000000000802710       0x18 lib/libhal.a(hal_chip_8910.c.obj)
                0x0000000000802710                osiDCacheInvalidate
 .text.osiDCacheCleanInvalidateAll
                0x0000000000802728       0xac lib/libhal.a(hal_chip_8910.c.obj)
                0x0000000000802728                osiDCacheCleanInvalidateAll
 .text.prvDelayUS
                0x00000000008027d4       0x14 lib/libhal.a(hal_clock_init.c.obj)
 .text.halClockInit
                0x00000000008027e8      0x240 lib/libhal.a(hal_clock_init.c.obj)
                0x00000000008027e8                halClockInit
 .text.prvEfuseSetDouble
                0x0000000000802a28       0x10 lib/libhal.a(hal_efuse_8910.c.obj)
 .text.halEfuseOpen
                0x0000000000802a38       0x60 lib/libhal.a(hal_efuse_8910.c.obj)
                0x0000000000802a38                halEfuseOpen
 .text.halEfuseClose
                0x0000000000802a98       0x48 lib/libhal.a(hal_efuse_8910.c.obj)
                0x0000000000802a98                halEfuseClose
 .text.halEfuseDoubleRead
                0x0000000000802ae0       0x3c lib/libhal.a(hal_efuse_8910.c.obj)
                0x0000000000802ae0                halEfuseDoubleRead
 .text.halHwspinlockAcquire
                0x0000000000802b1c       0x38 lib/libhal.a(hal_hwspinlock.c.obj)
                0x0000000000802b1c                halHwspinlockAcquire
 .text.halHwspinlockRelease
                0x0000000000802b54       0x14 lib/libhal.a(hal_hwspinlock.c.obj)
                0x0000000000802b54                halHwspinlockRelease
 .text.halHwspinlockReleaseInCritical
                0x0000000000802b68       0x14 lib/libhal.a(hal_hwspinlock.c.obj)
                0x0000000000802b68                halHwspinlockReleaseInCritical
 .text._peekInternal
                0x0000000000802b7c       0x40 lib/libosi_lib.a(osi_fifo.c.obj)
 .text.osiFifoInit
                0x0000000000802bbc       0x1c lib/libosi_lib.a(osi_fifo.c.obj)
                0x0000000000802bbc                osiFifoInit
 .text.osiFifoPut
                0x0000000000802bd8       0x68 lib/libosi_lib.a(osi_fifo.c.obj)
                0x0000000000802bd8                osiFifoPut
 .text.osiFifoGet
                0x0000000000802c40       0x38 lib/libosi_lib.a(osi_fifo.c.obj)
                0x0000000000802c40                osiFifoGet
 .text.osiFifoReset
                0x0000000000802c78       0x1a lib/libosi_lib.a(osi_fifo.c.obj)
                0x0000000000802c78                osiFifoReset
 *fill*         0x0000000000802c92        0x6 
 .text.osiFifoReset.__stub
                0x0000000000802c98        0x8 linker stubs
 *(.rokeep)
                0x0000000000802ca0                __text_end = .
                0x0000000000802ca0                . = ALIGN (0x20)
 *fill*         0x0000000000802ca0        0x0 

.data           0x0000000000802ca0      0x680
                0x0000000000802ca0                __data_start = .
 SORT_BY_NAME(*)(.sramdata .sramdata.*)
 SORT_BY_NAME(*)(.data .data.* .sdata .sdata.* .data1 .gnu.linkonce.d.*)
 .data._impure_ptr
                0x0000000000802ca0        0x4 ../../components/newlib/armca5/libc.a(lib_a-impure.o)
                0x0000000000802ca0                _impure_ptr
 *fill*         0x0000000000802ca4        0x4 
 .data.impure_data
                0x0000000000802ca8      0x428 ../../components/newlib/armca5/libc.a(lib_a-impure.o)
 .data.gBootUarts
                0x00000000008030d0       0x18 lib/libbootloader.a(boot_uart.c.obj)
 .data.gUdc20   0x00000000008030e8      0x210 lib/libbootloader.a(boot_udc.c.obj)
 *(.rwkeep)
 .rwkeep        0x00000000008032f8        0xc lib/libhal.a(hal_blue_screen.c.obj)
                0x00000000008032f8                gGdbRegAddress
                0x00000000008032fc                gCpGdbRegAddress
                0x0000000000803300                gGdbCtxType
                0x0000000000803304                __data_end = .
                0x0000000000803320                . = ALIGN (0x20)
 *fill*         0x0000000000803304       0x1c 

.lastflash      0x0000000000803320        0x0
                0x0000000000803320                . = ALIGN (0x20)

.bss            0x0000000000803320       0xc0
                0x0000000000803320                __bss_start = .
 *(.srambss .srambss.*)
 *(.bss .bss.* COMMON .scommon .sbss .sbss.* .sbss2 .sbss2.* .gnu.linkonce.b.*)
 .bss.gSecureCtx
                0x0000000000803320       0x30 lib/libbootloader.a(boot_secure.c.obj)
 .bss.gDefaultHeap
                0x0000000000803350        0x4 lib/libbootloader.a(boot_mem.c.obj)
 .bss.gExtRamHeap
                0x0000000000803354        0xc lib/libbootloader.a(boot_mem.c.obj)
 .bss.gIramHeap
                0x0000000000803360        0xc lib/libbootloader.a(boot_mem.c.obj)
 .bss.gTimerCb  0x000000000080336c        0x8 lib/libbootloader.a(boot_timer.c.obj)
 .bss.gTraceEnabled
                0x0000000000803374        0x1 lib/libosi_lib.a(osi_log.c.obj)
                0x0000000000803374                gTraceEnabled
 *fill*         0x0000000000803375        0x3 
 COMMON         0x0000000000803378       0x54 lib/libosi_lib.a(osi_log.c.obj)
                0x0000000000803378                v_tra_pubModuleControl
                0x000000000080337c                v_tra_categoryControl
                0x0000000000803380                gTraceSequence
                0x0000000000803384                v_tra_lteModuleControl
                0x0000000000803388                sxs_IoCtx
                0x00000000008033cc                __bss_end = .
                0x00000000008033e0                . = ALIGN (0x20)
 *fill*         0x00000000008033cc       0x14 

.sys_stack      0x00000000008033e0     0x1800
                0x00000000008033e0                __sys_stack_start = .
                0x0000000000804be0                . = (. + 0x1800)
 *fill*         0x00000000008033e0     0x1800 
                0x0000000000804be0                __sys_stack_end = .
                0x0000000000804be0                . = ALIGN (0x20)

.irq_stack      0x0000000000804be0      0x800
                0x0000000000804be0                __irq_stack_start = .
                0x00000000008053e0                . = (. + 0x800)
 *fill*         0x0000000000804be0      0x800 
                0x00000000008053e0                __irq_stack_end = .
                0x00000000008053e0                . = ALIGN (0x20)

.blue_screen    0x00000000008053e0      0x400
                0x00000000008053e0                __blue_screen_start = .
                0x00000000008057e0                . = (. + 0x400)
 *fill*         0x00000000008053e0      0x400 
                0x00000000008057e0                __blue_screen_end = .
                0x00000000008057e0                . = ALIGN (0x20)

.sram_heap      0x00000000008057e0     0xa820
                0x00000000008057e0                __sram_heap_start = .
                0x0000000000810000                . = (ORIGIN (sram) + LENGTH (sram))
 *fill*         0x00000000008057e0     0xa820 
                0x0000000000810000                __sram_heap_end = .
                0x0000000000810000                . = ALIGN (0x20)
                0x0000000000800100                __flash_start = LOADADDR (.text)
                0x0000000000803320                __flash_end = ADDR (.lastflash)
                0x0000000000000001                ASSERT (((__flash_end - 0x8000c0) <= 0xbae0), flash overflow)

.comment        0x0000000000000000       0xf7
 *(.comment)
 .comment       0x0000000000000000       0x7e components/bootloader/CMakeFiles/fdl1.dir/fdl1/fdl1_main.c.obj
                                         0x7f (size before relaxing)
 .comment       0x000000000000007e       0x7f lib/libbootloader.a(boot_platform_8910.c.obj)
 .comment       0x000000000000007e       0x7f lib/libbootloader.a(boot_secure.c.obj)
 .comment       0x000000000000007e       0x7f lib/libbootloader.a(boot_stub.c.obj)
 .comment       0x000000000000007e       0x7f lib/libbootloader.a(boot_delay.c.obj)
 .comment       0x000000000000007e       0x7f lib/libbootloader.a(boot_mem.c.obj)
 .comment       0x000000000000007e       0x7f lib/libbootloader.a(boot_debuguart.c.obj)
 .comment       0x000000000000007e       0x7f lib/libbootloader.a(boot_trace.c.obj)
 .comment       0x000000000000007e       0x7f lib/libbootloader.a(boot_fdl.c.obj)
 .comment       0x000000000000007e       0x7f lib/libbootloader.a(boot_irq.c.obj)
 .comment       0x000000000000007e       0x7f lib/libbootloader.a(boot_timer.c.obj)
 .comment       0x000000000000007e       0x7f lib/libbootloader.a(boot_uart.c.obj)
 .comment       0x000000000000007e       0x7f lib/libbootloader.a(boot_udc.c.obj)
 .comment       0x000000000000007e       0x7f lib/libbootloader.a(boot_usb_fdl_channel.c.obj)
 .comment       0x000000000000007e       0x7f lib/libhal.a(hal_clock_init.c.obj)
 .comment       0x000000000000007e       0x7f lib/libhal.a(hal_chip_8910.c.obj)
 .comment       0x000000000000007e       0x7f lib/libhal.a(hal_efuse_8910.c.obj)
 .comment       0x000000000000007e       0x7f lib/libhal.a(hal_delay.c.obj)
 .comment       0x000000000000007e       0x7f lib/libhal.a(hal_reg_apply.c.obj)
 .comment       0x000000000000007e       0x7f lib/libhal.a(hal_chip.c.obj)
 .comment       0x000000000000007e       0x7f lib/libhal.a(hal_adi_bus.c.obj)
 .comment       0x000000000000007e       0x7f lib/libhal.a(hal_hwspinlock.c.obj)
 .comment       0x000000000000007e       0x7f lib/libhal.a(hal_blue_screen.c.obj)
 .comment       0x000000000000007e       0x7f lib/libosi_lib.a(osi_log.c.obj)
 .comment       0x000000000000007e       0x7f lib/libosi_lib.a(osi_fifo.c.obj)
 .comment       0x000000000000007e       0x79 ../../components/newlib/armca5/libc.a(lib_a-impure.o)
                                         0x7a (size before relaxing)
 .comment       0x00000000000000f7       0x7a ../../components/newlib/armca5/libc.a(lib_a-memcmp.o)
 .comment       0x00000000000000f7       0x7a ../../components/newlib/armca5/libc.a(lib_a-memcpy-stub.o)
 .comment       0x00000000000000f7       0x7a ../../components/newlib/armca5/libc.a(lib_a-memset.o)

.ARM.attributes
                0x0000000000000000       0x3d
 *(.ARM.attributes)
 .ARM.attributes
                0x0000000000000000       0x3d components/bootloader/CMakeFiles/fdl1.dir/fdl1/fdl1_main.c.obj
 .ARM.attributes
                0x000000000000003d       0x3d lib/libbootloader.a(boot_platform_8910.c.obj)
 .ARM.attributes
                0x000000000000007a       0x3d lib/libbootloader.a(boot_secure.c.obj)
 .ARM.attributes
                0x00000000000000b7       0x2b lib/libbootloader.a(boot_entry_v7a.S.obj)
 .ARM.attributes
                0x00000000000000e2       0x3d lib/libbootloader.a(boot_stub.c.obj)
 .ARM.attributes
                0x000000000000011f       0x3d lib/libbootloader.a(boot_delay.c.obj)
 .ARM.attributes
                0x000000000000015c       0x3d lib/libbootloader.a(boot_mem.c.obj)
 .ARM.attributes
                0x0000000000000199       0x3d lib/libbootloader.a(boot_debuguart.c.obj)
 .ARM.attributes
                0x00000000000001d6       0x3d lib/libbootloader.a(boot_trace.c.obj)
 .ARM.attributes
                0x0000000000000213       0x3d lib/libbootloader.a(boot_fdl.c.obj)
 .ARM.attributes
                0x0000000000000250       0x3d lib/libbootloader.a(boot_irq.c.obj)
 .ARM.attributes
                0x000000000000028d       0x3d lib/libbootloader.a(boot_timer.c.obj)
 .ARM.attributes
                0x00000000000002ca       0x3d lib/libbootloader.a(boot_uart.c.obj)
 .ARM.attributes
                0x0000000000000307       0x3d lib/libbootloader.a(boot_udc.c.obj)
 .ARM.attributes
                0x0000000000000344       0x3d lib/libbootloader.a(boot_usb_fdl_channel.c.obj)
 .ARM.attributes
                0x0000000000000381       0x3d lib/libhal.a(hal_clock_init.c.obj)
 .ARM.attributes
                0x00000000000003be       0x3d lib/libhal.a(hal_chip_8910.c.obj)
 .ARM.attributes
                0x00000000000003fb       0x3d lib/libhal.a(hal_efuse_8910.c.obj)
 .ARM.attributes
                0x0000000000000438       0x3d lib/libhal.a(hal_delay.c.obj)
 .ARM.attributes
                0x0000000000000475       0x3d lib/libhal.a(hal_reg_apply.c.obj)
 .ARM.attributes
                0x00000000000004b2       0x3d lib/libhal.a(hal_chip.c.obj)
 .ARM.attributes
                0x00000000000004ef       0x3d lib/libhal.a(hal_adi_bus.c.obj)
 .ARM.attributes
                0x000000000000052c       0x3d lib/libhal.a(hal_hwspinlock.c.obj)
 .ARM.attributes
                0x0000000000000569       0x3d lib/libhal.a(hal_blue_screen.c.obj)
 .ARM.attributes
                0x00000000000005a6       0x3d lib/libosi_lib.a(osi_log.c.obj)
 .ARM.attributes
                0x00000000000005e3       0x3d lib/libosi_lib.a(osi_fifo.c.obj)
 .ARM.attributes
                0x0000000000000620       0x3d ../../components/newlib/armca5/libc.a(lib_a-impure.o)
 .ARM.attributes
                0x000000000000065d       0x37 ../../components/newlib/armca5/libc.a(lib_a-memcmp.o)
 .ARM.attributes
                0x0000000000000694       0x37 ../../components/newlib/armca5/libc.a(lib_a-memcpy-stub.o)
 .ARM.attributes
                0x00000000000006cb       0x37 ../../components/newlib/armca5/libc.a(lib_a-memset.o)
 .ARM.attributes
                0x0000000000000702       0x1d ../../components/newlib/armca5/libc.a(lib_a-strlen.o)
 .ARM.attributes
                0x000000000000071f       0x1b ../../prebuilts/linux/gcc-arm-none-eabi/bin/../lib/gcc/arm-none-eabi/7.2.1/thumb/v7-ar/fpv3/hard/libgcc.a(_udivsi3.o)
 .ARM.attributes
                0x000000000000073a       0x1b ../../prebuilts/linux/gcc-arm-none-eabi/bin/../lib/gcc/arm-none-eabi/7.2.1/thumb/v7-ar/fpv3/hard/libgcc.a(_dvmd_tls.o)

.iplt           0x0000000000000000        0x0
 *(.iplt)
 .iplt          0x0000000000000000        0x0 components/bootloader/CMakeFiles/fdl1.dir/fdl1/fdl1_main.c.obj

.igot.plt       0x0000000000000000        0x0
 *(.igot.plt)
 .igot.plt      0x0000000000000000        0x0 components/bootloader/CMakeFiles/fdl1.dir/fdl1/fdl1_main.c.obj

.rel.dyn        0x0000000000000000        0x0
 *(.rel.dyn)
 .rel.iplt      0x0000000000000000        0x0 components/bootloader/CMakeFiles/fdl1.dir/fdl1/fdl1_main.c.obj

.glue_7         0x0000000000000000        0x0
 *(.glue_7)
 .glue_7        0x0000000000000000        0x0 linker stubs

.glue_7t        0x0000000000000000        0x0
 *(.glue_7t)
 .glue_7t       0x0000000000000000        0x0 linker stubs

.vfp11_veneer   0x0000000000000000        0x0
 *(.vfp11_veneer)
 .vfp11_veneer  0x0000000000000000        0x0 linker stubs

.v4_bx          0x0000000000000000        0x0
 *(.v4_bx)
 .v4_bx         0x0000000000000000        0x0 linker stubs

/DISCARD/
 *(.ARM.exidx*)
 *(.gnu.linkonce.armexidx*)
OUTPUT(hex/fdl1.elf elf32-littlearm)

.debug_info     0x0000000000000000    0x26720
 .debug_info    0x0000000000000000     0x17e9 components/bootloader/CMakeFiles/fdl1.dir/fdl1/fdl1_main.c.obj
 .debug_info    0x00000000000017e9     0x269d lib/libbootloader.a(boot_platform_8910.c.obj)
 .debug_info    0x0000000000003e86     0x1ba9 lib/libbootloader.a(boot_secure.c.obj)
 .debug_info    0x0000000000005a2f       0x26 lib/libbootloader.a(boot_entry_v7a.S.obj)
 .debug_info    0x0000000000005a55      0x1cc lib/libbootloader.a(boot_stub.c.obj)
 .debug_info    0x0000000000005c21      0x1fb lib/libbootloader.a(boot_delay.c.obj)
 .debug_info    0x0000000000005e1c      0x97f lib/libbootloader.a(boot_mem.c.obj)
 .debug_info    0x000000000000679b      0x601 lib/libbootloader.a(boot_debuguart.c.obj)
 .debug_info    0x0000000000006d9c      0x1f8 lib/libbootloader.a(boot_trace.c.obj)
 .debug_info    0x0000000000006f94     0x1b28 lib/libbootloader.a(boot_fdl.c.obj)
 .debug_info    0x0000000000008abc     0x14d5 lib/libbootloader.a(boot_irq.c.obj)
 .debug_info    0x0000000000009f91      0xe69 lib/libbootloader.a(boot_timer.c.obj)
 .debug_info    0x000000000000adfa     0x154a lib/libbootloader.a(boot_uart.c.obj)
 .debug_info    0x000000000000c344     0x4099 lib/libbootloader.a(boot_udc.c.obj)
 .debug_info    0x00000000000103dd     0x1708 lib/libbootloader.a(boot_usb_fdl_channel.c.obj)
 .debug_info    0x0000000000011ae5     0x7975 lib/libhal.a(hal_clock_init.c.obj)
 .debug_info    0x000000000001945a     0x3871 lib/libhal.a(hal_chip_8910.c.obj)
 .debug_info    0x000000000001cccb     0x1e65 lib/libhal.a(hal_efuse_8910.c.obj)
 .debug_info    0x000000000001eb30      0x32b lib/libhal.a(hal_delay.c.obj)
 .debug_info    0x000000000001ee5b      0x1b8 lib/libhal.a(hal_reg_apply.c.obj)
 .debug_info    0x000000000001f013      0x3e4 lib/libhal.a(hal_chip.c.obj)
 .debug_info    0x000000000001f3f7      0x9fb lib/libhal.a(hal_adi_bus.c.obj)
 .debug_info    0x000000000001fdf2      0x633 lib/libhal.a(hal_hwspinlock.c.obj)
 .debug_info    0x0000000000020425     0x2292 lib/libhal.a(hal_blue_screen.c.obj)
 .debug_info    0x00000000000226b7     0x3237 lib/libosi_lib.a(osi_log.c.obj)
 .debug_info    0x00000000000258ee      0xe32 lib/libosi_lib.a(osi_fifo.c.obj)

.debug_abbrev   0x0000000000000000     0x4a42
 .debug_abbrev  0x0000000000000000      0x377 components/bootloader/CMakeFiles/fdl1.dir/fdl1/fdl1_main.c.obj
 .debug_abbrev  0x0000000000000377      0x29a lib/libbootloader.a(boot_platform_8910.c.obj)
 .debug_abbrev  0x0000000000000611      0x4d4 lib/libbootloader.a(boot_secure.c.obj)
 .debug_abbrev  0x0000000000000ae5       0x14 lib/libbootloader.a(boot_entry_v7a.S.obj)
 .debug_abbrev  0x0000000000000af9       0xf3 lib/libbootloader.a(boot_stub.c.obj)
 .debug_abbrev  0x0000000000000bec       0xd2 lib/libbootloader.a(boot_delay.c.obj)
 .debug_abbrev  0x0000000000000cbe      0x2fe lib/libbootloader.a(boot_mem.c.obj)
 .debug_abbrev  0x0000000000000fbc      0x159 lib/libbootloader.a(boot_debuguart.c.obj)
 .debug_abbrev  0x0000000000001115      0x116 lib/libbootloader.a(boot_trace.c.obj)
 .debug_abbrev  0x000000000000122b      0x4b3 lib/libbootloader.a(boot_fdl.c.obj)
 .debug_abbrev  0x00000000000016de      0x3db lib/libbootloader.a(boot_irq.c.obj)
 .debug_abbrev  0x0000000000001ab9      0x273 lib/libbootloader.a(boot_timer.c.obj)
 .debug_abbrev  0x0000000000001d2c      0x3ea lib/libbootloader.a(boot_uart.c.obj)
 .debug_abbrev  0x0000000000002116      0x5d0 lib/libbootloader.a(boot_udc.c.obj)
 .debug_abbrev  0x00000000000026e6      0x41e lib/libbootloader.a(boot_usb_fdl_channel.c.obj)
 .debug_abbrev  0x0000000000002b04      0x38b lib/libhal.a(hal_clock_init.c.obj)
 .debug_abbrev  0x0000000000002e8f      0x463 lib/libhal.a(hal_chip_8910.c.obj)
 .debug_abbrev  0x00000000000032f2      0x33d lib/libhal.a(hal_efuse_8910.c.obj)
 .debug_abbrev  0x000000000000362f      0x123 lib/libhal.a(hal_delay.c.obj)
 .debug_abbrev  0x0000000000003752      0x10f lib/libhal.a(hal_reg_apply.c.obj)
 .debug_abbrev  0x0000000000003861       0xec lib/libhal.a(hal_chip.c.obj)
 .debug_abbrev  0x000000000000394d      0x283 lib/libhal.a(hal_adi_bus.c.obj)
 .debug_abbrev  0x0000000000003bd0      0x15e lib/libhal.a(hal_hwspinlock.c.obj)
 .debug_abbrev  0x0000000000003d2e      0x4e7 lib/libhal.a(hal_blue_screen.c.obj)
 .debug_abbrev  0x0000000000004215      0x498 lib/libosi_lib.a(osi_log.c.obj)
 .debug_abbrev  0x00000000000046ad      0x395 lib/libosi_lib.a(osi_fifo.c.obj)

.debug_loc      0x0000000000000000     0x9e7a
 .debug_loc     0x0000000000000000      0x6f8 components/bootloader/CMakeFiles/fdl1.dir/fdl1/fdl1_main.c.obj
 .debug_loc     0x00000000000006f8      0x143 lib/libbootloader.a(boot_platform_8910.c.obj)
 .debug_loc     0x000000000000083b      0x691 lib/libbootloader.a(boot_secure.c.obj)
 .debug_loc     0x0000000000000ecc       0x21 lib/libbootloader.a(boot_stub.c.obj)
 .debug_loc     0x0000000000000eed       0x42 lib/libbootloader.a(boot_delay.c.obj)
 .debug_loc     0x0000000000000f2f      0x94c lib/libbootloader.a(boot_mem.c.obj)
 .debug_loc     0x000000000000187b      0x1b5 lib/libbootloader.a(boot_debuguart.c.obj)
 .debug_loc     0x0000000000001a30       0xf8 lib/libbootloader.a(boot_trace.c.obj)
 .debug_loc     0x0000000000001b28      0xc38 lib/libbootloader.a(boot_fdl.c.obj)
 .debug_loc     0x0000000000002760      0x2be lib/libbootloader.a(boot_irq.c.obj)
 .debug_loc     0x0000000000002a1e       0xdb lib/libbootloader.a(boot_timer.c.obj)
 .debug_loc     0x0000000000002af9      0x710 lib/libbootloader.a(boot_uart.c.obj)
 .debug_loc     0x0000000000003209     0x1037 lib/libbootloader.a(boot_udc.c.obj)
 .debug_loc     0x0000000000004240      0x889 lib/libbootloader.a(boot_usb_fdl_channel.c.obj)
 .debug_loc     0x0000000000004ac9      0x555 lib/libhal.a(hal_clock_init.c.obj)
 .debug_loc     0x000000000000501e      0xed0 lib/libhal.a(hal_chip_8910.c.obj)
 .debug_loc     0x0000000000005eee      0x2d3 lib/libhal.a(hal_efuse_8910.c.obj)
 .debug_loc     0x00000000000061c1       0x84 lib/libhal.a(hal_delay.c.obj)
 .debug_loc     0x0000000000006245       0xbe lib/libhal.a(hal_reg_apply.c.obj)
 .debug_loc     0x0000000000006303      0x488 lib/libhal.a(hal_chip.c.obj)
 .debug_loc     0x000000000000678b      0x3dd lib/libhal.a(hal_adi_bus.c.obj)
 .debug_loc     0x0000000000006b68       0xff lib/libhal.a(hal_hwspinlock.c.obj)
 .debug_loc     0x0000000000006c67      0xcca lib/libhal.a(hal_blue_screen.c.obj)
 .debug_loc     0x0000000000007931     0x1f50 lib/libosi_lib.a(osi_log.c.obj)
 .debug_loc     0x0000000000009881      0x5f9 lib/libosi_lib.a(osi_fifo.c.obj)

.debug_aranges  0x0000000000000000      0x9a8
 .debug_aranges
                0x0000000000000000       0x28 components/bootloader/CMakeFiles/fdl1.dir/fdl1/fdl1_main.c.obj
 .debug_aranges
                0x0000000000000028       0x58 lib/libbootloader.a(boot_platform_8910.c.obj)
 .debug_aranges
                0x0000000000000080       0x68 lib/libbootloader.a(boot_secure.c.obj)
 .debug_aranges
                0x00000000000000e8       0x20 lib/libbootloader.a(boot_entry_v7a.S.obj)
 .debug_aranges
                0x0000000000000108       0x20 lib/libbootloader.a(boot_stub.c.obj)
 .debug_aranges
                0x0000000000000128       0x38 lib/libbootloader.a(boot_delay.c.obj)
 .debug_aranges
                0x0000000000000160       0x98 lib/libbootloader.a(boot_mem.c.obj)
 .debug_aranges
                0x00000000000001f8       0x30 lib/libbootloader.a(boot_debuguart.c.obj)
 .debug_aranges
                0x0000000000000228       0x30 lib/libbootloader.a(boot_trace.c.obj)
 .debug_aranges
                0x0000000000000258       0x98 lib/libbootloader.a(boot_fdl.c.obj)
 .debug_aranges
                0x00000000000002f0       0x50 lib/libbootloader.a(boot_irq.c.obj)
 .debug_aranges
                0x0000000000000340       0x30 lib/libbootloader.a(boot_timer.c.obj)
 .debug_aranges
                0x0000000000000370       0x90 lib/libbootloader.a(boot_uart.c.obj)
 .debug_aranges
                0x0000000000000400       0x98 lib/libbootloader.a(boot_udc.c.obj)
 .debug_aranges
                0x0000000000000498       0x80 lib/libbootloader.a(boot_usb_fdl_channel.c.obj)
 .debug_aranges
                0x0000000000000518       0x70 lib/libhal.a(hal_clock_init.c.obj)
 .debug_aranges
                0x0000000000000588       0xb0 lib/libhal.a(hal_chip_8910.c.obj)
 .debug_aranges
                0x0000000000000638       0x58 lib/libhal.a(hal_efuse_8910.c.obj)
 .debug_aranges
                0x0000000000000690       0x38 lib/libhal.a(hal_delay.c.obj)
 .debug_aranges
                0x00000000000006c8       0x28 lib/libhal.a(hal_reg_apply.c.obj)
 .debug_aranges
                0x00000000000006f0       0x48 lib/libhal.a(hal_chip.c.obj)
 .debug_aranges
                0x0000000000000738       0x50 lib/libhal.a(hal_adi_bus.c.obj)
 .debug_aranges
                0x0000000000000788       0x40 lib/libhal.a(hal_hwspinlock.c.obj)
 .debug_aranges
                0x00000000000007c8       0x58 lib/libhal.a(hal_blue_screen.c.obj)
 .debug_aranges
                0x0000000000000820      0x130 lib/libosi_lib.a(osi_log.c.obj)
 .debug_aranges
                0x0000000000000950       0x58 lib/libosi_lib.a(osi_fifo.c.obj)

.debug_ranges   0x0000000000000000     0x17b0
 .debug_ranges  0x0000000000000000       0xd0 components/bootloader/CMakeFiles/fdl1.dir/fdl1/fdl1_main.c.obj
 .debug_ranges  0x00000000000000d0       0x60 lib/libbootloader.a(boot_platform_8910.c.obj)
 .debug_ranges  0x0000000000000130      0x128 lib/libbootloader.a(boot_secure.c.obj)
 .debug_ranges  0x0000000000000258       0x10 lib/libbootloader.a(boot_stub.c.obj)
 .debug_ranges  0x0000000000000268       0x28 lib/libbootloader.a(boot_delay.c.obj)
 .debug_ranges  0x0000000000000290      0x158 lib/libbootloader.a(boot_mem.c.obj)
 .debug_ranges  0x00000000000003e8       0x50 lib/libbootloader.a(boot_debuguart.c.obj)
 .debug_ranges  0x0000000000000438       0x38 lib/libbootloader.a(boot_trace.c.obj)
 .debug_ranges  0x0000000000000470      0x138 lib/libbootloader.a(boot_fdl.c.obj)
 .debug_ranges  0x00000000000005a8      0x148 lib/libbootloader.a(boot_irq.c.obj)
 .debug_ranges  0x00000000000006f0       0x20 lib/libbootloader.a(boot_timer.c.obj)
 .debug_ranges  0x0000000000000710       0xc8 lib/libbootloader.a(boot_uart.c.obj)
 .debug_ranges  0x00000000000007d8      0x278 lib/libbootloader.a(boot_udc.c.obj)
 .debug_ranges  0x0000000000000a50       0xc8 lib/libbootloader.a(boot_usb_fdl_channel.c.obj)
 .debug_ranges  0x0000000000000b18       0xb0 lib/libhal.a(hal_clock_init.c.obj)
 .debug_ranges  0x0000000000000bc8      0x270 lib/libhal.a(hal_chip_8910.c.obj)
 .debug_ranges  0x0000000000000e38       0x48 lib/libhal.a(hal_efuse_8910.c.obj)
 .debug_ranges  0x0000000000000e80       0x40 lib/libhal.a(hal_delay.c.obj)
 .debug_ranges  0x0000000000000ec0       0x18 lib/libhal.a(hal_reg_apply.c.obj)
 .debug_ranges  0x0000000000000ed8       0x88 lib/libhal.a(hal_chip.c.obj)
 .debug_ranges  0x0000000000000f60       0x70 lib/libhal.a(hal_adi_bus.c.obj)
 .debug_ranges  0x0000000000000fd0       0x30 lib/libhal.a(hal_hwspinlock.c.obj)
 .debug_ranges  0x0000000000001000       0xc8 lib/libhal.a(hal_blue_screen.c.obj)
 .debug_ranges  0x00000000000010c8      0x630 lib/libosi_lib.a(osi_log.c.obj)
 .debug_ranges  0x00000000000016f8       0xb8 lib/libosi_lib.a(osi_fifo.c.obj)

.debug_line     0x0000000000000000     0x54e9
 .debug_line    0x0000000000000000      0x3ae components/bootloader/CMakeFiles/fdl1.dir/fdl1/fdl1_main.c.obj
 .debug_line    0x00000000000003ae      0x2ac lib/libbootloader.a(boot_platform_8910.c.obj)
 .debug_line    0x000000000000065a      0x3c2 lib/libbootloader.a(boot_secure.c.obj)
 .debug_line    0x0000000000000a1c       0xce lib/libbootloader.a(boot_entry_v7a.S.obj)
 .debug_line    0x0000000000000aea       0xf6 lib/libbootloader.a(boot_stub.c.obj)
 .debug_line    0x0000000000000be0      0x164 lib/libbootloader.a(boot_delay.c.obj)
 .debug_line    0x0000000000000d44      0x2be lib/libbootloader.a(boot_mem.c.obj)
 .debug_line    0x0000000000001002      0x202 lib/libbootloader.a(boot_debuguart.c.obj)
 .debug_line    0x0000000000001204      0x17b lib/libbootloader.a(boot_trace.c.obj)
 .debug_line    0x000000000000137f      0x4d7 lib/libbootloader.a(boot_fdl.c.obj)
 .debug_line    0x0000000000001856      0x398 lib/libbootloader.a(boot_irq.c.obj)
 .debug_line    0x0000000000001bee      0x256 lib/libbootloader.a(boot_timer.c.obj)
 .debug_line    0x0000000000001e44      0x3cf lib/libbootloader.a(boot_uart.c.obj)
 .debug_line    0x0000000000002213      0x5cc lib/libbootloader.a(boot_udc.c.obj)
 .debug_line    0x00000000000027df      0x3db lib/libbootloader.a(boot_usb_fdl_channel.c.obj)
 .debug_line    0x0000000000002bba      0x519 lib/libhal.a(hal_clock_init.c.obj)
 .debug_line    0x00000000000030d3      0x721 lib/libhal.a(hal_chip_8910.c.obj)
 .debug_line    0x00000000000037f4      0x33d lib/libhal.a(hal_efuse_8910.c.obj)
 .debug_line    0x0000000000003b31      0x13a lib/libhal.a(hal_delay.c.obj)
 .debug_line    0x0000000000003c6b      0x194 lib/libhal.a(hal_reg_apply.c.obj)
 .debug_line    0x0000000000003dff      0x1b4 lib/libhal.a(hal_chip.c.obj)
 .debug_line    0x0000000000003fb3      0x2ab lib/libhal.a(hal_adi_bus.c.obj)
 .debug_line    0x000000000000425e      0x182 lib/libhal.a(hal_hwspinlock.c.obj)
 .debug_line    0x00000000000043e0      0x486 lib/libhal.a(hal_blue_screen.c.obj)
 .debug_line    0x0000000000004866      0x953 lib/libosi_lib.a(osi_log.c.obj)
 .debug_line    0x00000000000051b9      0x330 lib/libosi_lib.a(osi_fifo.c.obj)

.debug_str      0x0000000000000000    0x1109f
 .debug_str     0x0000000000000000     0x15d7 components/bootloader/CMakeFiles/fdl1.dir/fdl1/fdl1_main.c.obj
                                       0x16d5 (size before relaxing)
 .debug_str     0x00000000000015d7     0x20ea lib/libbootloader.a(boot_platform_8910.c.obj)
                                       0x2315 (size before relaxing)
 .debug_str     0x00000000000036c1      0x9f0 lib/libbootloader.a(boot_secure.c.obj)
                                       0x113c (size before relaxing)
 .debug_str     0x00000000000040b1       0x40 lib/libbootloader.a(boot_entry_v7a.S.obj)
                                         0x86 (size before relaxing)
 .debug_str     0x00000000000040f1       0xd5 lib/libbootloader.a(boot_stub.c.obj)
                                        0x2cd (size before relaxing)
 .debug_str     0x00000000000041c6      0x18c lib/libbootloader.a(boot_delay.c.obj)
                                        0x382 (size before relaxing)
 .debug_str     0x0000000000004352      0x1c4 lib/libbootloader.a(boot_mem.c.obj)
                                        0x491 (size before relaxing)
 .debug_str     0x0000000000004516      0x344 lib/libbootloader.a(boot_debuguart.c.obj)
                                        0x5a5 (size before relaxing)
 .debug_str     0x000000000000485a       0x80 lib/libbootloader.a(boot_trace.c.obj)
                                        0x2d4 (size before relaxing)
 .debug_str     0x00000000000048da      0x211 lib/libbootloader.a(boot_fdl.c.obj)
                                       0x1536 (size before relaxing)
 .debug_str     0x0000000000004aeb      0xb02 lib/libbootloader.a(boot_irq.c.obj)
                                       0x1104 (size before relaxing)
 .debug_str     0x00000000000055ed      0x143 lib/libbootloader.a(boot_timer.c.obj)
                                        0xf90 (size before relaxing)
 .debug_str     0x0000000000005730      0x3dc lib/libbootloader.a(boot_uart.c.obj)
                                        0xab5 (size before relaxing)
 .debug_str     0x0000000000005b0c     0x1689 lib/libbootloader.a(boot_udc.c.obj)
                                       0x1e22 (size before relaxing)
 .debug_str     0x0000000000007195      0x1b7 lib/libbootloader.a(boot_usb_fdl_channel.c.obj)
                                        0xa47 (size before relaxing)
 .debug_str     0x000000000000734c     0x6928 lib/libhal.a(hal_clock_init.c.obj)
                                       0x7851 (size before relaxing)
 .debug_str     0x000000000000dc74     0x1d90 lib/libhal.a(hal_chip_8910.c.obj)
                                       0x308f (size before relaxing)
 .debug_str     0x000000000000fa04      0x151 lib/libhal.a(hal_efuse_8910.c.obj)
                                       0x1767 (size before relaxing)
 .debug_str     0x000000000000fb55       0xdb lib/libhal.a(hal_delay.c.obj)
                                        0x3f8 (size before relaxing)
 .debug_str     0x000000000000fc30       0x5c lib/libhal.a(hal_reg_apply.c.obj)
                                        0x284 (size before relaxing)
 .debug_str     0x000000000000fc8c       0xd0 lib/libhal.a(hal_chip.c.obj)
                                        0x3ea (size before relaxing)
 .debug_str     0x000000000000fd5c      0x499 lib/libhal.a(hal_adi_bus.c.obj)
                                        0x86d (size before relaxing)
 .debug_str     0x00000000000101f5      0x318 lib/libhal.a(hal_hwspinlock.c.obj)
                                        0x5a8 (size before relaxing)
 .debug_str     0x000000000001050d      0x610 lib/libhal.a(hal_blue_screen.c.obj)
                                        0xd00 (size before relaxing)
 .debug_str     0x0000000000010b1d      0x509 lib/libosi_lib.a(osi_log.c.obj)
                                       0x14e8 (size before relaxing)
 .debug_str     0x0000000000011026       0x79 lib/libosi_lib.a(osi_fifo.c.obj)
                                        0x714 (size before relaxing)

.debug_frame    0x0000000000000000     0x1b3c
 .debug_frame   0x0000000000000000       0x7c components/bootloader/CMakeFiles/fdl1.dir/fdl1/fdl1_main.c.obj
 .debug_frame   0x000000000000007c       0xe0 lib/libbootloader.a(boot_platform_8910.c.obj)
 .debug_frame   0x000000000000015c      0x140 lib/libbootloader.a(boot_secure.c.obj)
 .debug_frame   0x000000000000029c       0x20 lib/libbootloader.a(boot_stub.c.obj)
 .debug_frame   0x00000000000002bc       0x50 lib/libbootloader.a(boot_delay.c.obj)
 .debug_frame   0x000000000000030c      0x170 lib/libbootloader.a(boot_mem.c.obj)
 .debug_frame   0x000000000000047c       0x58 lib/libbootloader.a(boot_debuguart.c.obj)
 .debug_frame   0x00000000000004d4       0x5c lib/libbootloader.a(boot_trace.c.obj)
 .debug_frame   0x0000000000000530      0x1d8 lib/libbootloader.a(boot_fdl.c.obj)
 .debug_frame   0x0000000000000708       0xb0 lib/libbootloader.a(boot_irq.c.obj)
 .debug_frame   0x00000000000007b8       0x48 lib/libbootloader.a(boot_timer.c.obj)
 .debug_frame   0x0000000000000800      0x150 lib/libbootloader.a(boot_uart.c.obj)
 .debug_frame   0x0000000000000950      0x1d0 lib/libbootloader.a(boot_udc.c.obj)
 .debug_frame   0x0000000000000b20      0x16c lib/libbootloader.a(boot_usb_fdl_channel.c.obj)
 .debug_frame   0x0000000000000c8c      0x138 lib/libhal.a(hal_clock_init.c.obj)
 .debug_frame   0x0000000000000dc4      0x230 lib/libhal.a(hal_chip_8910.c.obj)
 .debug_frame   0x0000000000000ff4       0xec lib/libhal.a(hal_efuse_8910.c.obj)
 .debug_frame   0x00000000000010e0       0x5c lib/libhal.a(hal_delay.c.obj)
 .debug_frame   0x000000000000113c       0x5c lib/libhal.a(hal_reg_apply.c.obj)
 .debug_frame   0x0000000000001198       0xf4 lib/libhal.a(hal_chip.c.obj)
 .debug_frame   0x000000000000128c       0xe0 lib/libhal.a(hal_adi_bus.c.obj)
 .debug_frame   0x000000000000136c       0x6c lib/libhal.a(hal_hwspinlock.c.obj)
 .debug_frame   0x00000000000013d8       0xcc lib/libhal.a(hal_blue_screen.c.obj)
 .debug_frame   0x00000000000014a4      0x56c lib/libosi_lib.a(osi_log.c.obj)
 .debug_frame   0x0000000000001a10      0x10c lib/libosi_lib.a(osi_fifo.c.obj)
 .debug_frame   0x0000000000001b1c       0x20 ../../prebuilts/linux/gcc-arm-none-eabi/bin/../lib/gcc/arm-none-eabi/7.2.1/thumb/v7-ar/fpv3/hard/libgcc.a(_udivsi3.o)
