Archive member included to satisfy reference by file (symbol)

lib/libbootloader.a(boot_platform_8910.c.obj)
                              (--whole-archive)
lib/libbootloader.a(boot_secure.c.obj)
                              (--whole-archive)
lib/libbootloader.a(boot_entry_v7a.S.obj)
                              (--whole-archive)
lib/libbootloader.a(boot_sffs_port.c.obj)
                              (--whole-archive)
lib/libbootloader.a(boot_stub.c.obj)
                              (--whole-archive)
lib/libbootloader.a(boot_delay.c.obj)
                              (--whole-archive)
lib/libbootloader.a(boot_mem.c.obj)
                              (--whole-archive)
lib/libbootloader.a(boot_spi_flash.c.obj)
                              (--whole-archive)
lib/libbootloader.a(boot_debuguart.c.obj)
                              (--whole-archive)
lib/libbootloader.a(boot_trace.c.obj)
                              (--whole-archive)
lib/libbootloader.a(boot_fdl.c.obj)
                              (--whole-archive)
lib/libbootloader.a(boot_fdl_dnld.c.obj)
                              (--whole-archive)
lib/libbootloader.a(boot_aes.c.obj)
                              (--whole-archive)
lib/libbootloader.a(boot_vfs.c.obj)
                              (--whole-archive)
lib/libbootloader.a(boot_irq.c.obj)
                              (--whole-archive)
lib/libbootloader.a(boot_timer.c.obj)
                              (--whole-archive)
lib/libbootloader.a(boot_uart.c.obj)
                              (--whole-archive)
lib/libbootloader.a(boot_uart_cmn.c.obj)
                              (--whole-archive)
lib/libbootloader.a(boot_mmu.c.obj)
                              (--whole-archive)
lib/libbootloader.a(boot_uimage.c.obj)
                              (--whole-archive)
lib/libbootloader.a(boot_udc.c.obj)
                              (--whole-archive)
lib/libbootloader.a(boot_usb_fdl_channel.c.obj)
                              (--whole-archive)
lib/libbootloader.a(boot_pdl.c.obj)
                              (--whole-archive)
lib/libbootloader.a(boot_pdl_uimage.c.obj)
                              (--whole-archive)
lib/libbootloader.a(quec_boot_fota.c.obj)
                              (--whole-archive)
lib/libbootloader.a(quec_boot_uart.c.obj)
                              (--whole-archive)
lib/libbootloader.a(quec_boot_pin_index.c.obj)
                              (--whole-archive)
lib/libcpio_parser.a(cpio_parser.c.obj)
                              (--whole-archive)
lib/libhal.a(hal_clock_init.c.obj)
                              components/bootloader/CMakeFiles/fdl2.dir/fdl2/fdl2_main.c.obj (halRamInit)
lib/libhal.a(hal_chip_8910.c.obj)
                              lib/libbootloader.a(boot_usb_fdl_channel.c.obj) (osiDCacheClean)
lib/libhal.a(hal_pmu_8910.c.obj)
                              lib/libbootloader.a(boot_fdl_dnld.c.obj) (halPmuExtFlashPowerOn)
lib/libhal.a(hal_efuse_8910.c.obj)
                              lib/libbootloader.a(boot_secure.c.obj) (halEfuseOpen)
lib/libhal.a(hal_delay.c.obj)
                              lib/libbootloader.a(boot_platform_8910.c.obj) (osiDelayUS)
lib/libhal.a(hal_iomux.c.obj)
                              lib/libhal.a(hal_chip_8910.c.obj) (halIomuxSetFunction)
lib/libhal.a(hal_reg_apply.c.obj)
                              lib/libhal.a(hal_clock_init.c.obj) (halApplyRegisters)
lib/libhal.a(hal_chip.c.obj)  lib/libbootloader.a(boot_uart.c.obj) (halCalcDivider20)
lib/libhal.a(hal_adi_bus.c.obj)
                              components/bootloader/CMakeFiles/fdl2.dir/fdl2/fdl2_main.c.obj (halAdiBusInit)
lib/libhal.a(hal_hwspinlock.c.obj)
                              lib/libhal.a(hal_efuse_8910.c.obj) (halHwspinlockAcquire)
lib/libhal.a(hal_spi_flash.c.obj)
                              lib/libbootloader.a(boot_spi_flash.c.obj) (halSpiFlashPageProgram)
lib/libhal.a(hal_blue_screen.c.obj)
                              lib/libbootloader.a(boot_platform_8910.c.obj) (halBlueScreenSaveContext)
lib/libcalclib.a(crc32.c.obj)
                              lib/libbootloader.a(boot_fdl_dnld.c.obj) (crc32Init)
lib/libsffs_core.a(sffs.c.obj)
                              lib/libbootloader.a(boot_vfs.c.obj) (sffsMount)
lib/libfsmount.a(fs_mount.c.obj)
                              lib/libbootloader.a(boot_fdl_dnld.c.obj) (fsMountFsPath)
lib/libfsmount.a(partinfo.bin.S.obj)
                              lib/libfsmount.a(fs_mount.c.obj) (gPartInfo)
lib/libbdev.a(block_device.c.obj)
                              lib/libsffs_core.a(sffs.c.obj) (blockDeviceRead)
lib/libbdev.a(partition_block_device.c.obj)
                              lib/libfsmount.a(fs_mount.c.obj) (partBlockDeviceCreate)
lib/libbdev_core.a(flash_block_device_v2.c.obj)
                              lib/libfsmount.a(fs_mount.c.obj) (flashBlockDeviceCreateV2)
lib/libosi_lib.a(osi_log.c.obj)
                              components/bootloader/CMakeFiles/fdl2.dir/fdl2/fdl2_main.c.obj (osiTraceBasic)
[...]
Memory Configuration

Name             Origin             Length             Attributes
sram             0x0000000000810040 0x000000000002ffc0 xrw
*default*        0x0000000000000000 0xffffffffffffffff

Linker script and memory map

LOAD components/bootloader/CMakeFiles/fdl2.dir/fdl2/fdl2_main.c.obj
LOAD components/bootloader/CMakeFiles/fdl2.dir/calibparam.bin.S.obj
LOAD lib/libbootloader.a
LOAD lib/libcpio_parser.a
START GROUP
LOAD lib/libhal.a
LOAD lib/libcalclib.a
LOAD lib/libsffs_core.a
LOAD lib/libfsmount.a
LOAD lib/libbdev.a
LOAD lib/libbdev_core.a
LOAD lib/libosi_lib.a
LOAD lib/libnvm.a
LOAD lib/libbt_nv.a
END GROUP
LOAD ../../components/newlib/armca5/libc.a
LOAD ../../prebuilts/linux/gcc-arm-none-eabi/bin/../lib/gcc/arm-none-eabi/7.2.1/thumb/v7-ar/fpv3/hard/libgcc.a
LOAD ../../components/libs/boot_encrypt/libboot_encrypt.a
LOAD lib/libdriver.a

.text           0x0000000000810040     0xbfc0
                0x0000000000810040                __text_start = .
 *(BOOT_ENTRY)
 BOOT_ENTRY     0x0000000000810040      0x184 lib/libbootloader.a(boot_entry_v7a.S.obj)
                0x00000000008100f0                bootEntry
                0x000000000081015c                bootJumpImageEntry
 SORT_BY_NAME(*)(.sramboottext .sramboottext.*)
 .sramboottext  0x00000000008101c4       0x64 lib/libhal.a(hal_delay.c.obj)
                0x00000000008101c4                osiDelayLoops
                0x00000000008101d0                osiDelayUS
                0x00000000008101f0                osiDebugEvent
                0x000000000081021c                osiHWTick16K
 .sramboottext  0x0000000000810228       0x56 lib/libhal.a(hal_reg_apply.c.obj)
                0x0000000000810228                halApplyRegisters
                0x000000000081025a                halApplyRegisterList
 SORT_BY_NAME(*)(.sramtext .sramtext.*)
 .sramtext      0x000000000081027e       0x1e lib/libhal.a(hal_chip_8910.c.obj)
                0x000000000081027e                uxPortSetInterruptMaskFromISR
                0x000000000081027e                vPortDisableInterrupts
                0x000000000081027e                uxPortEnterCritical
                0x000000000081027e                osiEnterCritical
                0x000000000081027e                osiIrqSave
                0x000000000081028e                vPortExitCritical
                0x000000000081028e                osiIrqRestore
                0x000000000081028e                osiExitCritical
                0x000000000081028e                vPortClearInterruptMaskFromISR
 SORT_BY_NAME(*)(.ramtext .ramtext.*)
 .ramtext.flashhal.984
                0x000000000081029c       0xe4 lib/libhal.a(hal_spi_flash.c.obj)
                0x000000000081029c                halSpiFlashCmd
 .ramtext.flashhal.245
                0x0000000000810380       0x20 lib/libhal.a(hal_spi_flash.c.obj)
 .ramtext.flashhal.324
                0x00000000008103a0       0x14 lib/libhal.a(hal_spi_flash.c.obj)
 .ramtext.flashhal.340
                0x00000000008103b4       0x24 lib/libhal.a(hal_spi_flash.c.obj)
 .ramtext.flashhal.227
                0x00000000008103d8       0x12 lib/libhal.a(hal_spi_flash.c.obj)
 .ramtext.flashhal.357
                0x00000000008103ea       0x18 lib/libhal.a(hal_spi_flash.c.obj)
 .ramtext.flashhal.471
                0x0000000000810402        0xc lib/libhal.a(hal_spi_flash.c.obj)
                0x0000000000810402                halSpiFlashPageProgram
 .ramtext.flashhal.239
                0x000000000081040e       0x16 lib/libhal.a(hal_spi_flash.c.obj)
 .ramtext.flashhal.547
                0x0000000000810424        0xa lib/libhal.a(hal_spi_flash.c.obj)
                0x0000000000810424                halSpiFlashChipErase
 .ramtext.flashhal.504
                0x000000000081042e        0xa lib/libhal.a(hal_spi_flash.c.obj)
 .ramtext.flashhal.493
                0x0000000000810438        0xa lib/libhal.a(hal_spi_flash.c.obj)
 .ramtext.flashhal.482
                0x0000000000810442        0xa lib/libhal.a(hal_spi_flash.c.obj)
 .ramtext.flashhal.902
                0x000000000081044c       0x1a lib/libhal.a(hal_spi_flash.c.obj)
                0x000000000081044c                halSpiFlashErase
 .ramtext.flashhal.408
                0x0000000000810466       0x24 lib/libhal.a(hal_spi_flash.c.obj)
 .ramtext.flashhal.381
                0x000000000081048a       0x64 lib/libhal.a(hal_spi_flash.c.obj)
 .ramtext.flashhal.450
                0x00000000008104ee       0x54 lib/libhal.a(hal_spi_flash.c.obj)
                0x00000000008104ee                halSpiFlashFinishEraseProgram
 .ramtext.flashhal.1063
                0x0000000000810542        0xa lib/libhal.a(hal_spi_flash.c.obj)
                0x0000000000810542                halSpiFlashWriteEnable
 .ramtext.flashhal.425
                0x000000000081054c      0x130 lib/libhal.a(hal_spi_flash.c.obj)
                0x000000000081054c                halSpiFlashPrepareEraseProgram
 .ramtext.flashhal.1071
                0x000000000081067c        0xa lib/libhal.a(hal_spi_flash.c.obj)
                0x000000000081067c                halSpiFlashWriteDisable
 .ramtext.flashhal.1079
                0x0000000000810686        0xa lib/libhal.a(hal_spi_flash.c.obj)
                0x0000000000810686                halSpiFlashResetEnable
 .ramtext.flashhal.1087
                0x0000000000810690        0xa lib/libhal.a(hal_spi_flash.c.obj)
                0x0000000000810690                halSpiFlashReset
 .ramtext.flashhal.1102
                0x000000000081069a       0x1a lib/libhal.a(hal_spi_flash.c.obj)
                0x000000000081069a                halSpiFlashReadSR
 .ramtext.flashhal.1165
                0x00000000008106b4       0x26 lib/libhal.a(hal_spi_flash.c.obj)
                0x00000000008106b4                halSpiFlashIsWipFinished
 .ramtext.flashhal.1178
                0x00000000008106da       0x10 lib/libhal.a(hal_spi_flash.c.obj)
                0x00000000008106da                halSpiFlashWaitWipFinish
 .ramtext.flashhal.1122
                0x00000000008106ea       0x6c lib/libhal.a(hal_spi_flash.c.obj)
                0x00000000008106ea                halSpiFlashWriteSR
 .ramtext.flashhal.1292
                0x0000000000810756      0x116 lib/libhal.a(hal_spi_flash.c.obj)
                0x0000000000810756                halSpiFlashStatusCheck
 .ramtext.flashhal.1378
                0x000000000081086c       0x94 lib/libhal.a(hal_spi_flash.c.obj)
                0x000000000081086c                halSpiFlashInit
 .ramtext.flashhal.114
                0x0000000000810900       0x44 lib/libhal.a(hal_spi_flash.c.obj)
 .ramtext.flashhal.137
                0x0000000000810944       0x44 lib/libhal.a(hal_spi_flash.c.obj)
 .ramtext.flashhal.160
                0x0000000000810988       0x44 lib/libhal.a(hal_spi_flash.c.obj)
 .ramtext.flashhal.183
                0x00000000008109cc       0x3c lib/libhal.a(hal_spi_flash.c.obj)
 .ramtext.flashhal.52
                0x0000000000810a08       0x34 lib/libhal.a(hal_spi_flash.c.obj)
 .ramtext.flashhal.93
                0x0000000000810a3c       0x3c lib/libhal.a(hal_spi_flash.c.obj)
 .ramtext.osi_log.423
                0x0000000000810a78       0xa8 lib/libosi_lib.a(osi_log.c.obj)
 .ramtext.osi_log.450
                0x0000000000810b20       0x88 lib/libosi_lib.a(osi_log.c.obj)
 .ramtext.osi_log.518
                0x0000000000810ba8       0x24 lib/libosi_lib.a(osi_log.c.obj)
                0x0000000000810ba8                osiTraceBasic
 .ramtext.osi_log.532
                0x0000000000810bcc       0x24 lib/libosi_lib.a(osi_log.c.obj)
                0x0000000000810bcc                osiTraceIdBasic
 SORT_BY_NAME(*)(.text .text.* .gnu.linkonce.t.* .rdata .rodata .rodata.* .rodata1 .gnu.linkonce.r.*)
 .rodata._global_impure_ptr
                0x0000000000810bf0        0x4 ../../components/newlib/armca5/libc.a(lib_a-impure.o)
                0x0000000000810bf0                _global_impure_ptr
 .text.memcmp   0x0000000000810bf4       0x5c ../../components/newlib/armca5/libc.a(lib_a-memcmp.o)
                0x0000000000810bf4                memcmp
 .text.memcpy   0x0000000000810c50       0xc8 ../../components/newlib/armca5/libc.a(lib_a-memcpy-stub.o)
                0x0000000000810c50                memcpy
 .text.memset   0x0000000000810d18       0xa8 ../../components/newlib/armca5/libc.a(lib_a-memset.o)
                0x0000000000810d18                memset
 .text.strcat   0x0000000000810dc0       0x40 ../../components/newlib/armca5/libc.a(lib_a-strcat.o)
                0x0000000000810dc0                strcat
 .text.strchr   0x0000000000810e00       0xd0 ../../components/newlib/armca5/libc.a(lib_a-strchr.o)
                0x0000000000810e00                strchr
 *fill*         0x0000000000810ed0       0x10 
 .text          0x0000000000810ee0      0x2dc ../../components/newlib/armca5/libc.a(lib_a-strcmp.o)
                0x0000000000810ee8                strcmp
 .text.strcpy   0x00000000008111bc       0xc4 ../../components/newlib/armca5/libc.a(lib_a-strcpy.o)
                0x00000000008111bc                strcpy
 .text.strdup   0x0000000000811280       0x10 ../../components/newlib/armca5/libc.a(lib_a-strdup.o)
                0x0000000000811280                strdup
 .text._strdup_r
                0x0000000000811290       0x24 ../../components/newlib/armca5/libc.a(lib_a-strdup_r.o)
                0x0000000000811290                _strdup_r
 *fill*         0x00000000008112b4        0xc 
 .text          0x00000000008112c0       0xdc ../../components/newlib/armca5/libc.a(lib_a-strlen.o)
                0x00000000008112c0                strlen
 .text.strncmp  0x000000000081139c       0x84 ../../components/newlib/armca5/libc.a(lib_a-strncmp.o)
                0x000000000081139c                strncmp
 .text.strrchr  0x0000000000811420       0x24 ../../components/newlib/armca5/libc.a(lib_a-strrchr.o)
                0x0000000000811420                strrchr
 .text          0x0000000000811444        0x4 ../../prebuilts/linux/gcc-arm-none-eabi/bin/../lib/gcc/arm-none-eabi/7.2.1/thumb/v7-ar/fpv3/hard/libgcc.a(_dvmd_tls.o)
                0x0000000000811444                __aeabi_ldiv0
                0x0000000000811444                __aeabi_idiv0
 .text          0x0000000000811448      0x278 ../../prebuilts/linux/gcc-arm-none-eabi/bin/../lib/gcc/arm-none-eabi/7.2.1/thumb/v7-ar/fpv3/hard/libgcc.a(_udivsi3.o)
                0x0000000000811448                __udivsi3
                0x0000000000811448                __aeabi_uidiv
                0x00000000008116a4                __aeabi_uidivmod
 .text          0x00000000008116c0     0x1784 components/bootloader/CMakeFiles/fdl2.dir/calibparam.bin.S.obj
                0x00000000008116c0                gDefCalibParam
 .text.bootStart
                0x0000000000812e44      0x194 components/bootloader/CMakeFiles/fdl2.dir/fdl2/fdl2_main.c.obj
                0x0000000000812e44                bootStart
 .rodata.bootStart.str1.1
                0x0000000000812fd8       0x34 components/bootloader/CMakeFiles/fdl2.dir/fdl2/fdl2_main.c.obj
 .text.blockDeviceRead
                0x000000000081300c        0xc lib/libbdev.a(block_device.c.obj)
                0x000000000081300c                blockDeviceRead
 .text.blockDeviceWrite
                0x0000000000813018        0xc lib/libbdev.a(block_device.c.obj)
                0x0000000000813018                blockDeviceWrite
 .text.blockDeviceErase
                0x0000000000813024        0xc lib/libbdev.a(block_device.c.obj)
                0x0000000000813024                blockDeviceErase
 .text.blockDeviceDestroy
                0x0000000000813030        0x8 lib/libbdev.a(block_device.c.obj)
                0x0000000000813030                blockDeviceDestroy
 .text._destroy
                0x0000000000813038        0x4 lib/libbdev.a(partition_block_device.c.obj)
 .text._erase   0x000000000081303c       0x14 lib/libbdev.a(partition_block_device.c.obj)
 .text._write   0x0000000000813050       0x14 lib/libbdev.a(partition_block_device.c.obj)
 .text._read    0x0000000000813064       0x14 lib/libbdev.a(partition_block_device.c.obj)
 .text.partBlockDeviceCreate
                0x0000000000813078       0x78 lib/libbdev.a(partition_block_device.c.obj)
                0x0000000000813078                partBlockDeviceCreate
 .text.prvDestroy
                0x00000000008130f0       0x1c lib/libbdev_core.a(flash_block_device_v2.c.obj)
 .text.prvStat  0x000000000081310c       0x64 lib/libbdev_core.a(flash_block_device_v2.c.obj)
 .text.prvPbGetStatus.isra.8
                0x0000000000813170       0x14 lib/libbdev_core.a(flash_block_device_v2.c.obj)
 .text.prvEbFindGcTo
                0x0000000000813184       0x56 lib/libbdev_core.a(flash_block_device_v2.c.obj)
 .text.prvPbSetStatus.isra.9
                0x00000000008131da       0x2e lib/libbdev_core.a(flash_block_device_v2.c.obj)
 .text.prvFlashWrite
                0x0000000000813208       0x3c lib/libbdev_core.a(flash_block_device_v2.c.obj)
 .text.prvPbDelete
                0x0000000000813244       0x1e lib/libbdev_core.a(flash_block_device_v2.c.obj)
 .text.prvErase
                0x0000000000813262       0x72 lib/libbdev_core.a(flash_block_device_v2.c.obj)
 .text.prvFlashWriteCheck
                0x00000000008132d4       0x28 lib/libbdev_core.a(flash_block_device_v2.c.obj)
 .text.prvFlashRead
                0x00000000008132fc       0x44 lib/libbdev_core.a(flash_block_device_v2.c.obj)
 .text.prvPbReadTail
                0x0000000000813340        0xe lib/libbdev_core.a(flash_block_device_v2.c.obj)
 .text.prvRead  0x000000000081334e       0x7e lib/libbdev_core.a(flash_block_device_v2.c.obj)
 .text.prvPbMemCalcCrc.isra.13
                0x00000000008133cc       0x1c lib/libbdev_core.a(flash_block_device_v2.c.obj)
 .text.prvPbReadStatus
                0x00000000008133e8       0xa8 lib/libbdev_core.a(flash_block_device_v2.c.obj)
 .text.prvSetGeom
                0x0000000000813490       0xbe lib/libbdev_core.a(flash_block_device_v2.c.obj)
 *fill*         0x000000000081354e        0x2 
 .text.prvScan  0x0000000000813550      0x228 lib/libbdev_core.a(flash_block_device_v2.c.obj)
 .text.prvWrite
                0x0000000000813778      0x34c lib/libbdev_core.a(flash_block_device_v2.c.obj)
 .text.flashBlockDeviceCreateV2
                0x0000000000813ac4       0xfc lib/libbdev_core.a(flash_block_device_v2.c.obj)
                0x0000000000813ac4                flashBlockDeviceCreateV2
 .text.flashBlockDeviceFormatV2
                0x0000000000813bc0       0x70 lib/libbdev_core.a(flash_block_device_v2.c.obj)
                0x0000000000813bc0                flashBlockDeviceFormatV2
 .rodata.gFbdev2Ops
                0x0000000000813c30       0x14 lib/libbdev_core.a(flash_block_device_v2.c.obj)
 .text._addRoundKey
                0x0000000000813c44       0x1c lib/libbootloader.a(boot_aes.c.obj)
 .text.aesEncryptObj
                0x0000000000813c60      0x394 lib/libbootloader.a(boot_aes.c.obj)
                0x0000000000813c60                aesEncryptObj
 .rodata.rcon   0x0000000000813ff4        0xb lib/libbootloader.a(boot_aes.c.obj)
 .rodata.sbox   0x0000000000813fff      0x100 lib/libbootloader.a(boot_aes.c.obj)
 .rodata.x2_sbox
                0x00000000008140ff      0x100 lib/libbootloader.a(boot_aes.c.obj)
 .rodata.x3_sbox
                0x00000000008141ff      0x100 lib/libbootloader.a(boot_aes.c.obj)
 *fill*         0x00000000008142ff        0x1 
 .text.bootDebuguartInit
                0x0000000000814300       0x3c lib/libbootloader.a(boot_debuguart.c.obj)
                0x0000000000814300                bootDebuguartInit
 .text.bootDebuguartWrite
                0x000000000081433c       0x34 lib/libbootloader.a(boot_debuguart.c.obj)
                0x000000000081433c                bootDebuguartWrite
 .text.bootDebuguartWriteAll
                0x0000000000814370       0x2e lib/libbootloader.a(boot_debuguart.c.obj)
                0x0000000000814370                bootDebuguartWriteAll
 .text.bootPanic
                0x000000000081439e        0x2 lib/libbootloader.a(boot_delay.c.obj)
                0x000000000081439e                bootPanic
                0x000000000081439e                osiPanic
 .text.bootElapsedTimerStart
                0x00000000008143a0       0x10 lib/libbootloader.a(boot_delay.c.obj)
                0x00000000008143a0                bootElapsedTimerStart
                0x00000000008143a0                osiElapsedTimerStart
 .text.bootElapsedTime
                0x00000000008143b0       0x1c lib/libbootloader.a(boot_delay.c.obj)
                0x00000000008143b0                osiElapsedTime
                0x00000000008143b0                bootElapsedTime
 .text.bootElapsedTimeUS
                0x00000000008143cc       0x14 lib/libbootloader.a(boot_delay.c.obj)
                0x00000000008143cc                osiElapsedTimeUS
                0x00000000008143cc                bootElapsedTimeUS
 .text._fdl_read.isra.1
                0x00000000008143e0       0x2e lib/libbootloader.a(boot_fdl.c.obj)
 .text._fdl_write_all.isra.2
                0x000000000081440e       0x1c lib/libbootloader.a(boot_fdl.c.obj)
 .text._calc_crc16_frm
                0x000000000081442a       0x4e lib/libbootloader.a(boot_fdl.c.obj)
                0x000000000081442a                _calc_crc16_frm
 .text.fdlEngineCreate
                0x0000000000814478       0x34 lib/libbootloader.a(boot_fdl.c.obj)
                0x0000000000814478                fdlEngineCreate
 .text.fdlEngineGetChannel
                0x00000000008144ac        0x4 lib/libbootloader.a(boot_fdl.c.obj)
                0x00000000008144ac                fdlEngineGetChannel
 .text.fdlEngineGetMaxPacketLen
                0x00000000008144b0        0x4 lib/libbootloader.a(boot_fdl.c.obj)
                0x00000000008144b0                fdlEngineGetMaxPacketLen
 .text.fdlEngineSendPacket
                0x00000000008144b4      0x114 lib/libbootloader.a(boot_fdl.c.obj)
                0x00000000008144b4                fdlEngineSendPacket
 .text.fdlEngineSendRespNoData
                0x00000000008145c8       0x1a lib/libbootloader.a(boot_fdl.c.obj)
                0x00000000008145c8                fdlEngineSendRespNoData
 *fill*         0x00000000008145e2        0x2 
 .text.fdlEngineSendRespData
                0x00000000008145e4       0x60 lib/libbootloader.a(boot_fdl.c.obj)
                0x00000000008145e4                fdlEngineSendRespData
 .text.fdlEngineSetBaud
                0x0000000000814644        0xa lib/libbootloader.a(boot_fdl.c.obj)
                0x0000000000814644                fdlEngineSetBaud
 *fill*         0x000000000081464e        0x2 
 .text.fdlEngineProcess
                0x0000000000814650      0x178 lib/libbootloader.a(boot_fdl.c.obj)
                0x0000000000814650                fdlEngineProcess
 .rodata.fdlEngineCreate.str1.1
                0x00000000008147c8       0x23 lib/libbootloader.a(boot_fdl.c.obj)
 .rodata.fdlEngineProcess.str1.1
                0x00000000008147eb       0x7e lib/libbootloader.a(boot_fdl.c.obj)
 .rodata.fdlEngineSendRespData.str1.1
                0x0000000000814869       0x1d lib/libbootloader.a(boot_fdl.c.obj)
 *fill*         0x0000000000814886        0x2 
 .text.prvFlashPolling
                0x0000000000814888       0xa0 lib/libbootloader.a(boot_fdl_dnld.c.obj)
 .text.prvPolling
                0x0000000000814928       0x8c lib/libbootloader.a(boot_fdl_dnld.c.obj)
 .text.prvMountModem.isra.2
                0x00000000008149b4        0xc lib/libbootloader.a(boot_fdl_dnld.c.obj)
 .text.prvFactoryNvHack
                0x00000000008149c0       0x70 lib/libbootloader.a(boot_fdl_dnld.c.obj)
 .text.prvMountFactory
                0x0000000000814a30       0x20 lib/libbootloader.a(boot_fdl_dnld.c.obj)
 .text.prvFsPrepare.part.5
                0x0000000000814a50       0x2c lib/libbootloader.a(boot_fdl_dnld.c.obj)
 .text.prvProcessPkt
                0x0000000000814a7c      0x974 lib/libbootloader.a(boot_fdl_dnld.c.obj)
 .text.fdlDnldStart
                0x00000000008153f0       0xbc lib/libbootloader.a(boot_fdl_dnld.c.obj)
                0x00000000008153f0                fdlDnldStart
 .rodata        0x00000000008154ac        0x8 lib/libbootloader.a(boot_fdl_dnld.c.obj)
 .rodata.fdlDnldStart.str1.1
                0x00000000008154b4        0x2 lib/libbootloader.a(boot_fdl_dnld.c.obj)
 .rodata.prvMountFactory.str1.1
                0x00000000008154b6        0x9 lib/libbootloader.a(boot_fdl_dnld.c.obj)
 .rodata.prvMountModem.isra.2.str1.1
                0x00000000008154bf        0x7 lib/libbootloader.a(boot_fdl_dnld.c.obj)
 .rodata.prvPolling.str1.1
                0x00000000008154c6       0x4f lib/libbootloader.a(boot_fdl_dnld.c.obj)
 .rodata.prvProcessPkt.str1.1
                0x0000000000815515      0x31f lib/libbootloader.a(boot_fdl_dnld.c.obj)
 .text.bootIrqHandler
                0x0000000000815834       0x1c lib/libbootloader.a(boot_irq.c.obj)
                0x0000000000815834                bootIrqHandler
 .text._heap_malloc
                0x0000000000815850       0x38 lib/libbootloader.a(boot_mem.c.obj)
 .text._heap_calloc
                0x0000000000815888       0x26 lib/libbootloader.a(boot_mem.c.obj)
 .text._heap_free
                0x00000000008158ae       0x76 lib/libbootloader.a(boot_mem.c.obj)
 .text.bootHeapInit
                0x0000000000815924       0x48 lib/libbootloader.a(boot_mem.c.obj)
                0x0000000000815924                bootHeapInit
 .text.bootFree
                0x000000000081596c       0x38 lib/libbootloader.a(boot_mem.c.obj)
                0x000000000081596c                bootFree
 .text.bootHeapDefaultExtRam
                0x00000000008159a4       0x10 lib/libbootloader.a(boot_mem.c.obj)
                0x00000000008159a4                bootHeapDefaultExtRam
 .text.malloc   0x00000000008159b4       0x10 lib/libbootloader.a(boot_mem.c.obj)
                0x00000000008159b4                malloc
 .text.calloc   0x00000000008159c4       0x10 lib/libbootloader.a(boot_mem.c.obj)
                0x00000000008159c4                calloc
 .text.free     0x00000000008159d4        0x4 lib/libbootloader.a(boot_mem.c.obj)
                0x00000000008159d4                free
 .text.bootMmuEnable
                0x00000000008159d8      0x214 lib/libbootloader.a(boot_mmu.c.obj)
                0x00000000008159d8                bootMmuEnable
 .text.bootReset
                0x0000000000815bec       0x48 lib/libbootloader.a(boot_platform_8910.c.obj)
                0x0000000000815bec                bootReset
 .text._psmPrepare
                0x0000000000815c34      0x144 lib/libbootloader.a(boot_platform_8910.c.obj)
                0x0000000000815c34                _psmPrepare
 .text.bootPowerOff
                0x0000000000815d78       0x34 lib/libbootloader.a(boot_platform_8910.c.obj)
                0x0000000000815d78                bootPowerOff
 .text.bootBlueScreen
                0x0000000000815dac        0xc lib/libbootloader.a(boot_platform_8910.c.obj)
                0x0000000000815dac                bootBlueScreen
 .text.prvRomHashInit
                0x0000000000815db8       0x10 lib/libbootloader.a(boot_secure.c.obj)
 .text.prvRomHashUpdate
                0x0000000000815dc8        0xc lib/libbootloader.a(boot_secure.c.obj)
 .text.prvSecureInit
                0x0000000000815dd4       0x8c lib/libbootloader.a(boot_secure.c.obj)
 .text.prvEmbeddedSigCheck
                0x0000000000815e60      0x100 lib/libbootloader.a(boot_secure.c.obj)
 .text.bootSecureBootEnable
                0x0000000000815f60       0x28 lib/libbootloader.a(boot_secure.c.obj)
                0x0000000000815f60                bootSecureBootEnable
 .text.bootSecureEmbeddedSigCheck
                0x0000000000815f88       0x20 lib/libbootloader.a(boot_secure.c.obj)
                0x0000000000815f88                bootSecureEmbeddedSigCheck
 .text.bootAntiCloneEncryption
                0x0000000000815fa8       0x4c lib/libbootloader.a(boot_secure.c.obj)
                0x0000000000815fa8                bootAntiCloneEncryption
 .rodata.prvEmbeddedSigCheck.str1.1
                0x0000000000815ff4       0x10 lib/libbootloader.a(boot_secure.c.obj)
 .text.osiMutexCreate
                0x0000000000816004        0x4 lib/libbootloader.a(boot_sffs_port.c.obj)
                0x0000000000816004                osiMutexCreate
 .text.osiMutexDelete
                0x0000000000816008        0x2 lib/libbootloader.a(boot_sffs_port.c.obj)
                0x0000000000816008                osiMutexDelete
 .text.osiMutexLock
                0x000000000081600a        0x2 lib/libbootloader.a(boot_sffs_port.c.obj)
                0x000000000081600a                osiMutexLock
 .text.osiMutexUnlock
                0x000000000081600c        0x2 lib/libbootloader.a(boot_sffs_port.c.obj)
                0x000000000081600c                osiMutexUnlock
 .text.drvSpiFlashOpen
                0x000000000081600e        0x4 lib/libbootloader.a(boot_sffs_port.c.obj)
                0x000000000081600e                drvSpiFlashOpen
 .text.drvSpiFlashMapAddress
                0x0000000000816012        0x4 lib/libbootloader.a(boot_sffs_port.c.obj)
                0x0000000000816012                drvSpiFlashMapAddress
 .text.drvSpiFlashWrite
                0x0000000000816016        0x4 lib/libbootloader.a(boot_sffs_port.c.obj)
                0x0000000000816016                drvSpiFlashWrite
 .text.drvSpiFlashErase
                0x000000000081601a        0x4 lib/libbootloader.a(boot_sffs_port.c.obj)
                0x000000000081601a                drvSpiFlashErase
 .text.prvErase
                0x000000000081601e       0x1e lib/libbootloader.a(boot_spi_flash.c.obj)
 .text.bootSpiFlashOpen
                0x000000000081603c       0x38 lib/libbootloader.a(boot_spi_flash.c.obj)
                0x000000000081603c                bootSpiFlashOpen
 .text.bootSpiFlashMapAddress
                0x0000000000816074        0x6 lib/libbootloader.a(boot_spi_flash.c.obj)
                0x0000000000816074                bootSpiFlashMapAddress
 .text.bootSpiFlashMapAddressValid
                0x000000000081607a       0x18 lib/libbootloader.a(boot_spi_flash.c.obj)
                0x000000000081607a                bootSpiFlashMapAddressValid
 .text.bootSpiFlashIsDone
                0x0000000000816092        0x6 lib/libbootloader.a(boot_spi_flash.c.obj)
                0x0000000000816092                bootSpiFlashIsDone
 .text.bootSpiFlashWaitDone
                0x0000000000816098       0x16 lib/libbootloader.a(boot_spi_flash.c.obj)
                0x0000000000816098                bootSpiFlashWaitDone
 .text.bootSpiFlashWriteNoWait
                0x00000000008160ae       0x72 lib/libbootloader.a(boot_spi_flash.c.obj)
                0x00000000008160ae                bootSpiFlashWriteNoWait
 .text.bootSpiFlashEraseNoWait
                0x0000000000816120       0xb2 lib/libbootloader.a(boot_spi_flash.c.obj)
                0x0000000000816120                bootSpiFlashEraseNoWait
 .text.bootSpiFlashChipErase
                0x00000000008161d2       0x36 lib/libbootloader.a(boot_spi_flash.c.obj)
                0x00000000008161d2                bootSpiFlashChipErase
 .text.bootSpiFlashErase
                0x0000000000816208       0x3c lib/libbootloader.a(boot_spi_flash.c.obj)
                0x0000000000816208                bootSpiFlashErase
 .text.bootSpiFlashWrite
                0x0000000000816244       0x46 lib/libbootloader.a(boot_spi_flash.c.obj)
                0x0000000000816244                bootSpiFlashWrite
 *fill*         0x000000000081628a        0x2 
 .text.osiPmSourceCreate
                0x000000000081628c        0x8 lib/libbootloader.a(boot_stub.c.obj)
                0x000000000081628c                osiPmSourceCreate
 .text.bootTimerISR
                0x0000000000816294       0x1c lib/libbootloader.a(boot_timer.c.obj)
                0x0000000000816294                bootTimerISR
 .text.bootTraceInit
                0x00000000008162b0       0x18 lib/libbootloader.a(boot_trace.c.obj)
                0x00000000008162b0                bootTraceInit
 .text.bootTraceBufPut
                0x00000000008162c8        0xa lib/libbootloader.a(boot_trace.c.obj)
                0x00000000008162c8                osiTraceBufPut
                0x00000000008162c8                bootTraceBufPut
 .text.bootTraceBufPutMulti
                0x00000000008162d2       0x22 lib/libbootloader.a(boot_trace.c.obj)
                0x00000000008162d2                osiTraceBufPutMulti
                0x00000000008162d2                bootTraceBufPutMulti
 .text.prvUartAvail
                0x00000000008162f4        0xa lib/libbootloader.a(boot_uart.c.obj)
 .text.prvUartFlush
                0x00000000008162fe        0x2 lib/libbootloader.a(boot_uart.c.obj)
 .text.prvUartConnected
                0x0000000000816300        0x4 lib/libbootloader.a(boot_uart.c.obj)
 .text.prvUartDestroy
                0x0000000000816304        0x4 lib/libbootloader.a(boot_uart.c.obj)
 .text.prvUartBaudSupported
                0x0000000000816308        0x4 lib/libbootloader.a(boot_uart.c.obj)
 .text.bootUartSetBaud
                0x000000000081630c       0x18 lib/libbootloader.a(boot_uart.c.obj)
                0x000000000081630c                bootUartSetBaud
 .text.bootUartOpen
                0x0000000000816324       0x94 lib/libbootloader.a(boot_uart.c.obj)
                0x0000000000816324                bootUartOpen
 .text.prvUartSetBaud
                0x00000000008163b8        0x6 lib/libbootloader.a(boot_uart.c.obj)
 .text.bootUartRead
                0x00000000008163be       0x24 lib/libbootloader.a(boot_uart.c.obj)
                0x00000000008163be                bootUartRead
 .text.prvUartFlushInput
                0x00000000008163e2       0x18 lib/libbootloader.a(boot_uart.c.obj)
 .text.prvUartRead
                0x00000000008163fa        0x6 lib/libbootloader.a(boot_uart.c.obj)
 .text.bootUartWrite
                0x0000000000816400       0x2e lib/libbootloader.a(boot_uart.c.obj)
                0x0000000000816400                bootUartWrite
 .text.prvUartWrite
                0x000000000081642e        0x6 lib/libbootloader.a(boot_uart.c.obj)
                0x000000000081642e                prvUartWrite
 .text.fdlOpenUart
                0x0000000000816434       0x70 lib/libbootloader.a(boot_uart.c.obj)
                0x0000000000816434                fdlOpenUart
 .text._giveBackComplete.isra.1
                0x00000000008164a4       0x1e lib/libbootloader.a(boot_udc.c.obj)
 *fill*         0x00000000008164c2        0x2 
 .text._epXferStart
                0x00000000008164c4      0x140 lib/libbootloader.a(boot_udc.c.obj)
 .text._txFifoFlush.isra.4
                0x0000000000816604       0x18 lib/libbootloader.a(boot_udc.c.obj)
 .text._epIsr   0x000000000081661c      0x18c lib/libbootloader.a(boot_udc.c.obj)
 .text._initUdcCommonConfig.constprop.8
                0x00000000008167a8       0x78 lib/libbootloader.a(boot_udc.c.obj)
 .text._setHwEpMps.isra.0.constprop.9
                0x0000000000816820       0x2e lib/libbootloader.a(boot_udc.c.obj)
 *fill*         0x000000000081684e        0x2 
 .text.bootUdcOpen
                0x0000000000816850       0xa0 lib/libbootloader.a(boot_udc.c.obj)
                0x0000000000816850                bootUdcOpen
 .text.bootUdcClose
                0x00000000008168f0        0x2 lib/libbootloader.a(boot_udc.c.obj)
                0x00000000008168f0                bootUdcClose
 .text.bootUdcConnected
                0x00000000008168f2       0x18 lib/libbootloader.a(boot_udc.c.obj)
                0x00000000008168f2                bootUdcConnected
 *fill*         0x000000000081690a        0x2 
 .text.bootUdcIsrPoll
                0x000000000081690c       0xd4 lib/libbootloader.a(boot_udc.c.obj)
                0x000000000081690c                bootUdcIsrPoll
 .text.bootUdcXferEnqueue
                0x00000000008169e0       0xa0 lib/libbootloader.a(boot_udc.c.obj)
                0x00000000008169e0                bootUdcXferEnqueue
 .text.bootUdcXferAlloc
                0x0000000000816a80       0x24 lib/libbootloader.a(boot_udc.c.obj)
                0x0000000000816a80                bootUdcXferAlloc
 .text.bootUdcXferFree
                0x0000000000816aa4        0x6 lib/libbootloader.a(boot_udc.c.obj)
                0x0000000000816aa4                bootUdcXferFree
 .text.bootUdcRomSerialInEp
                0x0000000000816aaa        0x6 lib/libbootloader.a(boot_udc.c.obj)
                0x0000000000816aaa                bootUdcRomSerialInEp
 .text.bootUdcRomSerialOutEp
                0x0000000000816ab0        0x8 lib/libbootloader.a(boot_udc.c.obj)
                0x0000000000816ab0                bootUdcRomSerialOutEp
 .rodata._epIsr.str1.1
                0x0000000000816ab8       0xb7 lib/libbootloader.a(boot_udc.c.obj)
 .rodata._epXferStart.str1.1
                0x0000000000816b6f       0x1e lib/libbootloader.a(boot_udc.c.obj)
 .rodata.bootUdcIsrPoll.str1.1
                0x0000000000816b8d       0x2e lib/libbootloader.a(boot_udc.c.obj)
 .rodata.bootUdcXferAlloc.str1.1
                0x0000000000816bbb       0x1c lib/libbootloader.a(boot_udc.c.obj)
 .rodata.bootUdcXferEnqueue.str1.1
                0x0000000000816bd7       0x32 lib/libbootloader.a(boot_udc.c.obj)
 *fill*         0x0000000000816c09        0x1 
 .text._setBaud
                0x0000000000816c0a        0x4 lib/libbootloader.a(boot_usb_fdl_channel.c.obj)
 .text._flush   0x0000000000816c0e        0x2 lib/libbootloader.a(boot_usb_fdl_channel.c.obj)
 .text._connected
                0x0000000000816c10        0x6 lib/libbootloader.a(boot_usb_fdl_channel.c.obj)
 *fill*         0x0000000000816c16        0x2 
 .text._txComp  0x0000000000816c18       0x24 lib/libbootloader.a(boot_usb_fdl_channel.c.obj)
 .text._destroy
                0x0000000000816c3c       0x24 lib/libbootloader.a(boot_usb_fdl_channel.c.obj)
 .text._rxComp  0x0000000000816c60       0x5c lib/libbootloader.a(boot_usb_fdl_channel.c.obj)
 .text._write   0x0000000000816cbc       0xb8 lib/libbootloader.a(boot_usb_fdl_channel.c.obj)
 .text._startRx
                0x0000000000816d74       0x54 lib/libbootloader.a(boot_usb_fdl_channel.c.obj)
 .text._poll    0x0000000000816dc8       0x34 lib/libbootloader.a(boot_usb_fdl_channel.c.obj)
 .text._flushInput
                0x0000000000816dfc       0x14 lib/libbootloader.a(boot_usb_fdl_channel.c.obj)
 .text._read    0x0000000000816e10       0x1c lib/libbootloader.a(boot_usb_fdl_channel.c.obj)
 .text._avail   0x0000000000816e2c       0x10 lib/libbootloader.a(boot_usb_fdl_channel.c.obj)
 .text.fdlOpenUsbSerial
                0x0000000000816e3c      0x110 lib/libbootloader.a(boot_usb_fdl_channel.c.obj)
                0x0000000000816e3c                fdlOpenUsbSerial
 .rodata._poll.str1.1
                0x0000000000816f4c       0x15 lib/libbootloader.a(boot_usb_fdl_channel.c.obj)
 .rodata._rxComp.str1.1
                0x0000000000816f61       0x43 lib/libbootloader.a(boot_usb_fdl_channel.c.obj)
 .rodata._startRx.str1.1
                0x0000000000816fa4       0x16 lib/libbootloader.a(boot_usb_fdl_channel.c.obj)
 .rodata._txComp.str1.1
                0x0000000000816fba       0x19 lib/libbootloader.a(boot_usb_fdl_channel.c.obj)
 .rodata._write.str1.1
                0x0000000000816fd3       0x39 lib/libbootloader.a(boot_usb_fdl_channel.c.obj)
 .text._getFileByFd
                0x000000000081700c       0x34 lib/libbootloader.a(boot_vfs.c.obj)
 .text._getFileByPath
                0x0000000000817040       0x70 lib/libbootloader.a(boot_vfs.c.obj)
 .text.bootVfsMount
                0x00000000008170b0       0x6c lib/libbootloader.a(boot_vfs.c.obj)
                0x00000000008170b0                bootVfsMount
 .text.bootVfsMountHandle
                0x000000000081711c       0x34 lib/libbootloader.a(boot_vfs.c.obj)
                0x000000000081711c                bootVfsMountHandle
                0x000000000081711c                vfs_mount_handle
 .text.bootVfsUmount
                0x0000000000817150       0x50 lib/libbootloader.a(boot_vfs.c.obj)
                0x0000000000817150                vfs_umount
                0x0000000000817150                bootVfsUmount
 .text.bootVfsRemount
                0x00000000008171a0       0x38 lib/libbootloader.a(boot_vfs.c.obj)
                0x00000000008171a0                vfs_remount
                0x00000000008171a0                bootVfsRemount
 .text.bootVfsUmountAll
                0x00000000008171d8       0x20 lib/libbootloader.a(boot_vfs.c.obj)
                0x00000000008171d8                vfs_umount_all
                0x00000000008171d8                bootVfsUmountAll
 .text.bootVfsOpen
                0x00000000008171f8       0x34 lib/libbootloader.a(boot_vfs.c.obj)
                0x00000000008171f8                bootVfsOpen
                0x00000000008171f8                vfs_open
 .text.bootVfsRead
                0x000000000081722c       0x2e lib/libbootloader.a(boot_vfs.c.obj)
                0x000000000081722c                bootVfsRead
                0x000000000081722c                vfs_read
 .text.bootVfsFstat
                0x000000000081725a       0x28 lib/libbootloader.a(boot_vfs.c.obj)
                0x000000000081725a                bootVfsFstat
                0x000000000081725a                vfs_fstat
 .text.bootVfsClose
                0x0000000000817282       0x26 lib/libbootloader.a(boot_vfs.c.obj)
                0x0000000000817282                bootVfsClose
                0x0000000000817282                vfs_close
 .text.bootVfsUnlink
                0x00000000008172a8       0x24 lib/libbootloader.a(boot_vfs.c.obj)
                0x00000000008172a8                vfs_unlink
                0x00000000008172a8                bootVfsUnlink
 .text.bootVfsRmDir
                0x00000000008172cc       0x24 lib/libbootloader.a(boot_vfs.c.obj)
                0x00000000008172cc                vfs_rmdir
                0x00000000008172cc                bootVfsRmDir
 .text.bootVfsStatVfs
                0x00000000008172f0       0x24 lib/libbootloader.a(boot_vfs.c.obj)
                0x00000000008172f0                vfs_statvfs
                0x00000000008172f0                bootVfsStatVfs
 .text.bootVfsFileSize
                0x0000000000817314       0x2c lib/libbootloader.a(boot_vfs.c.obj)
                0x0000000000817314                vfs_sfile_size
                0x0000000000817314                vfs_file_size
                0x0000000000817314                bootVfsFileSize
 .text.bootVfsFileRead
                0x0000000000817340       0x2a lib/libbootloader.a(boot_vfs.c.obj)
                0x0000000000817340                bootVfsFileRead
                0x0000000000817340                vfs_sfile_read
                0x0000000000817340                vfs_file_read
 .text.bootVfsFileWrite
                0x000000000081736a       0x2c lib/libbootloader.a(boot_vfs.c.obj)
                0x000000000081736a                bootVfsFileWrite
                0x000000000081736a                vfs_file_write
 .text.bootVfsSfileWrite
                0x0000000000817396        0x4 lib/libbootloader.a(boot_vfs.c.obj)
                0x0000000000817396                bootVfsSfileWrite
                0x0000000000817396                vfs_sfile_write
 .text.bootVfsMkPath
                0x000000000081739a       0x60 lib/libbootloader.a(boot_vfs.c.obj)
                0x000000000081739a                bootVfsMkPath
                0x000000000081739a                vfs_mkpath
 .text.bootVfsMkFilePath
                0x00000000008173fa       0x70 lib/libbootloader.a(boot_vfs.c.obj)
                0x00000000008173fa                bootVfsMkFilePath
                0x00000000008173fa                vfs_mkfilepath
 *fill*         0x000000000081746a        0x2 
 .text.bootVfsRmChildren
                0x000000000081746c       0xd0 lib/libbootloader.a(boot_vfs.c.obj)
                0x000000000081746c                vfs_rmchildren
                0x000000000081746c                bootVfsRmChildren
 .text.bootSffsMount
                0x000000000081753c       0x3e lib/libbootloader.a(boot_vfs.c.obj)
                0x000000000081753c                sffsVfsMount
                0x000000000081753c                bootSffsMount
 .text.bootSffsMkfs
                0x000000000081757a        0xa lib/libbootloader.a(boot_vfs.c.obj)
                0x000000000081757a                bootSffsMkfs
                0x000000000081757a                sffsVfsMkfs
 .rodata.bootVfsRmChildren.str1.1
                0x0000000000817584        0x2 lib/libbootloader.a(boot_vfs.c.obj)
 .text.btConfigNvCheck
                0x0000000000817584       0x10 lib/libbt_nv.a(bt_nv.c.obj)
                0x0000000000817584                btConfigNvCheck
 .text.btConfigNvMigration
                0x0000000000817594       0x30 lib/libbt_nv.a(bt_nv.c.obj)
                0x0000000000817594                btConfigNvMigration
 .text.crc32Init
                0x00000000008175c4        0x4 lib/libcalclib.a(crc32.c.obj)
                0x00000000008175c4                crc32Init
 .text.crc32Update
                0x00000000008175c8       0x2c lib/libcalclib.a(crc32.c.obj)
                0x00000000008175c8                crc32Update
 .text.crc32Calc
                0x00000000008175f4       0x30 lib/libcalclib.a(crc32.c.obj)
                0x00000000008175f4                crc32Calc
 .text.crc8RohcCalc
                0x0000000000817624       0x28 lib/libcalclib.a(crc32.c.obj)
                0x0000000000817624                crc8RohcCalc
 .text.crc16NvCalc
                0x000000000081764c       0x44 lib/libcalclib.a(crc32.c.obj)
                0x000000000081764c                crc16NvCalc
 .rodata.gCrc8Table
                0x0000000000817690      0x100 lib/libcalclib.a(crc32.c.obj)
 .rodata.vds_crc32_table
                0x0000000000817790      0x400 lib/libcalclib.a(crc32.c.obj)
                0x0000000000817790                vds_crc32_table
 .text.prvPushHead
                0x0000000000817b90      0x1ac lib/libcpio_parser.a(cpio_parser.c.obj)
 .text.prvPushData
                0x0000000000817d3c       0xf4 lib/libcpio_parser.a(cpio_parser.c.obj)
 .text.cpioStreamCreate
                0x0000000000817e30       0x2e lib/libcpio_parser.a(cpio_parser.c.obj)
                0x0000000000817e30                cpioStreamCreate
 .text.cpioStreamDestroy
                0x0000000000817e5e       0x56 lib/libcpio_parser.a(cpio_parser.c.obj)
                0x0000000000817e5e                cpioStreamDestroy
 .text.cpioStreamPushData
                0x0000000000817eb4       0x38 lib/libcpio_parser.a(cpio_parser.c.obj)
                0x0000000000817eb4                cpioStreamPushData
 .text.cpioStreamPopFile
                0x0000000000817eec       0x38 lib/libcpio_parser.a(cpio_parser.c.obj)
                0x0000000000817eec                cpioStreamPopFile
 .text.cpioStreamDestroyFile
                0x0000000000817f24       0x1c lib/libcpio_parser.a(cpio_parser.c.obj)
                0x0000000000817f24                cpioStreamDestroyFile
 .rodata.prvPushData.str1.1
                0x0000000000817f40        0xb lib/libcpio_parser.a(cpio_parser.c.obj)
 .rodata.prvPushHead.str1.1
                0x0000000000817f4b       0x3a lib/libcpio_parser.a(cpio_parser.c.obj)
 *fill*         0x0000000000817f85        0x3 
 .text.prvDescSize
                0x0000000000817f88       0x38 lib/libfsmount.a(fs_mount.c.obj)
 .text.prvFindFbdevDescByName
                0x0000000000817fc0       0x38 lib/libfsmount.a(fs_mount.c.obj)
 .text.prvFindSffsDescByDeviceName
                0x0000000000817ff8       0x38 lib/libfsmount.a(fs_mount.c.obj)
 .text.prvFlagIgnored
                0x0000000000818030       0x20 lib/libfsmount.a(fs_mount.c.obj)
 .text.prvFindSffsDescByMount
                0x0000000000818050       0x4c lib/libfsmount.a(fs_mount.c.obj)
 .text.prvMountSffs
                0x000000000081809c       0xb4 lib/libfsmount.a(fs_mount.c.obj)
 .text.prvRegisterBlockDevice
                0x0000000000818150       0x44 lib/libfsmount.a(fs_mount.c.obj)
 .text.fsFindBlockDeviceByName
                0x0000000000818194       0x18 lib/libfsmount.a(fs_mount.c.obj)
                0x0000000000818194                fsFindBlockDeviceByName
 .text.prvCreateFbdev2
                0x00000000008181ac       0xc0 lib/libfsmount.a(fs_mount.c.obj)
 .text.prvCreateSubpart
                0x000000000081826c       0x64 lib/libfsmount.a(fs_mount.c.obj)
 .text.fsMountFormat
                0x00000000008182d0       0x44 lib/libfsmount.a(fs_mount.c.obj)
                0x00000000008182d0                fsMountFormat
 .text.fsMountFsPath
                0x0000000000818314       0x58 lib/libfsmount.a(fs_mount.c.obj)
                0x0000000000818314                fsMountFsPath
 .text.fsMountFormatFlash
                0x000000000081836c      0x134 lib/libfsmount.a(fs_mount.c.obj)
                0x000000000081836c                fsMountFormatFlash
 .text.fsMountSetScenario
                0x00000000008184a0        0xc lib/libfsmount.a(fs_mount.c.obj)
                0x00000000008184a0                fsMountSetScenario
 .text.fsMountWithFormatAll
                0x00000000008184ac      0x134 lib/libfsmount.a(fs_mount.c.obj)
                0x00000000008184ac                fsMountWithFormatAll
 .text.fsUmountAll
                0x00000000008185e0       0x24 lib/libfsmount.a(fs_mount.c.obj)
                0x00000000008185e0                fsUmountAll
 .text.fsRemountFactory
                0x0000000000818604       0x30 lib/libfsmount.a(fs_mount.c.obj)
                0x0000000000818604                fsRemountFactory
 .rodata.fsRemountFactory.str1.1
                0x0000000000818634        0x9 lib/libfsmount.a(fs_mount.c.obj)
 .text          0x0000000000818634      0x160 lib/libfsmount.a(partinfo.bin.S.obj)
                0x0000000000818634                gPartInfo
 .text._initCfgReg
                0x0000000000818794       0x28 lib/libhal.a(hal_adi_bus.c.obj)
                0x0000000000818794                _initCfgReg
 .text._adiBusResume
                0x00000000008187bc        0xa lib/libhal.a(hal_adi_bus.c.obj)
 *fill*         0x00000000008187c6        0x2 
 .text.halAdiBusInit
                0x00000000008187c8       0x1c lib/libhal.a(hal_adi_bus.c.obj)
                0x00000000008187c8                halAdiBusInit
 .text.halAdiBusRead
                0x00000000008187e4       0x3c lib/libhal.a(hal_adi_bus.c.obj)
                0x00000000008187e4                halAdiBusRead
 .text.halAdiBusWrite
                0x0000000000818820       0x2c lib/libhal.a(hal_adi_bus.c.obj)
                0x0000000000818820                halAdiBusWrite
 .text.halAdiBusChange
                0x000000000081884c       0x64 lib/libhal.a(hal_adi_bus.c.obj)
                0x000000000081884c                halAdiBusChange
 .rodata        0x00000000008188b0        0x4 lib/libhal.a(hal_adi_bus.c.obj)
 .rodata._adiBusPmOps
                0x00000000008188b4       0x10 lib/libhal.a(hal_adi_bus.c.obj)
 .text.halBlueScreenSaveContext
                0x00000000008188c4       0x34 lib/libhal.a(hal_blue_screen.c.obj)
                0x00000000008188c4                halBlueScreenSaveContext
 .text.halCalcDivider20
                0x00000000008188f8       0x88 lib/libhal.a(hal_chip.c.obj)
                0x00000000008188f8                halCalcDivider20
 .text.osiDCacheClean
                0x0000000000818980       0x1c lib/libhal.a(hal_chip_8910.c.obj)
                0x0000000000818980                osiDCacheClean
 .text.osiDCacheInvalidate
                0x000000000081899c       0x18 lib/libhal.a(hal_chip_8910.c.obj)
                0x000000000081899c                osiDCacheInvalidate
 .text.osiDCacheCleanInvalidateAll
                0x00000000008189b4       0xac lib/libhal.a(hal_chip_8910.c.obj)
                0x00000000008189b4                osiDCacheCleanInvalidateAll
 .text.prvRamPhyPadCfg
                0x0000000000818a60       0xb4 lib/libhal.a(hal_clock_init.c.obj)
 .text.prvRamDmcCfg
                0x0000000000818b14       0xbc lib/libhal.a(hal_clock_init.c.obj)
 .text.prvDelayUS
                0x0000000000818bd0       0x14 lib/libhal.a(hal_clock_init.c.obj)
 .text._dmc400QosConfig
                0x0000000000818be4      0x164 lib/libhal.a(hal_clock_init.c.obj)
 .text.halPsramPllTrainAds0
                0x0000000000818d48       0x3c lib/libhal.a(hal_clock_init.c.obj)
 .text.halPsramPllTrainAds1
                0x0000000000818d84       0x3c lib/libhal.a(hal_clock_init.c.obj)
 .text.halWriteDllTrain
                0x0000000000818dc0       0x40 lib/libhal.a(hal_clock_init.c.obj)
 .text.halRamInit
                0x0000000000818e00       0xb8 lib/libhal.a(hal_clock_init.c.obj)
                0x0000000000818e00                halRamInit
 .text.halClockInit
                0x0000000000818eb8      0x240 lib/libhal.a(hal_clock_init.c.obj)
                0x0000000000818eb8                halClockInit
 .rodata        0x00000000008190f8        0x8 lib/libhal.a(hal_clock_init.c.obj)
 .text.prvEfuseSetDouble
                0x0000000000819100       0x10 lib/libhal.a(hal_efuse_8910.c.obj)
 .text.halEfuseOpen
                0x0000000000819110       0x60 lib/libhal.a(hal_efuse_8910.c.obj)
                0x0000000000819110                halEfuseOpen
 .text.halEfuseClose
                0x0000000000819170       0x48 lib/libhal.a(hal_efuse_8910.c.obj)
                0x0000000000819170                halEfuseClose
 .text.halEfuseDoubleRead
                0x00000000008191b8       0x3c lib/libhal.a(hal_efuse_8910.c.obj)
                0x00000000008191b8                halEfuseDoubleRead
 .text.halHwspinlockAcquire
                0x00000000008191f4       0x38 lib/libhal.a(hal_hwspinlock.c.obj)
                0x00000000008191f4                halHwspinlockAcquire
 .text.halHwspinlockRelease
                0x000000000081922c       0x14 lib/libhal.a(hal_hwspinlock.c.obj)
                0x000000000081922c                halHwspinlockRelease
 .text.halHwspinlockReleaseInCritical
                0x0000000000819240       0x14 lib/libhal.a(hal_hwspinlock.c.obj)
                0x0000000000819240                halHwspinlockReleaseInCritical
 .text.halPmuExtFlashPowerOn
                0x0000000000819254        0x2 lib/libhal.a(hal_pmu_8910.c.obj)
                0x0000000000819254                halPmuExtFlashPowerOn
 *fill*         0x0000000000819256        0x2 
 .rodata.gSpiFlashProps
                0x0000000000819258      0x12c lib/libhal.a(hal_spi_flash.c.obj)
 .text.prvWriteNvDirect.constprop.1
                0x0000000000819384       0x64 lib/libnvm.a(nvm_8910.c.obj)
 .text.prvReadNvDirect.constprop.2
                0x00000000008193e8       0x3c lib/libnvm.a(nvm_8910.c.obj)
 .text.prvReadItem
                0x0000000000819424       0xcc lib/libnvm.a(nvm_8910.c.obj)
 .text.prvWriteItem
                0x00000000008194f0       0xec lib/libnvm.a(nvm_8910.c.obj)
 .text.nvmReadItem
                0x00000000008195dc        0x6 lib/libnvm.a(nvm_8910.c.obj)
                0x00000000008195dc                nvmReadItem
 .text.nvmReadFixedItem
                0x00000000008195e2        0x6 lib/libnvm.a(nvm_8910.c.obj)
                0x00000000008195e2                nvmReadFixedItem
 .text.nvmWriteItem
                0x00000000008195e8        0x6 lib/libnvm.a(nvm_8910.c.obj)
                0x00000000008195e8                nvmWriteItem
 .text.nvmWriteFixedItem
                0x00000000008195ee        0x6 lib/libnvm.a(nvm_8910.c.obj)
                0x00000000008195ee                nvmWriteFixedItem
 .text.nvmClearRunning
                0x00000000008195f4        0xc lib/libnvm.a(nvm_8910.c.obj)
                0x00000000008195f4                nvmClearRunning
 .text.nvmReadPhasecheck
                0x0000000000819600       0x1c lib/libnvm.a(nvm_8910.c.obj)
                0x0000000000819600                nvmReadPhasecheck
 .text.nvmWritePhaseCheck
                0x000000000081961c       0x1c lib/libnvm.a(nvm_8910.c.obj)
                0x000000000081961c                nvmWritePhaseCheck
 .text.nvmClearPhaseCheck
                0x0000000000819638        0xc lib/libnvm.a(nvm_8910.c.obj)
                0x0000000000819638                nvmClearPhaseCheck
 .text.nvmReadFixedBin
                0x0000000000819644       0xa8 lib/libnvm.a(nvm_8910.c.obj)
                0x0000000000819644                nvmReadFixedBin
 .text.nvmWriteFixedBin
                0x00000000008196ec       0x54 lib/libnvm.a(nvm_8910.c.obj)
                0x00000000008196ec                nvmWriteFixedBin
 .rodata.gNvDesc
                0x0000000000819740      0x1f0 lib/libnvm.a(nvm_8910.c.obj)
 .rodata.nvmClearFactory.str1.1
                0x0000000000819930        0x9 lib/libnvm.a(nvm_8910.c.obj)
 .rodata.nvmInit.str1.1
                0x0000000000819930       0x15 lib/libnvm.a(nvm_8910.c.obj)
 .rodata.nvmReadPhasecheck.str1.1
                0x0000000000819945       0x18 lib/libnvm.a(nvm_8910.c.obj)
 .rodata.prvReadItem.str1.1
                0x000000000081995d        0x2 lib/libnvm.a(nvm_8910.c.obj)
 .rodata.prvWriteNvDirect.constprop.1.str1.1
                0x000000000081995d       0x12 lib/libnvm.a(nvm_8910.c.obj)
 .rodata.str1.1
                0x000000000081996f      0x1c6 lib/libnvm.a(nvm_8910.c.obj)
                                        0x1d4 (size before relaxing)
 *fill*         0x0000000000819b35        0x3 
 .text.nvmMigration
                0x0000000000819b38      0x120 lib/libnvm.a(nvm_migration.c.obj)
                0x0000000000819b38                nvmMigration
 .rodata.nvmMigration.str1.1
                0x0000000000819c58       0xf9 lib/libnvm.a(nvm_migration.c.obj)
                                        0x102 (size before relaxing)
 *fill*         0x0000000000819d51        0x1 
 .text._peekInternal
                0x0000000000819d52       0x40 lib/libosi_lib.a(osi_fifo.c.obj)
 .text.osiFifoInit
                0x0000000000819d92       0x1c lib/libosi_lib.a(osi_fifo.c.obj)
                0x0000000000819d92                osiFifoInit
 .text.osiFifoPut
                0x0000000000819dae       0x68 lib/libosi_lib.a(osi_fifo.c.obj)
                0x0000000000819dae                osiFifoPut
 .text.osiFifoGet
                0x0000000000819e16       0x38 lib/libosi_lib.a(osi_fifo.c.obj)
                0x0000000000819e16                osiFifoGet
 .text.osiFifoReset
                0x0000000000819e4e       0x1a lib/libosi_lib.a(osi_fifo.c.obj)
                0x0000000000819e4e                osiFifoReset
 .text.prvParamCount
                0x0000000000819e68       0x30 lib/libosi_lib.a(osi_log.c.obj)
 .text.prvParamBuf
                0x0000000000819e98       0xc4 lib/libosi_lib.a(osi_log.c.obj)
 .text.prvTraceIdEx
                0x0000000000819f5c       0xa8 lib/libosi_lib.a(osi_log.c.obj)
 .text.osiTraceIdEx
                0x000000000081a004       0x24 lib/libosi_lib.a(osi_log.c.obj)
                0x000000000081a004                osiTraceIdEx
 .rodata.parbufsize.47531
                0x000000000081a028       0x18 lib/libosi_lib.a(osi_log.c.obj)
 .rodata.parcount.47530
                0x000000000081a040       0x18 lib/libosi_lib.a(osi_log.c.obj)
 .rodata.prvParamBuf.str1.1
                0x000000000081a058        0x7 lib/libosi_lib.a(osi_log.c.obj)
 *fill*         0x000000000081a05f        0x1 
 .text._cacheDataIsRootDir
                0x000000000081a060       0x1c lib/libsffs_core.a(sffs.c.obj)
 .text._cacheSetDirty
                0x000000000081a07c       0x38 lib/libsffs_core.a(sffs.c.obj)
 .text._pathFileName
                0x000000000081a0b4       0x12 lib/libsffs_core.a(sffs.c.obj)
 .text._blockAllocFree
                0x000000000081a0c6       0x5c lib/libsffs_core.a(sffs.c.obj)
 .text._blockIsFree.isra.12
                0x000000000081a122       0x1a lib/libsffs_core.a(sffs.c.obj)
 .text._blockSetUsed
                0x000000000081a13c       0x2e lib/libsffs_core.a(sffs.c.obj)
 .text._blockSetFree
                0x000000000081a16a       0x30 lib/libsffs_core.a(sffs.c.obj)
 .text._isNodeOpened
                0x000000000081a19a       0x24 lib/libsffs_core.a(sffs.c.obj)
 .text._getFileFromFd.isra.14
                0x000000000081a1be        0xe lib/libsffs_core.a(sffs.c.obj)
 .text._cacheFindNotBusyByState.isra.20
                0x000000000081a1cc       0x14 lib/libsffs_core.a(sffs.c.obj)
 .text._cacheFlush
                0x000000000081a1e0       0x2a lib/libsffs_core.a(sffs.c.obj)
 .text._cacheFlushAll
                0x000000000081a20a       0x1a lib/libsffs_core.a(sffs.c.obj)
 .text._cacheAllocForNode
                0x000000000081a224       0xe0 lib/libsffs_core.a(sffs.c.obj)
 .text._cacheAllocWithData
                0x000000000081a304        0x6 lib/libsffs_core.a(sffs.c.obj)
 *fill*         0x000000000081a30a        0x2 
 .text._fileGetDataNode
                0x000000000081a30c       0x94 lib/libsffs_core.a(sffs.c.obj)
 .text._cacheAllocForWrite
                0x000000000081a3a0        0x6 lib/libsffs_core.a(sffs.c.obj)
 *fill*         0x000000000081a3a6        0x2 
 .text._allocTablBlock
                0x000000000081a3a8       0x3c lib/libsffs_core.a(sffs.c.obj)
 .text._fileWriteAll
                0x000000000081a3e4      0x1ac lib/libsffs_core.a(sffs.c.obj)
 .text._dirRemoveChildNode
                0x000000000081a590       0x58 lib/libsffs_core.a(sffs.c.obj)
 .text._dirAddChildNodeIfNotExist
                0x000000000081a5e8       0x66 lib/libsffs_core.a(sffs.c.obj)
 .text.prvFileWriteAllNotExit
                0x000000000081a64e       0x3e lib/libsffs_core.a(sffs.c.obj)
 .text.prvIsRootDirFull
                0x000000000081a68c       0x42 lib/libsffs_core.a(sffs.c.obj)
 .text.prvIsRootDirEmpty
                0x000000000081a6ce       0x42 lib/libsffs_core.a(sffs.c.obj)
 .text._blockScanDir
                0x000000000081a710      0x214 lib/libsffs_core.a(sffs.c.obj)
 .text._findByPathInParent
                0x000000000081a924       0x98 lib/libsffs_core.a(sffs.c.obj)
 .text._findByPath
                0x000000000081a9bc       0x4c lib/libsffs_core.a(sffs.c.obj)
 .text._findParentByPath
                0x000000000081aa08       0x40 lib/libsffs_core.a(sffs.c.obj)
 .text._removeNode
                0x000000000081aa48       0x3c lib/libsffs_core.a(sffs.c.obj)
 .text._removeMultiTabl
                0x000000000081aa84       0x70 lib/libsffs_core.a(sffs.c.obj)
 .text._fileDecreaseSize
                0x000000000081aaf4      0x2ec lib/libsffs_core.a(sffs.c.obj)
 .text._moveNodeRecovery
                0x000000000081ade0      0x124 lib/libsffs_core.a(sffs.c.obj)
 .text._scanMoveRecovery
                0x000000000081af04       0x98 lib/libsffs_core.a(sffs.c.obj)
 .text.sffsFileBlockNeeded
                0x000000000081af9c       0x4c lib/libsffs_core.a(sffs.c.obj)
                0x000000000081af9c                sffsFileBlockNeeded
 .text.sffsMount
                0x000000000081afe8      0x1fc lib/libsffs_core.a(sffs.c.obj)
                0x000000000081afe8                sffsMount
 .text.sffsUnmount
                0x000000000081b1e4       0x14 lib/libsffs_core.a(sffs.c.obj)
                0x000000000081b1e4                sffsUnmount
 .text.sffsRemount
                0x000000000081b1f8       0x1c lib/libsffs_core.a(sffs.c.obj)
                0x000000000081b1f8                sffsRemount
 .text.sffsMakeFs
                0x000000000081b214       0x90 lib/libsffs_core.a(sffs.c.obj)
                0x000000000081b214                sffsMakeFs
 .text.sffsOpen
                0x000000000081b2a4      0x274 lib/libsffs_core.a(sffs.c.obj)
                0x000000000081b2a4                sffsOpen
 .text.sffsSfileWrite
                0x000000000081b518      0x3ec lib/libsffs_core.a(sffs.c.obj)
                0x000000000081b518                sffsSfileWrite
 .text.sffsRead
                0x000000000081b904      0x128 lib/libsffs_core.a(sffs.c.obj)
                0x000000000081b904                sffsRead
 .text.sffsClose
                0x000000000081ba2c       0x4c lib/libsffs_core.a(sffs.c.obj)
                0x000000000081ba2c                sffsClose
 .text.sffsFstat
                0x000000000081ba78       0x78 lib/libsffs_core.a(sffs.c.obj)
                0x000000000081ba78                sffsFstat
 .text.sffsMkDir
                0x000000000081baf0      0x14c lib/libsffs_core.a(sffs.c.obj)
                0x000000000081baf0                sffsMkDir
 .text.sffsRmDir
                0x000000000081bc3c       0xd8 lib/libsffs_core.a(sffs.c.obj)
                0x000000000081bc3c                sffsRmDir
 .text.sffsUnlink
                0x000000000081bd14       0xc4 lib/libsffs_core.a(sffs.c.obj)
                0x000000000081bd14                sffsUnlink
 .text.sffsOpenDir
                0x000000000081bdd8       0x7a lib/libsffs_core.a(sffs.c.obj)
                0x000000000081bdd8                sffsOpenDir
 .text.sffsCloseDir
                0x000000000081be52       0x3a lib/libsffs_core.a(sffs.c.obj)
                0x000000000081be52                sffsCloseDir
 .text.sffsReadDirR
                0x000000000081be8c      0x11c lib/libsffs_core.a(sffs.c.obj)
                0x000000000081be8c                sffsReadDirR
 .text.sffsStatVfs
                0x000000000081bfa8       0x42 lib/libsffs_core.a(sffs.c.obj)
                0x000000000081bfa8                sffsStatVfs
 .text.sffsSetSfileReserveCount
                0x000000000081bfea       0x14 lib/libsffs_core.a(sffs.c.obj)
                0x000000000081bfea                sffsSetSfileReserveCount
 *(.rokeep)
                0x000000000081bffe                __text_end = .
                0x000000000081c000                . = ALIGN (0x20)
 *fill*         0x000000000081bffe        0x2 

.data           0x000000000081c000      0x700
                0x000000000081c000                __data_start = .
 SORT_BY_NAME(*)(.sramdata .sramdata.*)
 SORT_BY_NAME(*)(.data .data.* .sdata .sdata.* .data1 .gnu.linkonce.d.*)
 .data._impure_ptr
                0x000000000081c000        0x4 ../../components/newlib/armca5/libc.a(lib_a-impure.o)
                0x000000000081c000                _impure_ptr
 *fill*         0x000000000081c004        0x4 
 .data.impure_data
                0x000000000081c008      0x428 ../../components/newlib/armca5/libc.a(lib_a-impure.o)
 .data.gDrvSpiFlashCtx
                0x000000000081c430       0x80 lib/libbootloader.a(boot_spi_flash.c.obj)
 .data.gBootUarts
                0x000000000081c4b0       0x18 lib/libbootloader.a(boot_uart.c.obj)
 .data.gUdc20   0x000000000081c4c8      0x210 lib/libbootloader.a(boot_udc.c.obj)
 .data.gFsScenario
                0x000000000081c6d8        0x1 lib/libfsmount.a(fs_mount.c.obj)
 *(.rwkeep)
 *fill*         0x000000000081c6d9        0x3 
 .rwkeep        0x000000000081c6dc        0xc lib/libhal.a(hal_blue_screen.c.obj)
                0x000000000081c6dc                gGdbRegAddress
                0x000000000081c6e0                gCpGdbRegAddress
                0x000000000081c6e4                gGdbCtxType
                0x000000000081c6e8                __data_end = .
                0x000000000081c700                . = ALIGN (0x20)
 *fill*         0x000000000081c6e8       0x18 

.lastflash      0x000000000081c700        0x0
                0x000000000081c700                . = ALIGN (0x20)

.bss            0x000000000081c700       0xc0
                0x000000000081c700                __bss_start = .
 *(.srambss .srambss.*)
 *(.bss .bss.* COMMON .scommon .sbss .sbss.* .sbss2 .sbss2.* .gnu.linkonce.b.*)
 .bss.gSecureCtx
                0x000000000081c700       0x30 lib/libbootloader.a(boot_secure.c.obj)
 .bss.gDefaultHeap
                0x000000000081c730        0x4 lib/libbootloader.a(boot_mem.c.obj)
 .bss.gExtRamHeap
                0x000000000081c734        0xc lib/libbootloader.a(boot_mem.c.obj)
 .bss.gIramHeap
                0x000000000081c740        0xc lib/libbootloader.a(boot_mem.c.obj)
 .bss.gBootVfsRegList
                0x000000000081c74c        0x4 lib/libbootloader.a(boot_vfs.c.obj)
 .bss.gTimerCb  0x000000000081c750        0x8 lib/libbootloader.a(boot_timer.c.obj)
 .bss.gBdevList
                0x000000000081c758        0x4 lib/libfsmount.a(fs_mount.c.obj)
 .bss.gTraceEnabled
                0x000000000081c75c        0x1 lib/libosi_lib.a(osi_log.c.obj)
                0x000000000081c75c                gTraceEnabled
 *fill*         0x000000000081c75d        0x3 
 COMMON         0x000000000081c760       0x54 lib/libosi_lib.a(osi_log.c.obj)
                0x000000000081c760                v_tra_pubModuleControl
                0x000000000081c764                v_tra_categoryControl
                0x000000000081c768                gTraceSequence
                0x000000000081c76c                v_tra_lteModuleControl
                0x000000000081c770                sxs_IoCtx
                0x000000000081c7b4                __bss_end = .
                0x000000000081c7c0                . = ALIGN (0x20)
 *fill*         0x000000000081c7b4        0xc 

.sys_stack      0x000000000081c7c0     0x1800
                0x000000000081c7c0                __sys_stack_start = .
                0x000000000081dfc0                . = (. + 0x1800)
 *fill*         0x000000000081c7c0     0x1800 
                0x000000000081dfc0                __sys_stack_end = .
                0x000000000081dfc0                . = ALIGN (0x20)

.irq_stack      0x000000000081dfc0      0x800
                0x000000000081dfc0                __irq_stack_start = .
                0x000000000081e7c0                . = (. + 0x800)
 *fill*         0x000000000081dfc0      0x800 
                0x000000000081e7c0                __irq_stack_end = .
                0x000000000081e7c0                . = ALIGN (0x20)

.blue_screen    0x000000000081e7c0      0x400
                0x000000000081e7c0                __blue_screen_start = .
                0x000000000081ebc0                . = (. + 0x400)
 *fill*         0x000000000081e7c0      0x400 
                0x000000000081ebc0                __blue_screen_end = .
                0x000000000081ebc0                . = ALIGN (0x20)

.sram_heap      0x000000000081ebc0    0x1d040
                0x000000000081ebc0                __sram_heap_start = .
                0x000000000083bc00                . = ((ORIGIN (sram) + LENGTH (sram)) - 0x4400)
 *fill*         0x000000000081ebc0    0x1d040 
                0x000000000083bc00                __sram_heap_end = .
                0x000000000083bc00                . = ALIGN (0x20)

.mmu_ttbl2      0x000000000083bc00      0x400
                0x000000000083bc00                __mmu_ttbl2_start = .
                0x000000000083c000                . = (. + 0x400)
 *fill*         0x000000000083bc00      0x400 
                0x000000000083c000                __mmu_ttbl2_end = .
                0x000000000083c000                . = ALIGN (0x20)

.mmu_ttbl1      0x000000000083c000     0x4000
                0x000000000083c000                __mmu_ttbl1_start = .
                0x0000000000840000                . = (. + 0x4000)
 *fill*         0x000000000083c000     0x4000 
                0x0000000000840000                __mmu_ttbl1_end = .
                0x0000000000840000                . = ALIGN (0x20)
                0x0000000000000001                ASSERT (((__mmu_ttbl1_start % 0x4000) == 0x0), TTB L1 is not aligned)
                0x0000000000810040                __flash_start = LOADADDR (.text)
                0x000000000081c700                __flash_end = ADDR (.lastflash)

.comment        0x0000000000000000       0xf7
 *(.comment)
 .comment       0x0000000000000000       0x7e components/bootloader/CMakeFiles/fdl2.dir/fdl2/fdl2_main.c.obj
                                         0x7f (size before relaxing)
 .comment       0x000000000000007e       0x7f lib/libbootloader.a(boot_platform_8910.c.obj)
 .comment       0x000000000000007e       0x7f lib/libbootloader.a(boot_secure.c.obj)
 .comment       0x000000000000007e       0x7f lib/libbootloader.a(boot_sffs_port.c.obj)
 .comment       0x000000000000007e       0x7f lib/libbootloader.a(boot_stub.c.obj)
 .comment       0x000000000000007e       0x7f lib/libbootloader.a(boot_delay.c.obj)
 .comment       0x000000000000007e       0x7f lib/libbootloader.a(boot_mem.c.obj)
 .comment       0x000000000000007e       0x7f lib/libbootloader.a(boot_spi_flash.c.obj)
 .comment       0x000000000000007e       0x7f lib/libbootloader.a(boot_debuguart.c.obj)
 .comment       0x000000000000007e       0x7f lib/libbootloader.a(boot_trace.c.obj)
 .comment       0x000000000000007e       0x7f lib/libbootloader.a(boot_fdl.c.obj)
 .comment       0x000000000000007e       0x7f lib/libbootloader.a(boot_fdl_dnld.c.obj)
 .comment       0x000000000000007e       0x7f lib/libbootloader.a(boot_aes.c.obj)
 .comment       0x000000000000007e       0x7f lib/libbootloader.a(boot_vfs.c.obj)
 .comment       0x000000000000007e       0x7f lib/libbootloader.a(boot_irq.c.obj)
 .comment       0x000000000000007e       0x7f lib/libbootloader.a(boot_timer.c.obj)
 .comment       0x000000000000007e       0x7f lib/libbootloader.a(boot_uart.c.obj)
 .comment       0x000000000000007e       0x7f lib/libbootloader.a(boot_mmu.c.obj)
 .comment       0x000000000000007e       0x7f lib/libbootloader.a(boot_udc.c.obj)
 .comment       0x000000000000007e       0x7f lib/libbootloader.a(boot_usb_fdl_channel.c.obj)
 .comment       0x000000000000007e       0x7f lib/libcpio_parser.a(cpio_parser.c.obj)
 .comment       0x000000000000007e       0x7f lib/libhal.a(hal_clock_init.c.obj)
 .comment       0x000000000000007e       0x7f lib/libhal.a(hal_chip_8910.c.obj)
 .comment       0x000000000000007e       0x7f lib/libhal.a(hal_pmu_8910.c.obj)
 .comment       0x000000000000007e       0x7f lib/libhal.a(hal_efuse_8910.c.obj)
 .comment       0x000000000000007e       0x7f lib/libhal.a(hal_delay.c.obj)
 .comment       0x000000000000007e       0x7f lib/libhal.a(hal_reg_apply.c.obj)
 .comment       0x000000000000007e       0x7f lib/libhal.a(hal_chip.c.obj)
 .comment       0x000000000000007e       0x7f lib/libhal.a(hal_adi_bus.c.obj)
 .comment       0x000000000000007e       0x7f lib/libhal.a(hal_hwspinlock.c.obj)
 .comment       0x000000000000007e       0x7f lib/libhal.a(hal_spi_flash.c.obj)
 .comment       0x000000000000007e       0x7f lib/libhal.a(hal_blue_screen.c.obj)
 .comment       0x000000000000007e       0x7f lib/libcalclib.a(crc32.c.obj)
 .comment       0x000000000000007e       0x7f lib/libsffs_core.a(sffs.c.obj)
 .comment       0x000000000000007e       0x7f lib/libfsmount.a(fs_mount.c.obj)
 .comment       0x000000000000007e       0x7f lib/libbdev.a(block_device.c.obj)
 .comment       0x000000000000007e       0x7f lib/libbdev.a(partition_block_device.c.obj)
 .comment       0x000000000000007e       0x7f lib/libbdev_core.a(flash_block_device_v2.c.obj)
 .comment       0x000000000000007e       0x7f lib/libosi_lib.a(osi_log.c.obj)
 .comment       0x000000000000007e       0x7f lib/libosi_lib.a(osi_fifo.c.obj)
 .comment       0x000000000000007e       0x7f lib/libnvm.a(nvm_8910.c.obj)
 .comment       0x000000000000007e       0x7f lib/libnvm.a(nvm_migration.c.obj)
 .comment       0x000000000000007e       0x7f lib/libbt_nv.a(bt_nv.c.obj)
 .comment       0x000000000000007e       0x79 ../../components/newlib/armca5/libc.a(lib_a-impure.o)
                                         0x7a (size before relaxing)
 .comment       0x00000000000000f7       0x7a ../../components/newlib/armca5/libc.a(lib_a-memcmp.o)
 .comment       0x00000000000000f7       0x7a ../../components/newlib/armca5/libc.a(lib_a-memcpy-stub.o)
 .comment       0x00000000000000f7       0x7a ../../components/newlib/armca5/libc.a(lib_a-memset.o)
 .comment       0x00000000000000f7       0x7a ../../components/newlib/armca5/libc.a(lib_a-strcat.o)
 .comment       0x00000000000000f7       0x7a ../../components/newlib/armca5/libc.a(lib_a-strchr.o)
 .comment       0x00000000000000f7       0x7a ../../components/newlib/armca5/libc.a(lib_a-strcpy.o)
 .comment       0x00000000000000f7       0x7a ../../components/newlib/armca5/libc.a(lib_a-strdup.o)
 .comment       0x00000000000000f7       0x7a ../../components/newlib/armca5/libc.a(lib_a-strdup_r.o)
 .comment       0x00000000000000f7       0x7a ../../components/newlib/armca5/libc.a(lib_a-strncmp.o)
 .comment       0x00000000000000f7       0x7a ../../components/newlib/armca5/libc.a(lib_a-strrchr.o)

.ARM.attributes
                0x0000000000000000       0x3d
 *(.ARM.attributes)
 .ARM.attributes
                0x0000000000000000       0x3d components/bootloader/CMakeFiles/fdl2.dir/fdl2/fdl2_main.c.obj
 .ARM.attributes
                0x000000000000003d       0x2b components/bootloader/CMakeFiles/fdl2.dir/calibparam.bin.S.obj
 .ARM.attributes
                0x0000000000000068       0x3d lib/libbootloader.a(boot_platform_8910.c.obj)
 .ARM.attributes
                0x00000000000000a5       0x3d lib/libbootloader.a(boot_secure.c.obj)
 .ARM.attributes
                0x00000000000000e2       0x2b lib/libbootloader.a(boot_entry_v7a.S.obj)
 .ARM.attributes
                0x000000000000010d       0x3d lib/libbootloader.a(boot_sffs_port.c.obj)
 .ARM.attributes
                0x000000000000014a       0x3d lib/libbootloader.a(boot_stub.c.obj)
 .ARM.attributes
                0x0000000000000187       0x3d lib/libbootloader.a(boot_delay.c.obj)
 .ARM.attributes
                0x00000000000001c4       0x3d lib/libbootloader.a(boot_mem.c.obj)
 .ARM.attributes
                0x0000000000000201       0x3d lib/libbootloader.a(boot_spi_flash.c.obj)
 .ARM.attributes
                0x000000000000023e       0x3d lib/libbootloader.a(boot_debuguart.c.obj)
 .ARM.attributes
                0x000000000000027b       0x3d lib/libbootloader.a(boot_trace.c.obj)
 .ARM.attributes
                0x00000000000002b8       0x3d lib/libbootloader.a(boot_fdl.c.obj)
 .ARM.attributes
                0x00000000000002f5       0x3d lib/libbootloader.a(boot_fdl_dnld.c.obj)
 .ARM.attributes
                0x0000000000000332       0x3d lib/libbootloader.a(boot_aes.c.obj)
 .ARM.attributes
                0x000000000000036f       0x3d lib/libbootloader.a(boot_vfs.c.obj)
 .ARM.attributes
                0x00000000000003ac       0x3d lib/libbootloader.a(boot_irq.c.obj)
 .ARM.attributes
                0x00000000000003e9       0x3d lib/libbootloader.a(boot_timer.c.obj)
 .ARM.attributes
                0x0000000000000426       0x3d lib/libbootloader.a(boot_uart.c.obj)
 .ARM.attributes
                0x0000000000000463       0x3d lib/libbootloader.a(boot_mmu.c.obj)
 .ARM.attributes
                0x00000000000004a0       0x3d lib/libbootloader.a(boot_udc.c.obj)
 .ARM.attributes
                0x00000000000004dd       0x3d lib/libbootloader.a(boot_usb_fdl_channel.c.obj)
 .ARM.attributes
                0x000000000000051a       0x3d lib/libcpio_parser.a(cpio_parser.c.obj)
 .ARM.attributes
                0x0000000000000557       0x3d lib/libhal.a(hal_clock_init.c.obj)
 .ARM.attributes
                0x0000000000000594       0x3d lib/libhal.a(hal_chip_8910.c.obj)
 .ARM.attributes
                0x00000000000005d1       0x3d lib/libhal.a(hal_pmu_8910.c.obj)
 .ARM.attributes
                0x000000000000060e       0x3d lib/libhal.a(hal_efuse_8910.c.obj)
 .ARM.attributes
                0x000000000000064b       0x3d lib/libhal.a(hal_delay.c.obj)
 .ARM.attributes
                0x0000000000000688       0x3d lib/libhal.a(hal_reg_apply.c.obj)
 .ARM.attributes
                0x00000000000006c5       0x3d lib/libhal.a(hal_chip.c.obj)
 .ARM.attributes
                0x0000000000000702       0x3d lib/libhal.a(hal_adi_bus.c.obj)
 .ARM.attributes
                0x000000000000073f       0x3d lib/libhal.a(hal_hwspinlock.c.obj)
 .ARM.attributes
                0x000000000000077c       0x3d lib/libhal.a(hal_spi_flash.c.obj)
 .ARM.attributes
                0x00000000000007b9       0x3d lib/libhal.a(hal_blue_screen.c.obj)
 .ARM.attributes
                0x00000000000007f6       0x3d lib/libcalclib.a(crc32.c.obj)
 .ARM.attributes
                0x0000000000000833       0x3d lib/libsffs_core.a(sffs.c.obj)
 .ARM.attributes
                0x0000000000000870       0x3d lib/libfsmount.a(fs_mount.c.obj)
 .ARM.attributes
                0x00000000000008ad       0x2b lib/libfsmount.a(partinfo.bin.S.obj)
 .ARM.attributes
                0x00000000000008d8       0x3d lib/libbdev.a(block_device.c.obj)
 .ARM.attributes
                0x0000000000000915       0x3d lib/libbdev.a(partition_block_device.c.obj)
 .ARM.attributes
                0x0000000000000952       0x3d lib/libbdev_core.a(flash_block_device_v2.c.obj)
 .ARM.attributes
                0x000000000000098f       0x3d lib/libosi_lib.a(osi_log.c.obj)
 .ARM.attributes
                0x00000000000009cc       0x3d lib/libosi_lib.a(osi_fifo.c.obj)
 .ARM.attributes
                0x0000000000000a09       0x3d lib/libnvm.a(nvm_8910.c.obj)
 .ARM.attributes
                0x0000000000000a46       0x3d lib/libnvm.a(nvm_migration.c.obj)
 .ARM.attributes
                0x0000000000000a83       0x3d lib/libbt_nv.a(bt_nv.c.obj)
 .ARM.attributes
                0x0000000000000ac0       0x3d ../../components/newlib/armca5/libc.a(lib_a-impure.o)
 .ARM.attributes
                0x0000000000000afd       0x37 ../../components/newlib/armca5/libc.a(lib_a-memcmp.o)
 .ARM.attributes
                0x0000000000000b34       0x37 ../../components/newlib/armca5/libc.a(lib_a-memcpy-stub.o)
 .ARM.attributes
                0x0000000000000b6b       0x37 ../../components/newlib/armca5/libc.a(lib_a-memset.o)
 .ARM.attributes
                0x0000000000000ba2       0x37 ../../components/newlib/armca5/libc.a(lib_a-strcat.o)
 .ARM.attributes
                0x0000000000000bd9       0x37 ../../components/newlib/armca5/libc.a(lib_a-strchr.o)
 .ARM.attributes
                0x0000000000000c10       0x25 ../../components/newlib/armca5/libc.a(lib_a-strcmp.o)
 .ARM.attributes
                0x0000000000000c35       0x37 ../../components/newlib/armca5/libc.a(lib_a-strcpy.o)
 .ARM.attributes
                0x0000000000000c6c       0x37 ../../components/newlib/armca5/libc.a(lib_a-strdup.o)
 .ARM.attributes
                0x0000000000000ca3       0x37 ../../components/newlib/armca5/libc.a(lib_a-strdup_r.o)
 .ARM.attributes
                0x0000000000000cda       0x1d ../../components/newlib/armca5/libc.a(lib_a-strlen.o)
 .ARM.attributes
                0x0000000000000cf7       0x37 ../../components/newlib/armca5/libc.a(lib_a-strncmp.o)
 .ARM.attributes
                0x0000000000000d2e       0x37 ../../components/newlib/armca5/libc.a(lib_a-strrchr.o)
 .ARM.attributes
                0x0000000000000d65       0x1b ../../prebuilts/linux/gcc-arm-none-eabi/bin/../lib/gcc/arm-none-eabi/7.2.1/thumb/v7-ar/fpv3/hard/libgcc.a(_udivsi3.o)
 .ARM.attributes
                0x0000000000000d80       0x1b ../../prebuilts/linux/gcc-arm-none-eabi/bin/../lib/gcc/arm-none-eabi/7.2.1/thumb/v7-ar/fpv3/hard/libgcc.a(_dvmd_tls.o)

.iplt           0x0000000000000000        0x0
 *(.iplt)
 .iplt          0x0000000000000000        0x0 components/bootloader/CMakeFiles/fdl2.dir/fdl2/fdl2_main.c.obj

.igot.plt       0x0000000000000000        0x0
 *(.igot.plt)
 .igot.plt      0x0000000000000000        0x0 components/bootloader/CMakeFiles/fdl2.dir/fdl2/fdl2_main.c.obj

.rel.dyn        0x0000000000000000        0x0
 *(.rel.dyn)
 .rel.iplt      0x0000000000000000        0x0 components/bootloader/CMakeFiles/fdl2.dir/fdl2/fdl2_main.c.obj

.glue_7         0x0000000000000000        0x0
 *(.glue_7)
 .glue_7        0x0000000000000000        0x0 linker stubs

.glue_7t        0x0000000000000000        0x0
 *(.glue_7t)
 .glue_7t       0x0000000000000000        0x0 linker stubs

.vfp11_veneer   0x0000000000000000        0x0
 *(.vfp11_veneer)
 .vfp11_veneer  0x0000000000000000        0x0 linker stubs

.v4_bx          0x0000000000000000        0x0
 *(.v4_bx)
 .v4_bx         0x0000000000000000        0x0 linker stubs

/DISCARD/
 *(.ARM.exidx*)
 *(.gnu.linkonce.armexidx*)
OUTPUT(hex/fdl2.elf elf32-littlearm)

.debug_info     0x0000000000000000    0x4c0e6
 .debug_info    0x0000000000000000      0xfe6 components/bootloader/CMakeFiles/fdl2.dir/fdl2/fdl2_main.c.obj
 .debug_info    0x0000000000000fe6     0x269d lib/libbootloader.a(boot_platform_8910.c.obj)
 .debug_info    0x0000000000003683     0x1ba9 lib/libbootloader.a(boot_secure.c.obj)
 .debug_info    0x000000000000522c       0x26 lib/libbootloader.a(boot_entry_v7a.S.obj)
 .debug_info    0x0000000000005252      0x495 lib/libbootloader.a(boot_sffs_port.c.obj)
 .debug_info    0x00000000000056e7      0x1cc lib/libbootloader.a(boot_stub.c.obj)
 .debug_info    0x00000000000058b3      0x1fb lib/libbootloader.a(boot_delay.c.obj)
 .debug_info    0x0000000000005aae      0x97f lib/libbootloader.a(boot_mem.c.obj)
 .debug_info    0x000000000000642d     0x18cb lib/libbootloader.a(boot_spi_flash.c.obj)
 .debug_info    0x0000000000007cf8      0x601 lib/libbootloader.a(boot_debuguart.c.obj)
 .debug_info    0x00000000000082f9      0x1f8 lib/libbootloader.a(boot_trace.c.obj)
 .debug_info    0x00000000000084f1     0x1b28 lib/libbootloader.a(boot_fdl.c.obj)
 .debug_info    0x000000000000a019     0x3635 lib/libbootloader.a(boot_fdl_dnld.c.obj)
 .debug_info    0x000000000000d64e      0xd02 lib/libbootloader.a(boot_aes.c.obj)
 .debug_info    0x000000000000e350     0x21e6 lib/libbootloader.a(boot_vfs.c.obj)
 .debug_info    0x0000000000010536     0x14d5 lib/libbootloader.a(boot_irq.c.obj)
 .debug_info    0x0000000000011a0b      0xe69 lib/libbootloader.a(boot_timer.c.obj)
 .debug_info    0x0000000000012874     0x154a lib/libbootloader.a(boot_uart.c.obj)
 .debug_info    0x0000000000013dbe      0xe5f lib/libbootloader.a(boot_mmu.c.obj)
 .debug_info    0x0000000000014c1d     0x4099 lib/libbootloader.a(boot_udc.c.obj)
 .debug_info    0x0000000000018cb6     0x1708 lib/libbootloader.a(boot_usb_fdl_channel.c.obj)
 .debug_info    0x000000000001a3be     0x11a1 lib/libcpio_parser.a(cpio_parser.c.obj)
 .debug_info    0x000000000001b55f     0x7975 lib/libhal.a(hal_clock_init.c.obj)
 .debug_info    0x0000000000022ed4     0x3871 lib/libhal.a(hal_chip_8910.c.obj)
 .debug_info    0x0000000000026745     0x607c lib/libhal.a(hal_pmu_8910.c.obj)
 .debug_info    0x000000000002c7c1     0x1e65 lib/libhal.a(hal_efuse_8910.c.obj)
 .debug_info    0x000000000002e626      0x32b lib/libhal.a(hal_delay.c.obj)
 .debug_info    0x000000000002e951      0x1b8 lib/libhal.a(hal_reg_apply.c.obj)
 .debug_info    0x000000000002eb09      0x3e4 lib/libhal.a(hal_chip.c.obj)
 .debug_info    0x000000000002eeed      0x9fb lib/libhal.a(hal_adi_bus.c.obj)
 .debug_info    0x000000000002f8e8      0x633 lib/libhal.a(hal_hwspinlock.c.obj)
 .debug_info    0x000000000002ff1b     0x420e lib/libhal.a(hal_spi_flash.c.obj)
 .debug_info    0x0000000000034129     0x2292 lib/libhal.a(hal_blue_screen.c.obj)
 .debug_info    0x00000000000363bb      0x486 lib/libcalclib.a(crc32.c.obj)
 .debug_info    0x0000000000036841     0x753b lib/libsffs_core.a(sffs.c.obj)
 .debug_info    0x000000000003dd7c     0x21bf lib/libfsmount.a(fs_mount.c.obj)
 .debug_info    0x000000000003ff3b      0xc44 lib/libbdev.a(block_device.c.obj)
 .debug_info    0x0000000000040b7f      0xd04 lib/libbdev.a(partition_block_device.c.obj)
 .debug_info    0x0000000000041883     0x318c lib/libbdev_core.a(flash_block_device_v2.c.obj)
 .debug_info    0x0000000000044a0f     0x3237 lib/libosi_lib.a(osi_log.c.obj)
 .debug_info    0x0000000000047c46      0xe32 lib/libosi_lib.a(osi_fifo.c.obj)
 .debug_info    0x0000000000048a78     0x1edc lib/libnvm.a(nvm_8910.c.obj)
 .debug_info    0x000000000004a954      0xdcb lib/libnvm.a(nvm_migration.c.obj)
 .debug_info    0x000000000004b71f      0x9c7 lib/libbt_nv.a(bt_nv.c.obj)

.debug_abbrev   0x0000000000000000     0x8928
 .debug_abbrev  0x0000000000000000      0x270 components/bootloader/CMakeFiles/fdl2.dir/fdl2/fdl2_main.c.obj
 .debug_abbrev  0x0000000000000270      0x29a lib/libbootloader.a(boot_platform_8910.c.obj)
 .debug_abbrev  0x000000000000050a      0x4d4 lib/libbootloader.a(boot_secure.c.obj)
 .debug_abbrev  0x00000000000009de       0x14 lib/libbootloader.a(boot_entry_v7a.S.obj)
 .debug_abbrev  0x00000000000009f2      0x12f lib/libbootloader.a(boot_sffs_port.c.obj)
 .debug_abbrev  0x0000000000000b21       0xf3 lib/libbootloader.a(boot_stub.c.obj)
 .debug_abbrev  0x0000000000000c14       0xd2 lib/libbootloader.a(boot_delay.c.obj)
 .debug_abbrev  0x0000000000000ce6      0x2fe lib/libbootloader.a(boot_mem.c.obj)
 .debug_abbrev  0x0000000000000fe4      0x411 lib/libbootloader.a(boot_spi_flash.c.obj)
 .debug_abbrev  0x00000000000013f5      0x159 lib/libbootloader.a(boot_debuguart.c.obj)
 .debug_abbrev  0x000000000000154e      0x116 lib/libbootloader.a(boot_trace.c.obj)
 .debug_abbrev  0x0000000000001664      0x4b3 lib/libbootloader.a(boot_fdl.c.obj)
 .debug_abbrev  0x0000000000001b17      0x4b0 lib/libbootloader.a(boot_fdl_dnld.c.obj)
 .debug_abbrev  0x0000000000001fc7      0x362 lib/libbootloader.a(boot_aes.c.obj)
 .debug_abbrev  0x0000000000002329      0x388 lib/libbootloader.a(boot_vfs.c.obj)
 .debug_abbrev  0x00000000000026b1      0x3db lib/libbootloader.a(boot_irq.c.obj)
 .debug_abbrev  0x0000000000002a8c      0x273 lib/libbootloader.a(boot_timer.c.obj)
 .debug_abbrev  0x0000000000002cff      0x3ea lib/libbootloader.a(boot_uart.c.obj)
 .debug_abbrev  0x00000000000030e9      0x21e lib/libbootloader.a(boot_mmu.c.obj)
 .debug_abbrev  0x0000000000003307      0x5d0 lib/libbootloader.a(boot_udc.c.obj)
 .debug_abbrev  0x00000000000038d7      0x41e lib/libbootloader.a(boot_usb_fdl_channel.c.obj)
 .debug_abbrev  0x0000000000003cf5      0x3e7 lib/libcpio_parser.a(cpio_parser.c.obj)
 .debug_abbrev  0x00000000000040dc      0x38b lib/libhal.a(hal_clock_init.c.obj)
 .debug_abbrev  0x0000000000004467      0x463 lib/libhal.a(hal_chip_8910.c.obj)
 .debug_abbrev  0x00000000000048ca      0x4db lib/libhal.a(hal_pmu_8910.c.obj)
 .debug_abbrev  0x0000000000004da5      0x33d lib/libhal.a(hal_efuse_8910.c.obj)
 .debug_abbrev  0x00000000000050e2      0x123 lib/libhal.a(hal_delay.c.obj)
 .debug_abbrev  0x0000000000005205      0x10f lib/libhal.a(hal_reg_apply.c.obj)
 .debug_abbrev  0x0000000000005314       0xec lib/libhal.a(hal_chip.c.obj)
 .debug_abbrev  0x0000000000005400      0x283 lib/libhal.a(hal_adi_bus.c.obj)
 .debug_abbrev  0x0000000000005683      0x15e lib/libhal.a(hal_hwspinlock.c.obj)
 .debug_abbrev  0x00000000000057e1      0x51b lib/libhal.a(hal_spi_flash.c.obj)
 .debug_abbrev  0x0000000000005cfc      0x4e7 lib/libhal.a(hal_blue_screen.c.obj)
 .debug_abbrev  0x00000000000061e3      0x151 lib/libcalclib.a(crc32.c.obj)
 .debug_abbrev  0x0000000000006334      0x5a7 lib/libsffs_core.a(sffs.c.obj)
 .debug_abbrev  0x00000000000068db      0x4b0 lib/libfsmount.a(fs_mount.c.obj)
 .debug_abbrev  0x0000000000006d8b      0x23d lib/libbdev.a(block_device.c.obj)
 .debug_abbrev  0x0000000000006fc8      0x28f lib/libbdev.a(partition_block_device.c.obj)
 .debug_abbrev  0x0000000000007257      0x519 lib/libbdev_core.a(flash_block_device_v2.c.obj)
 .debug_abbrev  0x0000000000007770      0x498 lib/libosi_lib.a(osi_log.c.obj)
 .debug_abbrev  0x0000000000007c08      0x395 lib/libosi_lib.a(osi_fifo.c.obj)
 .debug_abbrev  0x0000000000007f9d      0x4a6 lib/libnvm.a(nvm_8910.c.obj)
 .debug_abbrev  0x0000000000008443      0x2e7 lib/libnvm.a(nvm_migration.c.obj)
 .debug_abbrev  0x000000000000872a      0x1fe lib/libbt_nv.a(bt_nv.c.obj)

.debug_loc      0x0000000000000000    0x1c3b2
 .debug_loc     0x0000000000000000       0xf2 components/bootloader/CMakeFiles/fdl2.dir/fdl2/fdl2_main.c.obj
 .debug_loc     0x00000000000000f2      0x143 lib/libbootloader.a(boot_platform_8910.c.obj)
 .debug_loc     0x0000000000000235      0x691 lib/libbootloader.a(boot_secure.c.obj)
 .debug_loc     0x00000000000008c6      0x339 lib/libbootloader.a(boot_sffs_port.c.obj)
 .debug_loc     0x0000000000000bff       0x21 lib/libbootloader.a(boot_stub.c.obj)
 .debug_loc     0x0000000000000c20       0x42 lib/libbootloader.a(boot_delay.c.obj)
 .debug_loc     0x0000000000000c62      0x94c lib/libbootloader.a(boot_mem.c.obj)
 .debug_loc     0x00000000000015ae      0xae6 lib/libbootloader.a(boot_spi_flash.c.obj)
 .debug_loc     0x0000000000002094      0x1b5 lib/libbootloader.a(boot_debuguart.c.obj)
 .debug_loc     0x0000000000002249       0xf8 lib/libbootloader.a(boot_trace.c.obj)
 .debug_loc     0x0000000000002341      0xc38 lib/libbootloader.a(boot_fdl.c.obj)
 .debug_loc     0x0000000000002f79     0x1d73 lib/libbootloader.a(boot_fdl_dnld.c.obj)
 .debug_loc     0x0000000000004cec      0x390 lib/libbootloader.a(boot_aes.c.obj)
 .debug_loc     0x000000000000507c      0xfb2 lib/libbootloader.a(boot_vfs.c.obj)
 .debug_loc     0x000000000000602e      0x2be lib/libbootloader.a(boot_irq.c.obj)
 .debug_loc     0x00000000000062ec       0xdb lib/libbootloader.a(boot_timer.c.obj)
 .debug_loc     0x00000000000063c7      0x710 lib/libbootloader.a(boot_uart.c.obj)
 .debug_loc     0x0000000000006ad7      0xc13 lib/libbootloader.a(boot_mmu.c.obj)
 .debug_loc     0x00000000000076ea     0x1037 lib/libbootloader.a(boot_udc.c.obj)
 .debug_loc     0x0000000000008721      0x889 lib/libbootloader.a(boot_usb_fdl_channel.c.obj)
 .debug_loc     0x0000000000008faa      0x597 lib/libcpio_parser.a(cpio_parser.c.obj)
 .debug_loc     0x0000000000009541      0x555 lib/libhal.a(hal_clock_init.c.obj)
 .debug_loc     0x0000000000009a96      0xed0 lib/libhal.a(hal_chip_8910.c.obj)
 .debug_loc     0x000000000000a966      0xdd5 lib/libhal.a(hal_pmu_8910.c.obj)
 .debug_loc     0x000000000000b73b      0x2d3 lib/libhal.a(hal_efuse_8910.c.obj)
 .debug_loc     0x000000000000ba0e       0x84 lib/libhal.a(hal_delay.c.obj)
 .debug_loc     0x000000000000ba92       0xbe lib/libhal.a(hal_reg_apply.c.obj)
 .debug_loc     0x000000000000bb50      0x488 lib/libhal.a(hal_chip.c.obj)
 .debug_loc     0x000000000000bfd8      0x3dd lib/libhal.a(hal_adi_bus.c.obj)
 .debug_loc     0x000000000000c3b5       0xff lib/libhal.a(hal_hwspinlock.c.obj)
 .debug_loc     0x000000000000c4b4     0x2c0c lib/libhal.a(hal_spi_flash.c.obj)
 .debug_loc     0x000000000000f0c0      0xcca lib/libhal.a(hal_blue_screen.c.obj)
 .debug_loc     0x000000000000fd8a      0x65a lib/libcalclib.a(crc32.c.obj)
 .debug_loc     0x00000000000103e4     0x582a lib/libsffs_core.a(sffs.c.obj)
 .debug_loc     0x0000000000015c0e      0xd7b lib/libfsmount.a(fs_mount.c.obj)
 .debug_loc     0x0000000000016989      0x1da lib/libbdev.a(block_device.c.obj)
 .debug_loc     0x0000000000016b63      0x277 lib/libbdev.a(partition_block_device.c.obj)
 .debug_loc     0x0000000000016dda     0x1f04 lib/libbdev_core.a(flash_block_device_v2.c.obj)
 .debug_loc     0x0000000000018cde     0x1f50 lib/libosi_lib.a(osi_log.c.obj)
 .debug_loc     0x000000000001ac2e      0x5f9 lib/libosi_lib.a(osi_fifo.c.obj)
 .debug_loc     0x000000000001b227      0xf56 lib/libnvm.a(nvm_8910.c.obj)
 .debug_loc     0x000000000001c17d      0x13e lib/libnvm.a(nvm_migration.c.obj)
 .debug_loc     0x000000000001c2bb       0xf7 lib/libbt_nv.a(bt_nv.c.obj)

.debug_aranges  0x0000000000000000     0x1418
 .debug_aranges
                0x0000000000000000       0x20 components/bootloader/CMakeFiles/fdl2.dir/fdl2/fdl2_main.c.obj
 .debug_aranges
                0x0000000000000020       0x58 lib/libbootloader.a(boot_platform_8910.c.obj)
 .debug_aranges
                0x0000000000000078       0x68 lib/libbootloader.a(boot_secure.c.obj)
 .debug_aranges
                0x00000000000000e0       0x20 lib/libbootloader.a(boot_entry_v7a.S.obj)
 .debug_aranges
                0x0000000000000100       0x60 lib/libbootloader.a(boot_sffs_port.c.obj)
 .debug_aranges
                0x0000000000000160       0x20 lib/libbootloader.a(boot_stub.c.obj)
 .debug_aranges
                0x0000000000000180       0x38 lib/libbootloader.a(boot_delay.c.obj)
 .debug_aranges
                0x00000000000001b8       0x98 lib/libbootloader.a(boot_mem.c.obj)
 .debug_aranges
                0x0000000000000250       0xb0 lib/libbootloader.a(boot_spi_flash.c.obj)
 .debug_aranges
                0x0000000000000300       0x30 lib/libbootloader.a(boot_debuguart.c.obj)
 .debug_aranges
                0x0000000000000330       0x30 lib/libbootloader.a(boot_trace.c.obj)
 .debug_aranges
                0x0000000000000360       0x98 lib/libbootloader.a(boot_fdl.c.obj)
 .debug_aranges
                0x00000000000003f8       0x58 lib/libbootloader.a(boot_fdl_dnld.c.obj)
 .debug_aranges
                0x0000000000000450       0x28 lib/libbootloader.a(boot_aes.c.obj)
 .debug_aranges
                0x0000000000000478       0xf0 lib/libbootloader.a(boot_vfs.c.obj)
 .debug_aranges
                0x0000000000000568       0x50 lib/libbootloader.a(boot_irq.c.obj)
 .debug_aranges
                0x00000000000005b8       0x30 lib/libbootloader.a(boot_timer.c.obj)
 .debug_aranges
                0x00000000000005e8       0x90 lib/libbootloader.a(boot_uart.c.obj)
 .debug_aranges
                0x0000000000000678       0x28 lib/libbootloader.a(boot_mmu.c.obj)
 .debug_aranges
                0x00000000000006a0       0x98 lib/libbootloader.a(boot_udc.c.obj)
 .debug_aranges
                0x0000000000000738       0x80 lib/libbootloader.a(boot_usb_fdl_channel.c.obj)
 .debug_aranges
                0x00000000000007b8       0x58 lib/libcpio_parser.a(cpio_parser.c.obj)
 .debug_aranges
                0x0000000000000810       0x70 lib/libhal.a(hal_clock_init.c.obj)
 .debug_aranges
                0x0000000000000880       0xb0 lib/libhal.a(hal_chip_8910.c.obj)
 .debug_aranges
                0x0000000000000930       0x90 lib/libhal.a(hal_pmu_8910.c.obj)
 .debug_aranges
                0x00000000000009c0       0x58 lib/libhal.a(hal_efuse_8910.c.obj)
 .debug_aranges
                0x0000000000000a18       0x38 lib/libhal.a(hal_delay.c.obj)
 .debug_aranges
                0x0000000000000a50       0x28 lib/libhal.a(hal_reg_apply.c.obj)
 .debug_aranges
                0x0000000000000a78       0x48 lib/libhal.a(hal_chip.c.obj)
 .debug_aranges
                0x0000000000000ac0       0x50 lib/libhal.a(hal_adi_bus.c.obj)
 .debug_aranges
                0x0000000000000b10       0x40 lib/libhal.a(hal_hwspinlock.c.obj)
 .debug_aranges
                0x0000000000000b50      0x180 lib/libhal.a(hal_spi_flash.c.obj)
 .debug_aranges
                0x0000000000000cd0       0x58 lib/libhal.a(hal_blue_screen.c.obj)
 .debug_aranges