Archive member included to satisfy reference by file (symbol)

lib/libbootloader.a(boot_platform_8910.c.obj)
                              (--whole-archive)
lib/libbootloader.a(boot_secure.c.obj)
                              (--whole-archive)
lib/libbootloader.a(boot_entry_v7a.S.obj)
                              (--whole-archive)
lib/libbootloader.a(boot_sffs_port.c.obj)
                              (--whole-archive)
lib/libbootloader.a(boot_stub.c.obj)
                              (--whole-archive)
lib/libbootloader.a(boot_delay.c.obj)
                              (--whole-archive)
lib/libbootloader.a(boot_mem.c.obj)
                              (--whole-archive)
lib/libbootloader.a(boot_spi_flash.c.obj)
                              (--whole-archive)
lib/libbootloader.a(boot_debuguart.c.obj)
                              (--whole-archive)
lib/libbootloader.a(boot_trace.c.obj)
                              (--whole-archive)
lib/libbootloader.a(boot_fdl.c.obj)
                              (--whole-archive)
lib/libbootloader.a(boot_fdl_dnld.c.obj)
                              (--whole-archive)
lib/libbootloader.a(boot_aes.c.obj)
                              (--whole-archive)
lib/libbootloader.a(boot_vfs.c.obj)
                              (--whole-archive)
lib/libbootloader.a(boot_irq.c.obj)
                              (--whole-archive)
lib/libbootloader.a(boot_timer.c.obj)
                              (--whole-archive)
lib/libbootloader.a(boot_uart.c.obj)
                              (--whole-archive)
lib/libbootloader.a(boot_uart_cmn.c.obj)
                              (--whole-archive)
lib/libbootloader.a(boot_mmu.c.obj)
                              (--whole-archive)
lib/libbootloader.a(boot_uimage.c.obj)
                              (--whole-archive)
lib/libbootloader.a(boot_udc.c.obj)
                              (--whole-archive)
lib/libbootloader.a(boot_usb_fdl_channel.c.obj)
                              (--whole-archive)
lib/libbootloader.a(boot_pdl.c.obj)
                              (--whole-archive)
lib/libbootloader.a(boot_pdl_uimage.c.obj)
                              (--whole-archive)
lib/libbootloader.a(quec_boot_fota.c.obj)
                              (--whole-archive)
lib/libbootloader.a(quec_boot_uart.c.obj)
                              (--whole-archive)
lib/libbootloader.a(quec_boot_pin_index.c.obj)
                              (--whole-archive)
lib/libhal.a(hal_clock_init.c.obj)
                              components/bootloader/CMakeFiles/flash_test_fdl.dir/flash_test_fdl/flash_test_main.c.obj (halClockInit)
lib/libhal.a(hal_chip_8910.c.obj)
                              lib/libbootloader.a(boot_usb_fdl_channel.c.obj) (osiDCacheClean)
lib/libhal.a(hal_pmu_8910.c.obj)
                              lib/libbootloader.a(boot_fdl_dnld.c.obj) (halPmuExtFlashPowerOn)
lib/libhal.a(hal_efuse_8910.c.obj)
                              lib/libbootloader.a(boot_secure.c.obj) (halEfuseOpen)
lib/libhal.a(hal_delay.c.obj)
                              lib/libbootloader.a(boot_platform_8910.c.obj) (osiDelayUS)
lib/libhal.a(hal_iomux.c.obj)
                              lib/libhal.a(hal_chip_8910.c.obj) (halIomuxSetFunction)
lib/libhal.a(hal_reg_apply.c.obj)
                              lib/libhal.a(hal_clock_init.c.obj) (halApplyRegisters)
lib/libhal.a(hal_chip.c.obj)  lib/libbootloader.a(boot_uart.c.obj) (halCalcDivider20)
lib/libhal.a(hal_adi_bus.c.obj)
                              components/bootloader/CMakeFiles/flash_test_fdl.dir/flash_test_fdl/flash_test_main.c.obj (halAdiBusInit)
lib/libhal.a(hal_hwspinlock.c.obj)
                              lib/libhal.a(hal_efuse_8910.c.obj) (halHwspinlockAcquire)
lib/libhal.a(hal_spi_flash.c.obj)
                              lib/libbootloader.a(boot_spi_flash.c.obj) (halSpiFlashPageProgram)
lib/libhal.a(hal_blue_screen.c.obj)
                              lib/libbootloader.a(boot_platform_8910.c.obj) (halBlueScreenSaveContext)
lib/libosi_lib.a(osi_log.c.obj)
                              components/bootloader/CMakeFiles/flash_test_fdl.dir/flash_test_fdl/flash_test_main.c.obj (osiTraceBasic)
lib/libosi_lib.a(osi_fifo.c.obj)
                              lib/libbootloader.a(boot_usb_fdl_channel.c.obj) (osiFifoInit)
../../components/newlib/armca5/libc.a(lib_a-impure.o)
                              components/bootloader/CMakeFiles/flash_test_fdl.dir/flash_test_fdl/flash_test_main.c.obj (_global_impure_ptr)
../../components/newlib/armca5/libc.a(lib_a-memcmp.o)
                              lib/libbootloader.a(boot_secure.c.obj) (memcmp)
../../components/newlib/armca5/libc.a(lib_a-memcpy-stub.o)
                              components/bootloader/CMakeFiles/flash_test_fdl.dir/flash_test_fdl/flash_test_main.c.obj (memcpy)
../../components/newlib/armca5/libc.a(lib_a-memset.o)
                              lib/libbootloader.a(boot_secure.c.obj) (memset)
../../components/newlib/armca5/libc.a(lib_a-snprintf.o)
[...]
Memory Configuration

Name             Origin             Length             Attributes
sram             0x0000000000800100 0x000000000000ff00 xrw
*default*        0x0000000000000000 0xffffffffffffffff

Linker script and memory map

LOAD components/bootloader/CMakeFiles/flash_test_fdl.dir/flash_test_fdl/flash_test_main.c.obj
LOAD lib/libbootloader.a
START GROUP
LOAD lib/libhal.a
LOAD lib/libosi_lib.a
END GROUP
LOAD ../../components/newlib/armca5/libc.a
LOAD ../../prebuilts/linux/gcc-arm-none-eabi/bin/../lib/gcc/arm-none-eabi/7.2.1/thumb/v7-ar/fpv3/hard/libgcc.a
LOAD ../../components/libs/boot_encrypt/libboot_encrypt.a
LOAD lib/libcalclib.a
LOAD lib/libdriver.a

.text           0x0000000000800100     0x28e0
                0x0000000000800100                __text_start = .
 *(BOOT_ENTRY)
 BOOT_ENTRY     0x0000000000800100      0x184 lib/libbootloader.a(boot_entry_v7a.S.obj)
                0x00000000008001b0                bootEntry
                0x000000000080021c                bootJumpImageEntry
 SORT_BY_NAME(*)(.sramboottext .sramboottext.*)
 .sramboottext  0x0000000000800284       0x64 lib/libhal.a(hal_delay.c.obj)
                0x0000000000800284                osiDelayLoops
                0x0000000000800290                osiDelayUS
                0x00000000008002b0                osiDebugEvent
                0x00000000008002dc                osiHWTick16K
 .sramboottext  0x00000000008002e8       0x56 lib/libhal.a(hal_reg_apply.c.obj)
                0x00000000008002e8                halApplyRegisters
                0x000000000080031a                halApplyRegisterList
 SORT_BY_NAME(*)(.sramtext .sramtext.*)
 .sramtext      0x000000000080033e       0x1e lib/libhal.a(hal_chip_8910.c.obj)
                0x000000000080033e                uxPortSetInterruptMaskFromISR
                0x000000000080033e                vPortDisableInterrupts
                0x000000000080033e                uxPortEnterCritical
                0x000000000080033e                osiEnterCritical
                0x000000000080033e                osiIrqSave
                0x000000000080034e                vPortExitCritical
                0x000000000080034e                osiIrqRestore
                0x000000000080034e                osiExitCritical
                0x000000000080034e                vPortClearInterruptMaskFromISR
 SORT_BY_NAME(*)(.ramtext .ramtext.*)
 .ramtext.flashhal.984
                0x000000000080035c       0xe4 lib/libhal.a(hal_spi_flash.c.obj)
                0x000000000080035c                halSpiFlashCmd
 .ramtext.flashhal.245
                0x0000000000800440       0x20 lib/libhal.a(hal_spi_flash.c.obj)
 .ramtext.flashhal.324
                0x0000000000800460       0x14 lib/libhal.a(hal_spi_flash.c.obj)
 .ramtext.flashhal.340
                0x0000000000800474       0x24 lib/libhal.a(hal_spi_flash.c.obj)
 .ramtext.flashhal.227
                0x0000000000800498       0x12 lib/libhal.a(hal_spi_flash.c.obj)
 .ramtext.flashhal.357
                0x00000000008004aa       0x18 lib/libhal.a(hal_spi_flash.c.obj)
 .ramtext.flashhal.471
                0x00000000008004c2        0xc lib/libhal.a(hal_spi_flash.c.obj)
                0x00000000008004c2                halSpiFlashPageProgram
 .ramtext.flashhal.239
                0x00000000008004ce       0x16 lib/libhal.a(hal_spi_flash.c.obj)
 .ramtext.flashhal.547
                0x00000000008004e4        0xa lib/libhal.a(hal_spi_flash.c.obj)
                0x00000000008004e4                halSpiFlashChipErase
 .ramtext.flashhal.504
                0x00000000008004ee        0xa lib/libhal.a(hal_spi_flash.c.obj)
 .ramtext.flashhal.493
                0x00000000008004f8        0xa lib/libhal.a(hal_spi_flash.c.obj)
 .ramtext.flashhal.482
                0x0000000000800502        0xa lib/libhal.a(hal_spi_flash.c.obj)
 .ramtext.flashhal.902
                0x000000000080050c       0x1a lib/libhal.a(hal_spi_flash.c.obj)
                0x000000000080050c                halSpiFlashErase
 .ramtext.flashhal.408
                0x0000000000800526       0x24 lib/libhal.a(hal_spi_flash.c.obj)
 .ramtext.flashhal.381
                0x000000000080054a       0x64 lib/libhal.a(hal_spi_flash.c.obj)
 .ramtext.flashhal.450
                0x00000000008005ae       0x54 lib/libhal.a(hal_spi_flash.c.obj)
                0x00000000008005ae                halSpiFlashFinishEraseProgram
 .ramtext.flashhal.1063
                0x0000000000800602        0xa lib/libhal.a(hal_spi_flash.c.obj)
                0x0000000000800602                halSpiFlashWriteEnable
 .ramtext.flashhal.425
                0x000000000080060c      0x130 lib/libhal.a(hal_spi_flash.c.obj)
                0x000000000080060c                halSpiFlashPrepareEraseProgram
 .ramtext.flashhal.1071
                0x000000000080073c        0xa lib/libhal.a(hal_spi_flash.c.obj)
                0x000000000080073c                halSpiFlashWriteDisable
 .ramtext.flashhal.1079
                0x0000000000800746        0xa lib/libhal.a(hal_spi_flash.c.obj)
                0x0000000000800746                halSpiFlashResetEnable
 .ramtext.flashhal.1087
                0x0000000000800750        0xa lib/libhal.a(hal_spi_flash.c.obj)
                0x0000000000800750                halSpiFlashReset
 .ramtext.flashhal.1102
                0x000000000080075a       0x1a lib/libhal.a(hal_spi_flash.c.obj)
                0x000000000080075a                halSpiFlashReadSR
 .ramtext.flashhal.1165
                0x0000000000800774       0x26 lib/libhal.a(hal_spi_flash.c.obj)
                0x0000000000800774                halSpiFlashIsWipFinished
 .ramtext.flashhal.1178
                0x000000000080079a       0x10 lib/libhal.a(hal_spi_flash.c.obj)
                0x000000000080079a                halSpiFlashWaitWipFinish
 .ramtext.flashhal.1122
                0x00000000008007aa       0x6c lib/libhal.a(hal_spi_flash.c.obj)
                0x00000000008007aa                halSpiFlashWriteSR
 .ramtext.flashhal.1292
                0x0000000000800816      0x116 lib/libhal.a(hal_spi_flash.c.obj)
                0x0000000000800816                halSpiFlashStatusCheck
 .ramtext.flashhal.1378
                0x000000000080092c       0x94 lib/libhal.a(hal_spi_flash.c.obj)
                0x000000000080092c                halSpiFlashInit
 .ramtext.flashhal.114
                0x00000000008009c0       0x44 lib/libhal.a(hal_spi_flash.c.obj)
 .ramtext.flashhal.137
                0x0000000000800a04       0x44 lib/libhal.a(hal_spi_flash.c.obj)
 .ramtext.flashhal.160
                0x0000000000800a48       0x44 lib/libhal.a(hal_spi_flash.c.obj)
 .ramtext.flashhal.183
                0x0000000000800a8c       0x3c lib/libhal.a(hal_spi_flash.c.obj)
 .ramtext.flashhal.52
                0x0000000000800ac8       0x34 lib/libhal.a(hal_spi_flash.c.obj)
 .ramtext.flashhal.93
                0x0000000000800afc       0x3c lib/libhal.a(hal_spi_flash.c.obj)
 .ramtext.osi_log.423
                0x0000000000800b38       0xa8 lib/libosi_lib.a(osi_log.c.obj)
 .ramtext.osi_log.518
                0x0000000000800be0       0x24 lib/libosi_lib.a(osi_log.c.obj)
                0x0000000000800be0                osiTraceBasic
 SORT_BY_NAME(*)(.text .text.* .gnu.linkonce.t.* .rdata .rodata .rodata.* .rodata1 .gnu.linkonce.r.*)
 .rodata._global_impure_ptr
                0x0000000000800c04        0x4 ../../components/newlib/armca5/libc.a(lib_a-impure.o)
                0x0000000000800c04                _global_impure_ptr
 .text.memcpy   0x0000000000800c08       0xc8 ../../components/newlib/armca5/libc.a(lib_a-memcpy-stub.o)
                0x0000000000800c08                memcpy
 .text.memset   0x0000000000800cd0       0xa8 ../../components/newlib/armca5/libc.a(lib_a-memset.o)
                0x0000000000800cd0                memset
 *fill*         0x0000000000800d78        0x8 
 .text          0x0000000000800d80       0xdc ../../components/newlib/armca5/libc.a(lib_a-strlen.o)
                0x0000000000800d80                strlen
 .text          0x0000000000800e5c        0x4 ../../prebuilts/linux/gcc-arm-none-eabi/bin/../lib/gcc/arm-none-eabi/7.2.1/thumb/v7-ar/fpv3/hard/libgcc.a(_dvmd_tls.o)
                0x0000000000800e5c                __aeabi_ldiv0
                0x0000000000800e5c                __aeabi_idiv0
 .text          0x0000000000800e60      0x278 ../../prebuilts/linux/gcc-arm-none-eabi/bin/../lib/gcc/arm-none-eabi/7.2.1/thumb/v7-ar/fpv3/hard/libgcc.a(_udivsi3.o)
                0x0000000000800e60                __udivsi3
                0x0000000000800e60                __aeabi_uidiv
                0x00000000008010bc                __aeabi_uidivmod
 .text._process_flash
                0x00000000008010d8      0x274 components/bootloader/CMakeFiles/flash_test_fdl.dir/flash_test_fdl/flash_test_main.c.obj
 .text.bootStart
                0x000000000080134c      0x1f0 components/bootloader/CMakeFiles/flash_test_fdl.dir/flash_test_fdl/flash_test_main.c.obj
                0x000000000080134c                bootStart
 .rodata        0x000000000080153c       0x40 components/bootloader/CMakeFiles/flash_test_fdl.dir/flash_test_fdl/flash_test_main.c.obj
 .rodata._process_flash.str1.1
                0x000000000080157c      0x22a components/bootloader/CMakeFiles/flash_test_fdl.dir/flash_test_fdl/flash_test_main.c.obj
 .rodata.bootStart.str1.1
                0x00000000008017a6       0xb3 components/bootloader/CMakeFiles/flash_test_fdl.dir/flash_test_fdl/flash_test_main.c.obj
 *fill*         0x0000000000801859        0x3 
 .text.bootDebuguartInit
                0x000000000080185c       0x3c lib/libbootloader.a(boot_debuguart.c.obj)
                0x000000000080185c                bootDebuguartInit
 .text.bootDebuguartWrite
                0x0000000000801898       0x34 lib/libbootloader.a(boot_debuguart.c.obj)
                0x0000000000801898                bootDebuguartWrite
 .text.bootDebuguartWriteAll
                0x00000000008018cc       0x2e lib/libbootloader.a(boot_debuguart.c.obj)
                0x00000000008018cc                bootDebuguartWriteAll
 .text.bootPanic
                0x00000000008018fa        0x2 lib/libbootloader.a(boot_delay.c.obj)
                0x00000000008018fa                bootPanic
                0x00000000008018fa                osiPanic
 .text.bootElapsedTimerStart
                0x00000000008018fc       0x10 lib/libbootloader.a(boot_delay.c.obj)
                0x00000000008018fc                bootElapsedTimerStart
                0x00000000008018fc                osiElapsedTimerStart
 .text.bootElapsedTime
                0x000000000080190c       0x1c lib/libbootloader.a(boot_delay.c.obj)
                0x000000000080190c                osiElapsedTime
                0x000000000080190c                bootElapsedTime
 .text.bootElapsedTimeUS
                0x0000000000801928       0x14 lib/libbootloader.a(boot_delay.c.obj)
                0x0000000000801928                osiElapsedTimeUS
                0x0000000000801928                bootElapsedTimeUS
 .text._fdl_read.isra.1
                0x000000000080193c       0x2e lib/libbootloader.a(boot_fdl.c.obj)
 .text._fdl_write_all.isra.2
                0x000000000080196a       0x1c lib/libbootloader.a(boot_fdl.c.obj)
 .text._calc_crc16_frm
                0x0000000000801986       0x4e lib/libbootloader.a(boot_fdl.c.obj)
                0x0000000000801986                _calc_crc16_frm
 .text.fdlEngineCreate
                0x00000000008019d4       0x34 lib/libbootloader.a(boot_fdl.c.obj)
                0x00000000008019d4                fdlEngineCreate
 .text.fdlEngineDestroy
                0x0000000000801a08       0x18 lib/libbootloader.a(boot_fdl.c.obj)
                0x0000000000801a08                fdlEngineDestroy
 .text.fdlEngineReadRaw
                0x0000000000801a20        0xe lib/libbootloader.a(boot_fdl.c.obj)
                0x0000000000801a20                fdlEngineReadRaw
 .text.fdlEngineSendPacket
                0x0000000000801a2e      0x114 lib/libbootloader.a(boot_fdl.c.obj)
                0x0000000000801a2e                fdlEngineSendPacket
 *fill*         0x0000000000801b42        0x2 
 .text.fdlEngineSendVersion
                0x0000000000801b44       0x40 lib/libbootloader.a(boot_fdl.c.obj)
                0x0000000000801b44                fdlEngineSendVersion
 .text.fdlEngineSendRespNoData
                0x0000000000801b84       0x1a lib/libbootloader.a(boot_fdl.c.obj)
                0x0000000000801b84                fdlEngineSendRespNoData
 *fill*         0x0000000000801b9e        0x2 
 .text.fdlEngineSendRespData
                0x0000000000801ba0       0x60 lib/libbootloader.a(boot_fdl.c.obj)
                0x0000000000801ba0                fdlEngineSendRespData
 .text.fdlEngineProcess
                0x0000000000801c00      0x178 lib/libbootloader.a(boot_fdl.c.obj)
                0x0000000000801c00                fdlEngineProcess
 .rodata.fdlEngineCreate.str1.1
                0x0000000000801d78       0x23 lib/libbootloader.a(boot_fdl.c.obj)
 .rodata.fdlEngineProcess.str1.1
                0x0000000000801d9b       0x7e lib/libbootloader.a(boot_fdl.c.obj)
 .rodata.fdlEngineSendRespData.str1.1
                0x0000000000801e19       0x1d lib/libbootloader.a(boot_fdl.c.obj)
 .rodata.fdlEngineSendVersion.str1.1
                0x0000000000801e36       0x22 lib/libbootloader.a(boot_fdl.c.obj)
 .text.bootIrqHandler
                0x0000000000801e58       0x1c lib/libbootloader.a(boot_irq.c.obj)
                0x0000000000801e58                bootIrqHandler
 .text._heap_malloc
                0x0000000000801e74       0x38 lib/libbootloader.a(boot_mem.c.obj)
 .text._heap_calloc
                0x0000000000801eac       0x26 lib/libbootloader.a(boot_mem.c.obj)
 .text._heap_free
                0x0000000000801ed2       0x76 lib/libbootloader.a(boot_mem.c.obj)
 .text.bootHeapInit
                0x0000000000801f48       0x48 lib/libbootloader.a(boot_mem.c.obj)
                0x0000000000801f48                bootHeapInit
 .text.bootFree
                0x0000000000801f90       0x38 lib/libbootloader.a(boot_mem.c.obj)
                0x0000000000801f90                bootFree
 .text.malloc   0x0000000000801fc8       0x10 lib/libbootloader.a(boot_mem.c.obj)
                0x0000000000801fc8                malloc
 .text.calloc   0x0000000000801fd8       0x10 lib/libbootloader.a(boot_mem.c.obj)
                0x0000000000801fd8                calloc
 .text.free     0x0000000000801fe8        0x4 lib/libbootloader.a(boot_mem.c.obj)
                0x0000000000801fe8                free
 .text.bootBlueScreen
                0x0000000000801fec        0xc lib/libbootloader.a(boot_platform_8910.c.obj)
                0x0000000000801fec                bootBlueScreen
 .text.prvErase
                0x0000000000801ff8       0x1e lib/libbootloader.a(boot_spi_flash.c.obj)
 *fill*         0x0000000000802016        0x2 
 .text.bootSpiFlashOpen
                0x0000000000802018       0x38 lib/libbootloader.a(boot_spi_flash.c.obj)
                0x0000000000802018                bootSpiFlashOpen
 .text.bootSpiFlashCapacity
                0x0000000000802050        0x6 lib/libbootloader.a(boot_spi_flash.c.obj)
                0x0000000000802050                bootSpiFlashCapacity
 .text.bootSpiFlashMapAddress
                0x0000000000802056        0x6 lib/libbootloader.a(boot_spi_flash.c.obj)
                0x0000000000802056                bootSpiFlashMapAddress
 .text.bootSpiFlashOffsetValid
                0x000000000080205c        0xc lib/libbootloader.a(boot_spi_flash.c.obj)
                0x000000000080205c                bootSpiFlashOffsetValid
 .text.bootSpiFlashWriteNoWait
                0x0000000000802068       0x72 lib/libbootloader.a(boot_spi_flash.c.obj)
                0x0000000000802068                bootSpiFlashWriteNoWait
 .text.bootSpiFlashEraseNoWait
                0x00000000008020da       0xb2 lib/libbootloader.a(boot_spi_flash.c.obj)
                0x00000000008020da                bootSpiFlashEraseNoWait
 .text.bootSpiFlashChipErase
                0x000000000080218c       0x36 lib/libbootloader.a(boot_spi_flash.c.obj)
                0x000000000080218c                bootSpiFlashChipErase
 .text.bootSpiFlashErase
                0x00000000008021c2       0x3c lib/libbootloader.a(boot_spi_flash.c.obj)
                0x00000000008021c2                bootSpiFlashErase
 .text.bootSpiFlashWrite
                0x00000000008021fe       0x46 lib/libbootloader.a(boot_spi_flash.c.obj)
                0x00000000008021fe                bootSpiFlashWrite
 .text.osiPmSourceCreate
                0x0000000000802244        0x8 lib/libbootloader.a(boot_stub.c.obj)
                0x0000000000802244                osiPmSourceCreate
 .text.bootTimerISR
                0x000000000080224c       0x1c lib/libbootloader.a(boot_timer.c.obj)
                0x000000000080224c                bootTimerISR
 .text.bootTraceInit
                0x0000000000802268       0x18 lib/libbootloader.a(boot_trace.c.obj)
                0x0000000000802268                bootTraceInit
 .text.bootTraceBufPutMulti
                0x0000000000802280       0x22 lib/libbootloader.a(boot_trace.c.obj)
                0x0000000000802280                osiTraceBufPutMulti
                0x0000000000802280                bootTraceBufPutMulti
 .text.prvUartAvail
                0x00000000008022a2        0xa lib/libbootloader.a(boot_uart.c.obj)
 .text.prvUartFlush
                0x00000000008022ac        0x2 lib/libbootloader.a(boot_uart.c.obj)
 .text.prvUartConnected
                0x00000000008022ae        0x4 lib/libbootloader.a(boot_uart.c.obj)
 .text.prvUartDestroy
                0x00000000008022b2        0x4 lib/libbootloader.a(boot_uart.c.obj)
 .text.prvUartBaudSupported
                0x00000000008022b6        0x4 lib/libbootloader.a(boot_uart.c.obj)
 *fill*         0x00000000008022ba        0x2 
 .text.bootUartSetBaud
                0x00000000008022bc       0x18 lib/libbootloader.a(boot_uart.c.obj)
                0x00000000008022bc                bootUartSetBaud
 .text.bootUartOpen
                0x00000000008022d4       0x94 lib/libbootloader.a(boot_uart.c.obj)
                0x00000000008022d4                bootUartOpen
 .text.prvUartSetBaud
                0x0000000000802368        0x6 lib/libbootloader.a(boot_uart.c.obj)
 .text.bootUartRead
                0x000000000080236e       0x24 lib/libbootloader.a(boot_uart.c.obj)
                0x000000000080236e                bootUartRead
 .text.prvUartFlushInput
                0x0000000000802392       0x18 lib/libbootloader.a(boot_uart.c.obj)
 .text.prvUartRead
                0x00000000008023aa        0x6 lib/libbootloader.a(boot_uart.c.obj)
 .text.bootUartWrite
                0x00000000008023b0       0x2e lib/libbootloader.a(boot_uart.c.obj)
                0x00000000008023b0                bootUartWrite
 .text.prvUartWrite
                0x00000000008023de        0x6 lib/libbootloader.a(boot_uart.c.obj)
                0x00000000008023de                prvUartWrite
 .text.fdlOpenUart
                0x00000000008023e4       0x70 lib/libbootloader.a(boot_uart.c.obj)
                0x00000000008023e4                fdlOpenUart
 .text._initCfgReg
                0x0000000000802454       0x28 lib/libhal.a(hal_adi_bus.c.obj)
                0x0000000000802454                _initCfgReg
 .text._adiBusResume
                0x000000000080247c        0xa lib/libhal.a(hal_adi_bus.c.obj)
 *fill*         0x0000000000802486        0x2 
 .text.halAdiBusInit
                0x0000000000802488       0x1c lib/libhal.a(hal_adi_bus.c.obj)
                0x0000000000802488                halAdiBusInit
 .rodata        0x00000000008024a4        0x4 lib/libhal.a(hal_adi_bus.c.obj)
 .rodata._adiBusPmOps
                0x00000000008024a8       0x10 lib/libhal.a(hal_adi_bus.c.obj)
 .text.halBlueScreenSaveContext
                0x00000000008024b8       0x34 lib/libhal.a(hal_blue_screen.c.obj)
                0x00000000008024b8                halBlueScreenSaveContext
 .text.halCalcDivider20
                0x00000000008024ec       0x88 lib/libhal.a(hal_chip.c.obj)
                0x00000000008024ec                halCalcDivider20
 .text.osiDCacheInvalidate
                0x0000000000802574       0x18 lib/libhal.a(hal_chip_8910.c.obj)
                0x0000000000802574                osiDCacheInvalidate
 .text.osiDCacheCleanInvalidateAll
                0x000000000080258c       0xac lib/libhal.a(hal_chip_8910.c.obj)
                0x000000000080258c                osiDCacheCleanInvalidateAll
 .text.prvDelayUS
                0x0000000000802638       0x14 lib/libhal.a(hal_clock_init.c.obj)
 .text.halClockInit
                0x000000000080264c      0x240 lib/libhal.a(hal_clock_init.c.obj)
                0x000000000080264c                halClockInit
 .text.halHwspinlockReleaseInCritical
                0x000000000080288c       0x14 lib/libhal.a(hal_hwspinlock.c.obj)
                0x000000000080288c                halHwspinlockReleaseInCritical
 .rodata.gSpiFlashProps
                0x00000000008028a0      0x12c lib/libhal.a(hal_spi_flash.c.obj)
 *(.rokeep)
                0x00000000008029cc                __text_end = .
                0x00000000008029e0                . = ALIGN (0x20)
 *fill*         0x00000000008029cc       0x14 

.data           0x00000000008029e0      0x4e0
                0x00000000008029e0                __data_start = .
 SORT_BY_NAME(*)(.sramdata .sramdata.*)
 SORT_BY_NAME(*)(.data .data.* .sdata .sdata.* .data1 .gnu.linkonce.d.*)
 .data._impure_ptr
                0x00000000008029e0        0x4 ../../components/newlib/armca5/libc.a(lib_a-impure.o)
                0x00000000008029e0                _impure_ptr
 *fill*         0x00000000008029e4        0x4 
 .data.impure_data
                0x00000000008029e8      0x428 ../../components/newlib/armca5/libc.a(lib_a-impure.o)
 .data.gDrvSpiFlashCtx
                0x0000000000802e10       0x80 lib/libbootloader.a(boot_spi_flash.c.obj)
 .data.gBootUarts
                0x0000000000802e90       0x18 lib/libbootloader.a(boot_uart.c.obj)
 *(.rwkeep)
 .rwkeep        0x0000000000802ea8        0xc lib/libhal.a(hal_blue_screen.c.obj)
                0x0000000000802ea8                gGdbRegAddress
                0x0000000000802eac                gCpGdbRegAddress
                0x0000000000802eb0                gGdbCtxType
                0x0000000000802eb4                __data_end = .
                0x0000000000802ec0                . = ALIGN (0x20)
 *fill*         0x0000000000802eb4        0xc 

.lastflash      0x0000000000802ec0        0x0
                0x0000000000802ec0                . = ALIGN (0x20)

.bss            0x0000000000802ec0     0x1080
                0x0000000000802ec0                __bss_start = .
 *(.srambss .srambss.*)
 *(.bss .bss.* COMMON .scommon .sbss .sbss.* .sbss2 .sbss2.* .gnu.linkonce.b.*)
 .bss.pattern   0x0000000000802ec0     0x1000 components/bootloader/CMakeFiles/flash_test_fdl.dir/flash_test_fdl/flash_test_main.c.obj
 COMMON         0x0000000000803ec0        0x4 components/bootloader/CMakeFiles/flash_test_fdl.dir/flash_test_fdl/flash_test_main.c.obj
                0x0000000000803ec0                test_cnt
 .bss.gDefaultHeap
                0x0000000000803ec4        0x4 lib/libbootloader.a(boot_mem.c.obj)
 .bss.gExtRamHeap
                0x0000000000803ec8        0xc lib/libbootloader.a(boot_mem.c.obj)
 .bss.gIramHeap
                0x0000000000803ed4        0xc lib/libbootloader.a(boot_mem.c.obj)
 .bss.gTimerCb  0x0000000000803ee0        0x8 lib/libbootloader.a(boot_timer.c.obj)
 .bss.gTraceEnabled
                0x0000000000803ee8        0x1 lib/libosi_lib.a(osi_log.c.obj)
                0x0000000000803ee8                gTraceEnabled
 *fill*         0x0000000000803ee9        0x3 
 COMMON         0x0000000000803eec       0x54 lib/libosi_lib.a(osi_log.c.obj)
                0x0000000000803eec                v_tra_pubModuleControl
                0x0000000000803ef0                v_tra_categoryControl
                0x0000000000803ef4                gTraceSequence
                0x0000000000803ef8                v_tra_lteModuleControl
                0x0000000000803efc                sxs_IoCtx
                0x0000000000803f40                __bss_end = .
                0x0000000000803f40                . = ALIGN (0x20)

.sys_stack      0x0000000000803f40     0x1800
                0x0000000000803f40                __sys_stack_start = .
                0x0000000000805740                . = (. + 0x1800)
 *fill*         0x0000000000803f40     0x1800 
                0x0000000000805740                __sys_stack_end = .
                0x0000000000805740                . = ALIGN (0x20)

.irq_stack      0x0000000000805740      0x800
                0x0000000000805740                __irq_stack_start = .
                0x0000000000805f40                . = (. + 0x800)
 *fill*         0x0000000000805740      0x800 
                0x0000000000805f40                __irq_stack_end = .
                0x0000000000805f40                . = ALIGN (0x20)

.blue_screen    0x0000000000805f40      0x400
                0x0000000000805f40                __blue_screen_start = .
                0x0000000000806340                . = (. + 0x400)
 *fill*         0x0000000000805f40      0x400 
                0x0000000000806340                __blue_screen_end = .
                0x0000000000806340                . = ALIGN (0x20)

.sram_heap      0x0000000000806340     0x9cc0
                0x0000000000806340                __sram_heap_start = .
                0x0000000000810000                . = (ORIGIN (sram) + LENGTH (sram))
 *fill*         0x0000000000806340     0x9cc0 
                0x0000000000810000                __sram_heap_end = .
                0x0000000000810000                . = ALIGN (0x20)
                0x0000000000800100                __flash_start = LOADADDR (.text)
                0x0000000000802ec0                __flash_end = ADDR (.lastflash)

.comment        0x0000000000000000       0xf7
 *(.comment)
 .comment       0x0000000000000000       0x7e components/bootloader/CMakeFiles/flash_test_fdl.dir/flash_test_fdl/flash_test_main.c.obj
                                         0x7f (size before relaxing)
 .comment       0x000000000000007e       0x7f lib/libbootloader.a(boot_platform_8910.c.obj)
 .comment       0x000000000000007e       0x7f lib/libbootloader.a(boot_stub.c.obj)
 .comment       0x000000000000007e       0x7f lib/libbootloader.a(boot_delay.c.obj)
 .comment       0x000000000000007e       0x7f lib/libbootloader.a(boot_mem.c.obj)
 .comment       0x000000000000007e       0x7f lib/libbootloader.a(boot_spi_flash.c.obj)
 .comment       0x000000000000007e       0x7f lib/libbootloader.a(boot_debuguart.c.obj)
 .comment       0x000000000000007e       0x7f lib/libbootloader.a(boot_trace.c.obj)
 .comment       0x000000000000007e       0x7f lib/libbootloader.a(boot_fdl.c.obj)
 .comment       0x000000000000007e       0x7f lib/libbootloader.a(boot_irq.c.obj)
 .comment       0x000000000000007e       0x7f lib/libbootloader.a(boot_timer.c.obj)
 .comment       0x000000000000007e       0x7f lib/libbootloader.a(boot_uart.c.obj)
 .comment       0x000000000000007e       0x7f lib/libhal.a(hal_clock_init.c.obj)
 .comment       0x000000000000007e       0x7f lib/libhal.a(hal_chip_8910.c.obj)
 .comment       0x000000000000007e       0x7f lib/libhal.a(hal_delay.c.obj)
 .comment       0x000000000000007e       0x7f lib/libhal.a(hal_reg_apply.c.obj)
 .comment       0x000000000000007e       0x7f lib/libhal.a(hal_chip.c.obj)
 .comment       0x000000000000007e       0x7f lib/libhal.a(hal_adi_bus.c.obj)
 .comment       0x000000000000007e       0x7f lib/libhal.a(hal_hwspinlock.c.obj)
 .comment       0x000000000000007e       0x7f lib/libhal.a(hal_spi_flash.c.obj)
 .comment       0x000000000000007e       0x7f lib/libhal.a(hal_blue_screen.c.obj)
 .comment       0x000000000000007e       0x7f lib/libosi_lib.a(osi_log.c.obj)
 .comment       0x000000000000007e       0x79 ../../components/newlib/armca5/libc.a(lib_a-impure.o)
                                         0x7a (size before relaxing)
 .comment       0x00000000000000f7       0x7a ../../components/newlib/armca5/libc.a(lib_a-memcpy-stub.o)
 .comment       0x00000000000000f7       0x7a ../../components/newlib/armca5/libc.a(lib_a-memset.o)

.ARM.attributes
                0x0000000000000000       0x3d
 *(.ARM.attributes)
 .ARM.attributes
                0x0000000000000000       0x3d components/bootloader/CMakeFiles/flash_test_fdl.dir/flash_test_fdl/flash_test_main.c.obj
 .ARM.attributes
                0x000000000000003d       0x3d lib/libbootloader.a(boot_platform_8910.c.obj)
 .ARM.attributes
                0x000000000000007a       0x2b lib/libbootloader.a(boot_entry_v7a.S.obj)
 .ARM.attributes
                0x00000000000000a5       0x3d lib/libbootloader.a(boot_stub.c.obj)
 .ARM.attributes
                0x00000000000000e2       0x3d lib/libbootloader.a(boot_delay.c.obj)
 .ARM.attributes
                0x000000000000011f       0x3d lib/libbootloader.a(boot_mem.c.obj)
 .ARM.attributes
                0x000000000000015c       0x3d lib/libbootloader.a(boot_spi_flash.c.obj)
 .ARM.attributes
                0x0000000000000199       0x3d lib/libbootloader.a(boot_debuguart.c.obj)
 .ARM.attributes
                0x00000000000001d6       0x3d lib/libbootloader.a(boot_trace.c.obj)
 .ARM.attributes
                0x0000000000000213       0x3d lib/libbootloader.a(boot_fdl.c.obj)
 .ARM.attributes
                0x0000000000000250       0x3d lib/libbootloader.a(boot_irq.c.obj)
 .ARM.attributes
                0x000000000000028d       0x3d lib/libbootloader.a(boot_timer.c.obj)
 .ARM.attributes
                0x00000000000002ca       0x3d lib/libbootloader.a(boot_uart.c.obj)
 .ARM.attributes
                0x0000000000000307       0x3d lib/libhal.a(hal_clock_init.c.obj)
 .ARM.attributes
                0x0000000000000344       0x3d lib/libhal.a(hal_chip_8910.c.obj)
 .ARM.attributes
                0x0000000000000381       0x3d lib/libhal.a(hal_delay.c.obj)
 .ARM.attributes
                0x00000000000003be       0x3d lib/libhal.a(hal_reg_apply.c.obj)
 .ARM.attributes
                0x00000000000003fb       0x3d lib/libhal.a(hal_chip.c.obj)
 .ARM.attributes
                0x0000000000000438       0x3d lib/libhal.a(hal_adi_bus.c.obj)
 .ARM.attributes
                0x0000000000000475       0x3d lib/libhal.a(hal_hwspinlock.c.obj)
 .ARM.attributes
                0x00000000000004b2       0x3d lib/libhal.a(hal_spi_flash.c.obj)
 .ARM.attributes
                0x00000000000004ef       0x3d lib/libhal.a(hal_blue_screen.c.obj)
 .ARM.attributes
                0x000000000000052c       0x3d lib/libosi_lib.a(osi_log.c.obj)
 .ARM.attributes
                0x0000000000000569       0x3d ../../components/newlib/armca5/libc.a(lib_a-impure.o)
 .ARM.attributes
                0x00000000000005a6       0x37 ../../components/newlib/armca5/libc.a(lib_a-memcpy-stub.o)
 .ARM.attributes
                0x00000000000005dd       0x37 ../../components/newlib/armca5/libc.a(lib_a-memset.o)
 .ARM.attributes
                0x0000000000000614       0x1d ../../components/newlib/armca5/libc.a(lib_a-strlen.o)
 .ARM.attributes
                0x0000000000000631       0x1b ../../prebuilts/linux/gcc-arm-none-eabi/bin/../lib/gcc/arm-none-eabi/7.2.1/thumb/v7-ar/fpv3/hard/libgcc.a(_udivsi3.o)
 .ARM.attributes
                0x000000000000064c       0x1b ../../prebuilts/linux/gcc-arm-none-eabi/bin/../lib/gcc/arm-none-eabi/7.2.1/thumb/v7-ar/fpv3/hard/libgcc.a(_dvmd_tls.o)

.iplt           0x0000000000000000        0x0
 *(.iplt)
 .iplt          0x0000000000000000        0x0 components/bootloader/CMakeFiles/flash_test_fdl.dir/flash_test_fdl/flash_test_main.c.obj

.igot.plt       0x0000000000000000        0x0
 *(.igot.plt)
 .igot.plt      0x0000000000000000        0x0 components/bootloader/CMakeFiles/flash_test_fdl.dir/flash_test_fdl/flash_test_main.c.obj

.rel.dyn        0x0000000000000000        0x0
 *(.rel.dyn)
 .rel.iplt      0x0000000000000000        0x0 components/bootloader/CMakeFiles/flash_test_fdl.dir/flash_test_fdl/flash_test_main.c.obj

.glue_7         0x0000000000000000        0x0
 *(.glue_7)
 .glue_7        0x0000000000000000        0x0 linker stubs

.glue_7t        0x0000000000000000        0x0
 *(.glue_7t)
 .glue_7t       0x0000000000000000        0x0 linker stubs

.vfp11_veneer   0x0000000000000000        0x0
 *(.vfp11_veneer)
 .vfp11_veneer  0x0000000000000000        0x0 linker stubs

.v4_bx          0x0000000000000000        0x0
 *(.v4_bx)
 .v4_bx         0x0000000000000000        0x0 linker stubs

/DISCARD/
 *(.ARM.exidx*)
 *(.gnu.linkonce.armexidx*)
OUTPUT(hex/flash_test_fdl.elf elf32-littlearm)

.debug_info     0x0000000000000000    0x22500
 .debug_info    0x0000000000000000     0x1ad1 components/bootloader/CMakeFiles/flash_test_fdl.dir/flash_test_fdl/flash_test_main.c.obj
 .debug_info    0x0000000000001ad1     0x269d lib/libbootloader.a(boot_platform_8910.c.obj)
 .debug_info    0x000000000000416e       0x26 lib/libbootloader.a(boot_entry_v7a.S.obj)
 .debug_info    0x0000000000004194      0x1cc lib/libbootloader.a(boot_stub.c.obj)
 .debug_info    0x0000000000004360      0x1fb lib/libbootloader.a(boot_delay.c.obj)
 .debug_info    0x000000000000455b      0x97f lib/libbootloader.a(boot_mem.c.obj)
 .debug_info    0x0000000000004eda     0x18cb lib/libbootloader.a(boot_spi_flash.c.obj)
 .debug_info    0x00000000000067a5      0x601 lib/libbootloader.a(boot_debuguart.c.obj)
 .debug_info    0x0000000000006da6      0x1f8 lib/libbootloader.a(boot_trace.c.obj)
 .debug_info    0x0000000000006f9e     0x1b28 lib/libbootloader.a(boot_fdl.c.obj)
 .debug_info    0x0000000000008ac6     0x14d5 lib/libbootloader.a(boot_irq.c.obj)
 .debug_info    0x0000000000009f9b      0xe69 lib/libbootloader.a(boot_timer.c.obj)
 .debug_info    0x000000000000ae04     0x154a lib/libbootloader.a(boot_uart.c.obj)
 .debug_info    0x000000000000c34e     0x7975 lib/libhal.a(hal_clock_init.c.obj)
 .debug_info    0x0000000000013cc3     0x3871 lib/libhal.a(hal_chip_8910.c.obj)
 .debug_info    0x0000000000017534      0x32b lib/libhal.a(hal_delay.c.obj)
 .debug_info    0x000000000001785f      0x1b8 lib/libhal.a(hal_reg_apply.c.obj)
 .debug_info    0x0000000000017a17      0x3e4 lib/libhal.a(hal_chip.c.obj)
 .debug_info    0x0000000000017dfb      0x9fb lib/libhal.a(hal_adi_bus.c.obj)
 .debug_info    0x00000000000187f6      0x633 lib/libhal.a(hal_hwspinlock.c.obj)
 .debug_info    0x0000000000018e29     0x420e lib/libhal.a(hal_spi_flash.c.obj)
 .debug_info    0x000000000001d037     0x2292 lib/libhal.a(hal_blue_screen.c.obj)
 .debug_info    0x000000000001f2c9     0x3237 lib/libosi_lib.a(osi_log.c.obj)

.debug_abbrev   0x0000000000000000     0x3e5b
 .debug_abbrev  0x0000000000000000      0x3f8 components/bootloader/CMakeFiles/flash_test_fdl.dir/flash_test_fdl/flash_test_main.c.obj
 .debug_abbrev  0x00000000000003f8      0x29a lib/libbootloader.a(boot_platform_8910.c.obj)
 .debug_abbrev  0x0000000000000692       0x14 lib/libbootloader.a(boot_entry_v7a.S.obj)
 .debug_abbrev  0x00000000000006a6       0xf3 lib/libbootloader.a(boot_stub.c.obj)
 .debug_abbrev  0x0000000000000799       0xd2 lib/libbootloader.a(boot_delay.c.obj)
 .debug_abbrev  0x000000000000086b      0x2fe lib/libbootloader.a(boot_mem.c.obj)
 .debug_abbrev  0x0000000000000b69      0x411 lib/libbootloader.a(boot_spi_flash.c.obj)
 .debug_abbrev  0x0000000000000f7a      0x159 lib/libbootloader.a(boot_debuguart.c.obj)
 .debug_abbrev  0x00000000000010d3      0x116 lib/libbootloader.a(boot_trace.c.obj)
 .debug_abbrev  0x00000000000011e9      0x4b3 lib/libbootloader.a(boot_fdl.c.obj)
 .debug_abbrev  0x000000000000169c      0x3db lib/libbootloader.a(boot_irq.c.obj)
 .debug_abbrev  0x0000000000001a77      0x273 lib/libbootloader.a(boot_timer.c.obj)
 .debug_abbrev  0x0000000000001cea      0x3ea lib/libbootloader.a(boot_uart.c.obj)
 .debug_abbrev  0x00000000000020d4      0x38b lib/libhal.a(hal_clock_init.c.obj)
 .debug_abbrev  0x000000000000245f      0x463 lib/libhal.a(hal_chip_8910.c.obj)
 .debug_abbrev  0x00000000000028c2      0x123 lib/libhal.a(hal_delay.c.obj)
 .debug_abbrev  0x00000000000029e5      0x10f lib/libhal.a(hal_reg_apply.c.obj)
 .debug_abbrev  0x0000000000002af4       0xec lib/libhal.a(hal_chip.c.obj)
 .debug_abbrev  0x0000000000002be0      0x283 lib/libhal.a(hal_adi_bus.c.obj)
 .debug_abbrev  0x0000000000002e63      0x15e lib/libhal.a(hal_hwspinlock.c.obj)
 .debug_abbrev  0x0000000000002fc1      0x51b lib/libhal.a(hal_spi_flash.c.obj)
 .debug_abbrev  0x00000000000034dc      0x4e7 lib/libhal.a(hal_blue_screen.c.obj)
 .debug_abbrev  0x00000000000039c3      0x498 lib/libosi_lib.a(osi_log.c.obj)

.debug_loc      0x0000000000000000     0xae22
 .debug_loc     0x0000000000000000      0x7cb components/bootloader/CMakeFiles/flash_test_fdl.dir/flash_test_fdl/flash_test_main.c.obj
 .debug_loc     0x00000000000007cb      0x143 lib/libbootloader.a(boot_platform_8910.c.obj)
 .debug_loc     0x000000000000090e       0x21 lib/libbootloader.a(boot_stub.c.obj)
 .debug_loc     0x000000000000092f       0x42 lib/libbootloader.a(boot_delay.c.obj)
 .debug_loc     0x0000000000000971      0x94c lib/libbootloader.a(boot_mem.c.obj)
 .debug_loc     0x00000000000012bd      0xae6 lib/libbootloader.a(boot_spi_flash.c.obj)
 .debug_loc     0x0000000000001da3      0x1b5 lib/libbootloader.a(boot_debuguart.c.obj)
 .debug_loc     0x0000000000001f58       0xf8 lib/libbootloader.a(boot_trace.c.obj)
 .debug_loc     0x0000000000002050      0xc38 lib/libbootloader.a(boot_fdl.c.obj)
 .debug_loc     0x0000000000002c88      0x2be lib/libbootloader.a(boot_irq.c.obj)
 .debug_loc     0x0000000000002f46       0xdb lib/libbootloader.a(boot_timer.c.obj)
 .debug_loc     0x0000000000003021      0x710 lib/libbootloader.a(boot_uart.c.obj)
 .debug_loc     0x0000000000003731      0x555 lib/libhal.a(hal_clock_init.c.obj)
 .debug_loc     0x0000000000003c86      0xed0 lib/libhal.a(hal_chip_8910.c.obj)
 .debug_loc     0x0000000000004b56       0x84 lib/libhal.a(hal_delay.c.obj)
 .debug_loc     0x0000000000004bda       0xbe lib/libhal.a(hal_reg_apply.c.obj)
 .debug_loc     0x0000000000004c98      0x488 lib/libhal.a(hal_chip.c.obj)
 .debug_loc     0x0000000000005120      0x3dd lib/libhal.a(hal_adi_bus.c.obj)
 .debug_loc     0x00000000000054fd       0xff lib/libhal.a(hal_hwspinlock.c.obj)
 .debug_loc     0x00000000000055fc     0x2c0c lib/libhal.a(hal_spi_flash.c.obj)
 .debug_loc     0x0000000000008208      0xcca lib/libhal.a(hal_blue_screen.c.obj)
 .debug_loc     0x0000000000008ed2     0x1f50 lib/libosi_lib.a(osi_log.c.obj)

.debug_aranges  0x0000000000000000      0x9a8
 .debug_aranges
                0x0000000000000000       0x28 components/bootloader/CMakeFiles/flash_test_fdl.dir/flash_test_fdl/flash_test_main.c.obj
 .debug_aranges
                0x0000000000000028       0x58 lib/libbootloader.a(boot_platform_8910.c.obj)
 .debug_aranges
                0x0000000000000080       0x20 lib/libbootloader.a(boot_entry_v7a.S.obj)
 .debug_aranges
                0x00000000000000a0       0x20 lib/libbootloader.a(boot_stub.c.obj)
 .debug_aranges
                0x00000000000000c0       0x38 lib/libbootloader.a(boot_delay.c.obj)
 .debug_aranges
                0x00000000000000f8       0x98 lib/libbootloader.a(boot_mem.c.obj)
 .debug_aranges
                0x0000000000000190       0xb0 lib/libbootloader.a(boot_spi_flash.c.obj)
 .debug_aranges
                0x0000000000000240       0x30 lib/libbootloader.a(boot_debuguart.c.obj)
 .debug_aranges
                0x0000000000000270       0x30 lib/libbootloader.a(boot_trace.c.obj)
 .debug_aranges
                0x00000000000002a0       0x98 lib/libbootloader.a(boot_fdl.c.obj)
 .debug_aranges
                0x0000000000000338       0x50 lib/libbootloader.a(boot_irq.c.obj)
 .debug_aranges
                0x0000000000000388       0x30 lib/libbootloader.a(boot_timer.c.obj)
 .debug_aranges
                0x00000000000003b8       0x90 lib/libbootloader.a(boot_uart.c.obj)
 .debug_aranges
                0x0000000000000448       0x70 lib/libhal.a(hal_clock_init.c.obj)
 .debug_aranges
                0x00000000000004b8       0xb0 lib/libhal.a(hal_chip_8910.c.obj)
 .debug_aranges
                0x0000000000000568       0x38 lib/libhal.a(hal_delay.c.obj)
 .debug_aranges
                0x00000000000005a0       0x28 lib/libhal.a(hal_reg_apply.c.obj)
 .debug_aranges
                0x00000000000005c8       0x48 lib/libhal.a(hal_chip.c.obj)
 .debug_aranges
                0x0000000000000610       0x50 lib/libhal.a(hal_adi_bus.c.obj)
 .debug_aranges
                0x0000000000000660       0x40 lib/libhal.a(hal_hwspinlock.c.obj)
 .debug_aranges
                0x00000000000006a0      0x180 lib/libhal.a(hal_spi_flash.c.obj)
 .debug_aranges
                0x0000000000000820       0x58 lib/libhal.a(hal_blue_screen.c.obj)
 .debug_aranges
                0x0000000000000878      0x130 lib/libosi_lib.a(osi_log.c.obj)

.debug_ranges   0x0000000000000000     0x1968
 .debug_ranges  0x0000000000000000       0xd8 components/bootloader/CMakeFiles/flash_test_fdl.dir/flash_test_fdl/flash_test_main.c.obj
 .debug_ranges  0x00000000000000d8       0x60 lib/libbootloader.a(boot_platform_8910.c.obj)
 .debug_ranges  0x0000000000000138       0x10 lib/libbootloader.a(boot_stub.c.obj)
 .debug_ranges  0x0000000000000148       0x28 lib/libbootloader.a(boot_delay.c.obj)
 .debug_ranges  0x0000000000000170      0x158 lib/libbootloader.a(boot_mem.c.obj)
 .debug_ranges  0x00000000000002c8      0x1b8 lib/libbootloader.a(boot_spi_flash.c.obj)
 .debug_ranges  0x0000000000000480       0x50 lib/libbootloader.a(boot_debuguart.c.obj)
 .debug_ranges  0x00000000000004d0       0x38 lib/libbootloader.a(boot_trace.c.obj)
 .debug_ranges  0x0000000000000508      0x138 lib/libbootloader.a(boot_fdl.c.obj)
 .debug_ranges  0x0000000000000640      0x148 lib/libbootloader.a(boot_irq.c.obj)
 .debug_ranges  0x0000000000000788       0x20 lib/libbootloader.a(boot_timer.c.obj)
 .debug_ranges  0x00000000000007a8       0xc8 lib/libbootloader.a(boot_uart.c.obj)
 .debug_ranges  0x0000000000000870       0xb0 lib/libhal.a(hal_clock_init.c.obj)
 .debug_ranges  0x0000000000000920      0x270 lib/libhal.a(hal_chip_8910.c.obj)
 .debug_ranges  0x0000000000000b90       0x40 lib/libhal.a(hal_delay.c.obj)
 .debug_ranges  0x0000000000000bd0       0x18 lib/libhal.a(hal_reg_apply.c.obj)
 .debug_ranges  0x0000000000000be8       0x88 lib/libhal.a(hal_chip.c.obj)
 .debug_ranges  0x0000000000000c70       0x70 lib/libhal.a(hal_adi_bus.c.obj)
 .debug_ranges  0x0000000000000ce0       0x30 lib/libhal.a(hal_hwspinlock.c.obj)
 .debug_ranges  0x0000000000000d10      0x560 lib/libhal.a(hal_spi_flash.c.obj)
 .debug_ranges  0x0000000000001270       0xc8 lib/libhal.a(hal_blue_screen.c.obj)
 .debug_ranges  0x0000000000001338      0x630 lib/libosi_lib.a(osi_log.c.obj)

.debug_line     0x0000000000000000     0x508d
 .debug_line    0x0000000000000000      0x3f6 components/bootloader/CMakeFiles/flash_test_fdl.dir/flash_test_fdl/flash_test_main.c.obj
 .debug_line    0x00000000000003f6      0x2ac lib/libbootloader.a(boot_platform_8910.c.obj)
 .debug_line    0x00000000000006a2       0xce lib/libbootloader.a(boot_entry_v7a.S.obj)
 .debug_line    0x0000000000000770       0xf6 lib/libbootloader.a(boot_stub.c.obj)
 .debug_line    0x0000000000000866      0x164 lib/libbootloader.a(boot_delay.c.obj)
 .debug_line    0x00000000000009ca      0x2be lib/libbootloader.a(boot_mem.c.obj)
 .debug_line    0x0000000000000c88      0x537 lib/libbootloader.a(boot_spi_flash.c.obj)
 .debug_line    0x00000000000011bf      0x202 lib/libbootloader.a(boot_debuguart.c.obj)
 .debug_line    0x00000000000013c1      0x17b lib/libbootloader.a(boot_trace.c.obj)
 .debug_line    0x000000000000153c      0x4d7 lib/libbootloader.a(boot_fdl.c.obj)
 .debug_line    0x0000000000001a13      0x398 lib/libbootloader.a(boot_irq.c.obj)
 .debug_line    0x0000000000001dab      0x256 lib/libbootloader.a(boot_timer.c.obj)
 .debug_line    0x0000000000002001      0x3cf lib/libbootloader.a(boot_uart.c.obj)
 .debug_line    0x00000000000023d0      0x519 lib/libhal.a(hal_clock_init.c.obj)
 .debug_line    0x00000000000028e9      0x721 lib/libhal.a(hal_chip_8910.c.obj)
 .debug_line    0x000000000000300a      0x13a lib/libhal.a(hal_delay.c.obj)
 .debug_line    0x0000000000003144      0x194 lib/libhal.a(hal_reg_apply.c.obj)
 .debug_line    0x00000000000032d8      0x1b4 lib/libhal.a(hal_chip.c.obj)
 .debug_line    0x000000000000348c      0x2ab lib/libhal.a(hal_adi_bus.c.obj)
 .debug_line    0x0000000000003737      0x182 lib/libhal.a(hal_hwspinlock.c.obj)
 .debug_line    0x00000000000038b9      0x9fb lib/libhal.a(hal_spi_flash.c.obj)
 .debug_line    0x00000000000042b4      0x486 lib/libhal.a(hal_blue_screen.c.obj)
 .debug_line    0x000000000000473a      0x953 lib/libosi_lib.a(osi_log.c.obj)

.debug_str      0x0000000000000000     0xfa44
 .debug_str     0x0000000000000000     0x1524 components/bootloader/CMakeFiles/flash_test_fdl.dir/flash_test_fdl/flash_test_main.c.obj
                                       0x15fc (size before relaxing)
 .debug_str     0x0000000000001524     0x2108 lib/libbootloader.a(boot_platform_8910.c.obj)
                                       0x2315 (size before relaxing)
 .debug_str     0x000000000000362c       0x40 lib/libbootloader.a(boot_entry_v7a.S.obj)
                                         0x86 (size before relaxing)
 .debug_str     0x000000000000366c       0xd5 lib/libbootloader.a(boot_stub.c.obj)
                                        0x2cd (size before relaxing)
 .debug_str     0x0000000000003741      0x17a lib/libbootloader.a(boot_delay.c.obj)
                                        0x382 (size before relaxing)
 .debug_str     0x00000000000038bb      0x1c4 lib/libbootloader.a(boot_mem.c.obj)
                                        0x491 (size before relaxing)
 .debug_str     0x0000000000003a7f      0x678 lib/libbootloader.a(boot_spi_flash.c.obj)
                                        0xdf2 (size before relaxing)
 .debug_str     0x00000000000040f7      0x329 lib/libbootloader.a(boot_debuguart.c.obj)
                                        0x5a5 (size before relaxing)
 .debug_str     0x0000000000004420       0x80 lib/libbootloader.a(boot_trace.c.obj)
                                        0x2d4 (size before relaxing)
 .debug_str     0x00000000000044a0      0x1f5 lib/libbootloader.a(boot_fdl.c.obj)
                                       0x1536 (size before relaxing)
 .debug_str     0x0000000000004695      0xb02 lib/libbootloader.a(boot_irq.c.obj)
                                       0x1104 (size before relaxing)
 .debug_str     0x0000000000005197      0x143 lib/libbootloader.a(boot_timer.c.obj)
                                        0xf90 (size before relaxing)
 .debug_str     0x00000000000052da      0x3dc lib/libbootloader.a(boot_uart.c.obj)
                                        0xab5 (size before relaxing)
 .debug_str     0x00000000000056b6     0x6698 lib/libhal.a(hal_clock_init.c.obj)
                                       0x7851 (size before relaxing)
 .debug_str     0x000000000000bd4e     0x1d9f lib/libhal.a(hal_chip_8910.c.obj)
                                       0x308f (size before relaxing)
 .debug_str     0x000000000000daed       0xdb lib/libhal.a(hal_delay.c.obj)
                                        0x3f8 (size before relaxing)
 .debug_str     0x000000000000dbc8       0x5c lib/libhal.a(hal_reg_apply.c.obj)
                                        0x284 (size before relaxing)
 .debug_str     0x000000000000dc24       0xd0 lib/libhal.a(hal_chip.c.obj)
                                        0x3ea (size before relaxing)
 .debug_str     0x000000000000dcf4      0x4c3 lib/libhal.a(hal_adi_bus.c.obj)
                                        0x86d (size before relaxing)
 .debug_str     0x000000000000e1b7      0x318 lib/libhal.a(hal_hwspinlock.c.obj)
                                        0x5a8 (size before relaxing)
 .debug_str     0x000000000000e4cf      0xa5c lib/libhal.a(hal_spi_flash.c.obj)
                                       0x15b9 (size before relaxing)
 .debug_str     0x000000000000ef2b      0x617 lib/libhal.a(hal_blue_screen.c.obj)
                                        0xd00 (size before relaxing)
 .debug_str     0x000000000000f542      0x502 lib/libosi_lib.a(osi_log.c.obj)
                                       0x14e8 (size before relaxing)

.debug_frame    0x0000000000000000     0x1b64
 .debug_frame   0x0000000000000000       0x60 components/bootloader/CMakeFiles/flash_test_fdl.dir/flash_test_fdl/flash_test_main.c.obj
 .debug_frame   0x0000000000000060       0xe0 lib/libbootloader.a(boot_platform_8910.c.obj)
 .debug_frame   0x0000000000000140       0x20 lib/libbootloader.a(boot_stub.c.obj)
 .debug_frame   0x0000000000000160       0x50 lib/libbootloader.a(boot_delay.c.obj)
 .debug_frame   0x00000000000001b0      0x170 lib/libbootloader.a(boot_mem.c.obj)
 .debug_frame   0x0000000000000320      0x1ec lib/libbootloader.a(boot_spi_flash.c.obj)
 .debug_frame   0x000000000000050c       0x58 lib/libbootloader.a(boot_debuguart.c.obj)
 .debug_frame   0x0000000000000564       0x5c lib/libbootloader.a(boot_trace.c.obj)
 .debug_frame   0x00000000000005c0      0x1d8 lib/libbootloader.a(boot_fdl.c.obj)
 .debug_frame   0x0000000000000798       0xb0 lib/libbootloader.a(boot_irq.c.obj)
 .debug_frame   0x0000000000000848       0x48 lib/libbootloader.a(boot_timer.c.obj)
 .debug_frame   0x0000000000000890      0x150 lib/libbootloader.a(boot_uart.c.obj)
 .debug_frame   0x00000000000009e0      0x138 lib/libhal.a(hal_clock_init.c.obj)
 .debug_frame   0x0000000000000b18      0x230 lib/libhal.a(hal_chip_8910.c.obj)
 .debug_frame   0x0000000000000d48       0x5c lib/libhal.a(hal_delay.c.obj)
 .debug_frame   0x0000000000000da4       0x5c lib/libhal.a(hal_reg_apply.c.obj)
 .debug_frame   0x0000000000000e00       0xf4 lib/libhal.a(hal_chip.c.obj)
 .debug_frame   0x0000000000000ef4       0xe0 lib/libhal.a(hal_adi_bus.c.obj)
 .debug_frame   0x0000000000000fd4       0x6c lib/libhal.a(hal_hwspinlock.c.obj)
 .debug_frame   0x0000000000001040      0x4cc lib/libhal.a(hal_spi_flash.c.obj)
 .debug_frame   0x000000000000150c       0xcc lib/libhal.a(hal_blue_screen.c.obj)
 .debug_frame   0x00000000000015d8      0x56c lib/libosi_lib.a(osi_log.c.obj)
 .debug_frame   0x0000000000001b44       0x20 ../../prebuilts/linux/gcc-arm-none-eabi/bin/../lib/gcc/arm-none-eabi/7.2.1/thumb/v7-ar/fpv3/hard/libgcc.a(_udivsi3.o)
